> Task :app:checkKotlinGradlePluginConfigurationErrors SKIPPED
> Task :app:preBuild UP-TO-DATE
> Task :app:preDebugBuild UP-TO-DATE
> Task :app:generateDebugBuildConfig UP-TO-DATE
> Task :app:checkDebugAarMetadata UP-TO-DATE
> Task :app:processDebugNavigationResources UP-TO-DATE
> Task :app:compileDebugNavigationResources UP-TO-DATE
> Task :app:generateDebugResValues UP-TO-DATE
> Task :app:mapDebugSourceSetPaths UP-TO-DATE
> Task :app:generateDebugResources UP-TO-DATE
> Task :app:mergeDebugResources UP-TO-DATE
> Task :app:packageDebugResources UP-TO-DATE
> Task :app:parseDebugLocalResources UP-TO-DATE
> Task :app:createDebugCompatibleScreenManifests UP-TO-DATE
> Task :app:extractDeepLinksDebug UP-TO-DATE
> Task :app:processDebugMainManifest UP-TO-DATE
> Task :app:processDebugManifest UP-TO-DATE
> Task :app:processDebugManifestForPackage UP-TO-DATE
> Task :app:processDebugResources UP-TO-DATE
> Task :app:kspDebugKotlin

> Task :app:compileDebugKotlin
w: file:///C:/Users/dasbl/AndroidStudioProjects/VitruvianRedux/app/src/main/java/com/example/vitruvianredux/presentation/screen/ActiveWorkoutScreen.kt:217:60 'fun ConnectionErrorDialog(message: String, onDismiss: () -> Unit, onRetry: (() -> Unit)? = ...): Unit' is deprecated. Use ConnectionErrorBottomSheet instead.
w: file:///C:/Users/dasbl/AndroidStudioProjects/VitruvianRedux/app/src/main/java/com/example/vitruvianredux/presentation/screen/AnalyticsScreen.kt:255:64 'fun ConnectionErrorDialog(message: String, onDismiss: () -> Unit, onRetry: (() -> Unit)? = ...): Unit' is deprecated. Use ConnectionErrorBottomSheet instead.
w: file:///C:/Users/dasbl/AndroidStudioProjects/VitruvianRedux/app/src/main/java/com/example/vitruvianredux/presentation/screen/ConnectionLogsScreen.kt:281:60 'fun ConnectionErrorDialog(message: String, onDismiss: () -> Unit, onRetry: (() -> Unit)? = ...): Unit' is deprecated. Use ConnectionErrorBottomSheet instead.
w: file:///C:/Users/dasbl/AndroidStudioProjects/VitruvianRedux/app/src/main/java/com/example/vitruvianredux/presentation/screen/HistoryAndSettingsTabs.kt:1405:60 'fun ConnectionErrorDialog(message: String, onDismiss: () -> Unit, onRetry: (() -> Unit)? = ...): Unit' is deprecated. Use ConnectionErrorBottomSheet instead.
w: file:///C:/Users/dasbl/AndroidStudioProjects/VitruvianRedux/app/src/main/java/com/example/vitruvianredux/presentation/screen/HomeScreen.kt:213:64 'fun ConnectionErrorDialog(message: String, onDismiss: () -> Unit, onRetry: (() -> Unit)? = ...): Unit' is deprecated. Use ConnectionErrorBottomSheet instead.
w: file:///C:/Users/dasbl/AndroidStudioProjects/VitruvianRedux/app/src/main/java/com/example/vitruvianredux/presentation/screen/ProgramBuilderScreen.kt:413:60 'fun ConnectionErrorDialog(message: String, onDismiss: () -> Unit, onRetry: (() -> Unit)? = ...): Unit' is deprecated. Use ConnectionErrorBottomSheet instead.

BUILD SUCCESSFUL in 9s
18 actionable tasks: 2 executed, 16 up-to-date
