11-19 18:03:50.355  6778  6865 D BleRepositoryImpl$connectToDevice: BleRepository forwarding monitor metric: pos=(0,0)
11-19 18:03:50.356  6778  6778 V MainViewModel: Monitor metric received in ViewModel: pos=(0,0)
11-19 18:03:50.428  6778  6778 D VitruvianBLE: gatt.readCharacteristic(90e991a6-c548-44ed-969b-eb541014eae3)
11-19 18:03:50.458  6778  6778 I VitruvianBLE: Read Response received from 90e991a6-c548-44ed-969b-eb541014eae3, value: (0x) 18-55-08-00-00-00-00-00-FA-00-00-00-00-00-FA-00-00-00-00-00-00-00-00-00-00-00
11-19 18:03:50.459  6778  6778 D VitruvianBleManager$startMonitorPolling: Monitor read callback fired!
11-19 18:03:50.460  6778  6778 V VitruvianBleManager: handleMonitorData called
11-19 18:03:50.460  6778  6778 V VitruvianBleManager: Emitted metric to flow: success=true, subscribers=1
11-19 18:03:50.461  6778  7980 D BleRepositoryImpl$connectToDevice: BleRepository forwarding monitor metric: pos=(0,0)
11-19 18:03:50.462  6778  6778 V MainViewModel: Monitor metric received in ViewModel: pos=(0,0)
11-19 18:03:50.531  6778  6778 D VitruvianBLE: gatt.readCharacteristic(90e991a6-c548-44ed-969b-eb541014eae3)
11-19 18:03:50.563  6778  6778 I VitruvianBLE: Read Response received from 90e991a6-c548-44ed-969b-eb541014eae3, value: (0x) 7C-55-08-00-00-00-00-00-FA-00-00-00-FF-FF-FA-00-00-00-00-01-00-00-00-00-00-00
11-19 18:03:50.564  6778  6778 D VitruvianBleManager$startMonitorPolling: Monitor read callback fired!
11-19 18:03:50.564  6778  6778 V VitruvianBleManager: handleMonitorData called
11-19 18:03:50.565  6778  6778 V VitruvianBleManager: Emitted metric to flow: success=true, subscribers=1
11-19 18:03:50.566  6778  7980 D BleRepositoryImpl$connectToDevice: BleRepository forwarding monitor metric: pos=(0,0)
11-19 18:03:50.567  6778  6778 V MainViewModel: Monitor metric received in ViewModel: pos=(0,0)
11-19 18:03:50.635  6778  6778 D VitruvianBLE: gatt.readCharacteristic(90e991a6-c548-44ed-969b-eb541014eae3)
11-19 18:03:50.652   922  2733 I bthal.activity: bt_power: LeAdvStat: 18:03:49:652 - 18:03:50:652, duration: 1000, le_adv_count: 1, total_le_adv_count: 89066, total_event_count: 5256
11-19 18:03:50.668  6778  6778 I VitruvianBLE: Read Response received from 90e991a6-c548-44ed-969b-eb541014eae3, value: (0x) E0-55-08-00-00-00-00-00-FA-00-00-00-00-00-FA-00-00-00-00-0E-00-00-00-00-00-00
11-19 18:03:50.669  6778  6778 D VitruvianBleManager$startMonitorPolling: Monitor read callback fired!
11-19 18:03:50.669  6778  6778 V VitruvianBleManager: handleMonitorData called
11-19 18:03:50.670  6778  6778 D ConnectionLogger: [BLE] DATA_RECEIVED [Vee_0000943D_386F6480]: Monitor data | PosA=0, PosB=0, LoadA=2.5kg, LoadB=2.5kg
11-19 18:03:50.671  6778  6778 V VitruvianBleManager: Emitted metric to flow: success=true, subscribers=1
11-19 18:03:50.671  6778  7980 D BleRepositoryImpl$connectToDevice: BleRepository forwarding monitor metric: pos=(0,0)
11-19 18:03:50.673  6778  6778 V MainViewModel: Monitor metric received in ViewModel: pos=(0,0)
11-19 18:03:50.738  6778  6778 D VitruvianBLE: gatt.readCharacteristic(90e991a6-c548-44ed-969b-eb541014eae3)
11-19 18:03:50.773  6778  6778 I VitruvianBLE: Read Response received from 90e991a6-c548-44ed-969b-eb541014eae3, value: (0x) 44-56-08-00-00-00-01-00-FA-00-00-00-00-00-FA-00-00-00-00-24-00-00-00-00-00-00
11-19 18:03:50.774  6778  6778 D VitruvianBleManager$startMonitorPolling: Monitor read callback fired!
11-19 18:03:50.775  6778  6778 V VitruvianBleManager: handleMonitorData called
11-19 18:03:50.775  6778  6778 V VitruvianBleManager: Emitted metric to flow: success=true, subscribers=1
11-19 18:03:50.776  6778  7980 D BleRepositoryImpl$connectToDevice: BleRepository forwarding monitor metric: pos=(0,0)
11-19 18:03:50.777  6778  6778 V MainViewModel: Monitor metric received in ViewModel: pos=(0,0)
11-19 18:03:50.842  6778  6778 D VitruvianBLE: gatt.readCharacteristic(90e991a6-c548-44ed-969b-eb541014eae3)
11-19 18:03:50.878  6778  6778 I VitruvianBLE: Read Response received from 90e991a6-c548-44ed-969b-eb541014eae3, value: (0x) BC-56-08-00-00-00-00-00-FA-00-00-00-00-00-FA-00-00-00-00-49-00-00-00-00-00-00
11-19 18:03:50.879  6778  6778 D VitruvianBleManager$startMonitorPolling: Monitor read callback fired!
11-19 18:03:50.879  6778  6778 V VitruvianBleManager: handleMonitorData called
11-19 18:03:50.880  6778  6778 V VitruvianBleManager: Emitted metric to flow: success=true, subscribers=1
11-19 18:03:50.880  6778  6863 D BleRepositoryImpl$connectToDevice: BleRepository forwarding monitor metric: pos=(0,0)
11-19 18:03:50.882  6778  6778 V MainViewModel: Monitor metric received in ViewModel: pos=(0,0)
11-19 18:03:50.945  6778  6778 D VitruvianBLE: gatt.readCharacteristic(90e991a6-c548-44ed-969b-eb541014eae3)
11-19 18:03:50.968  6778  6778 I VitruvianBLE: Read Response received from 90e991a6-c548-44ed-969b-eb541014eae3, value: (0x) 0C-57-08-00-00-00-00-00-FA-00-00-00-00-00-FA-00-00-00-00-66-00-00-00-00-00-00
11-19 18:03:50.969  6778  6778 D VitruvianBleManager$startMonitorPolling: Monitor read callback fired!
11-19 18:03:50.969  6778  6778 V VitruvianBleManager: handleMonitorData called
11-19 18:03:50.970  6778  6778 V VitruvianBleManager: Emitted metric to flow: success=true, subscribers=1
11-19 18:03:50.970  6778  6863 D BleRepositoryImpl$connectToDevice: BleRepository forwarding monitor metric: pos=(0,0)
11-19 18:03:50.971  6778  6778 V MainViewModel: Monitor metric received in ViewModel: pos=(0,0)
11-19 18:03:51.049  6778  6778 D VitruvianBLE: gatt.readCharacteristic(90e991a6-c548-44ed-969b-eb541014eae3)
11-19 18:03:51.073  6778  6778 I VitruvianBLE: Read Response received from 90e991a6-c548-44ed-969b-eb541014eae3, value: (0x) 70-57-08-00-00-00-01-00-FA-00-00-00-00-00-FA-00-00-00-00-8C-00-00-00-00-00-00
11-19 18:03:51.074  6778  6778 D VitruvianBleManager$startMonitorPolling: Monitor read callback fired!
11-19 18:03:51.075  6778  6778 V VitruvianBleManager: handleMonitorData called
11-19 18:03:51.075  6778  6778 V VitruvianBleManager: Emitted metric to flow: success=true, subscribers=1
11-19 18:03:51.076  6778  6863 D BleRepositoryImpl$connectToDevice: BleRepository forwarding monitor metric: pos=(0,0)
11-19 18:03:51.077  6778  6778 V MainViewModel: Monitor metric received in ViewModel: pos=(0,0)
11-19 18:03:51.104 19106 20110 I NearbyDiscovery: (REDACTED) BloomFilterAdvManager: Detected bloom filter but too far away, ignoring. %sm, %s
11-19 18:03:51.152  6778  6778 D VitruvianBLE: gatt.readCharacteristic(90e991a6-c548-44ed-969b-eb541014eae3)
11-19 18:03:51.178  6778  6778 I VitruvianBLE: Read Response received from 90e991a6-c548-44ed-969b-eb541014eae3, value: (0x) E8-57-08-00-00-00-00-00-FA-00-00-00-00-00-FA-00-00-00-00-B8-00-00-00-00-00-00
11-19 18:03:51.179  6778  6778 D VitruvianBleManager$startMonitorPolling: Monitor read callback fired!
11-19 18:03:51.179  6778  6778 V VitruvianBleManager: handleMonitorData called
11-19 18:03:51.180  6778  6778 V VitruvianBleManager: Emitted metric to flow: success=true, subscribers=1
11-19 18:03:51.180  6778  7980 D BleRepositoryImpl$connectToDevice: BleRepository forwarding monitor metric: pos=(0,0)
11-19 18:03:51.181  6778  6778 V MainViewModel: Monitor metric received in ViewModel: pos=(0,0)
11-19 18:03:51.191  6778  6778 D VitruvianBLE: gatt.readCharacteristic(c7b73007-b245-4503-a1ed-9e4e97eb9802)
11-19 18:03:51.224  6778  6778 I VitruvianBLE: Read Response received from c7b73007-b245-4503-a1ed-9e4e97eb9802, value: (0x) 00-00-00-00-00-00-00-00-00-00-00-00-00-00-00-00-00-00-00-00-00-00-00-00-00-00-00-00-00-00-00-00-00-00-00-00-00-00-00-00-00-00-00-00-00-00-00-00-00-00-00-00-00-00-00-00-00-00-00-00-00-00-00-00-00-00-00-00-00-00-00-00-00-00-00-00-00-00-00-00-00-00-00-00-00-00-00-00-00-00-00-00-00-00-00-00-00
11-19 18:03:51.225  6778  7980 V BleRepositoryImpl$connectToDevice: BleRepository forwarding heuristic data: HeuristicStatistics(concentric=HeuristicPhaseStatistics(kgAvg=0.0, kgMax=0.0, velAvg=0.0, velMax=0.0, wattAvg=0.0, wattMax=0.0), eccentric=HeuristicPhaseStatistics(kgAvg=0.0, kgMax=0.0, velAvg=0.0, velMax=0.0, wattAvg=0.0, wattMax=0.0), timestamp=1763593431224)
11-19 18:03:51.255  6778  6778 D VitruvianBLE: gatt.readCharacteristic(90e991a6-c548-44ed-969b-eb541014eae3)
11-19 18:03:51.299  6778  6778 I VitruvianBLE: Read Response received from 90e991a6-c548-44ed-969b-eb541014eae3, value: (0x) 60-58-08-00-00-00-00-00-FA-00-00-00-00-00-FA-00-00-00-00-DD-00-00-00-00-00-00
11-19 18:03:51.299  6778  6778 D VitruvianBleManager$startMonitorPolling: Monitor read callback fired!
11-19 18:03:51.300  6778  6778 V VitruvianBleManager: handleMonitorData called
11-19 18:03:51.300  6778  6778 V VitruvianBleManager: Emitted metric to flow: success=true, subscribers=1
11-19 18:03:51.301  6778  7980 D BleRepositoryImpl$connectToDevice: BleRepository forwarding monitor metric: pos=(0,0)
11-19 18:03:51.302  6778  6778 V MainViewModel: Monitor metric received in ViewModel: pos=(0,0)
11-19 18:03:51.359  6778  6778 D VitruvianBLE: gatt.readCharacteristic(90e991a6-c548-44ed-969b-eb541014eae3)
11-19 18:03:51.406  6778  6778 I VitruvianBLE: Read Response received from 90e991a6-c548-44ed-969b-eb541014eae3, value: (0x) B0-58-08-00-00-00-01-00-FA-00-00-00-00-00-FA-00-00-00-00-EF-00-00-00-00-00-00
11-19 18:03:51.406  6778  6778 D VitruvianBleManager$startMonitorPolling: Monitor read callback fired!
11-19 18:03:51.407  6778  6778 V VitruvianBleManager: handleMonitorData called
11-19 18:03:51.407  6778  6778 V VitruvianBleManager: Emitted metric to flow: success=true, subscribers=1
11-19 18:03:51.408  6778  6863 D BleRepositoryImpl$connectToDevice: BleRepository forwarding monitor metric: pos=(0,0)
11-19 18:03:51.409  6778  6778 V MainViewModel: Monitor metric received in ViewModel: pos=(0,0)
11-19 18:03:51.462  6778  6778 D VitruvianBLE: gatt.readCharacteristic(90e991a6-c548-44ed-969b-eb541014eae3)
11-19 18:03:51.494  6778  6778 I VitruvianBLE: Read Response received from 90e991a6-c548-44ed-969b-eb541014eae3, value: (0x) 14-59-08-00-00-00-00-00-FA-00-00-00-00-00-FA-00-00-00-00-FC-00-00-00-00-00-00
11-19 18:03:51.495  6778  6778 D VitruvianBleManager$startMonitorPolling: Monitor read callback fired!
11-19 18:03:51.495  6778  6778 V VitruvianBleManager: handleMonitorData called
11-19 18:03:51.496  6778  6778 V VitruvianBleManager: Emitted metric to flow: success=true, subscribers=1
11-19 18:03:51.497  6778  7980 D BleRepositoryImpl$connectToDevice: BleRepository forwarding monitor metric: pos=(0,0)
11-19 18:03:51.497  6778  6778 V MainViewModel: Monitor metric received in ViewModel: pos=(0,0)
11-19 18:03:51.566  6778  6778 D VitruvianBLE: gatt.readCharacteristic(90e991a6-c548-44ed-969b-eb541014eae3)
11-19 18:03:51.598  6778  6778 I VitruvianBLE: Read Response received from 90e991a6-c548-44ed-969b-eb541014eae3, value: (0x) 8C-59-08-00-00-00-00-00-FA-00-00-00-00-00-FA-00-00-00-00-FD-00-00-00-00-00-00
11-19 18:03:51.599  6778  6778 D VitruvianBleManager$startMonitorPolling: Monitor read callback fired!
11-19 18:03:51.600  6778  6778 V VitruvianBleManager: handleMonitorData called
11-19 18:03:51.600  6778  6778 V VitruvianBleManager: Emitted metric to flow: success=true, subscribers=1
11-19 18:03:51.601  6778  6863 D BleRepositoryImpl$connectToDevice: BleRepository forwarding monitor metric: pos=(0,0)
11-19 18:03:51.602  6778  6778 V MainViewModel: Monitor metric received in ViewModel: pos=(0,0)
11-19 18:03:51.671  6778  6778 D VitruvianBLE: gatt.readCharacteristic(90e991a6-c548-44ed-969b-eb541014eae3)
11-19 18:03:51.704  6778  6778 I VitruvianBLE: Read Response received from 90e991a6-c548-44ed-969b-eb541014eae3, value: (0x) F0-59-08-00-00-00-FF-FF-FA-00-00-00-00-00-FA-00-00-00-00-F2-00-00-00-00-00-00
11-19 18:03:51.705  6778  6778 D VitruvianBleManager$startMonitorPolling: Monitor read callback fired!
11-19 18:03:51.705  6778  6778 V VitruvianBleManager: handleMonitorData called
11-19 18:03:51.706  6778  6778 D ConnectionLogger: [BLE] DATA_RECEIVED [Vee_0000943D_386F6480]: Monitor data | PosA=0, PosB=0, LoadA=2.5kg, LoadB=2.5kg
11-19 18:03:51.707  6778  6778 V VitruvianBleManager: Emitted metric to flow: success=true, subscribers=1
11-19 18:03:51.708  6778  7980 D BleRepositoryImpl$connectToDevice: BleRepository forwarding monitor metric: pos=(0,0)
11-19 18:03:51.709  6778  6778 V MainViewModel: Monitor metric received in ViewModel: pos=(0,0)
11-19 18:03:51.775  6778  6778 D VitruvianBLE: gatt.readCharacteristic(90e991a6-c548-44ed-969b-eb541014eae3)
11-19 18:03:51.809  6778  6778 I VitruvianBLE: Read Response received from 90e991a6-c548-44ed-969b-eb541014eae3, value: (0x) 54-5A-08-00-00-00-00-00-FA-00-00-00-00-00-FA-00-00-00-00-DC-00-00-00-00-00-00
11-19 18:03:51.810  6778  6778 D VitruvianBleManager$startMonitorPolling: Monitor read callback fired!
11-19 18:03:51.810  6778  6778 V VitruvianBleManager: handleMonitorData called
11-19 18:03:51.811  6778  6778 V VitruvianBleManager: Emitted metric to flow: success=true, subscribers=1
11-19 18:03:51.812  6778  6863 D BleRepositoryImpl$connectToDevice: BleRepository forwarding monitor metric: pos=(0,0)
11-19 18:03:51.813  6778  6778 V MainViewModel: Monitor metric received in ViewModel: pos=(0,0)
11-19 18:03:51.878  6778  6778 D VitruvianBLE: gatt.readCharacteristic(90e991a6-c548-44ed-969b-eb541014eae3)
11-19 18:03:51.914  6778  6778 I VitruvianBLE: Read Response received from 90e991a6-c548-44ed-969b-eb541014eae3, value: (0x) B8-5A-08-00-00-00-00-00-FA-00-00-00-00-00-FA-00-00-00-00-BE-00-00-00-00-00-00
11-19 18:03:51.914  6778  6778 D VitruvianBleManager$startMonitorPolling: Monitor read callback fired!
11-19 18:03:51.915  6778  6778 V VitruvianBleManager: handleMonitorData called
11-19 18:03:51.915  6778  6778 V VitruvianBleManager: Emitted metric to flow: success=true, subscribers=1
11-19 18:03:51.916  6778  7981 D BleRepositoryImpl$connectToDevice: BleRepository forwarding monitor metric: pos=(0,0)
11-19 18:03:51.917  6778  6778 V MainViewModel: Monitor metric received in ViewModel: pos=(0,0)
11-19 18:03:51.981  6778  6778 D VitruvianBLE: gatt.readCharacteristic(90e991a6-c548-44ed-969b-eb541014eae3)
11-19 18:03:52.019  6778  6778 I VitruvianBLE: Read Response received from 90e991a6-c548-44ed-969b-eb541014eae3, value: (0x) 30-5B-08-00-00-00-00-00-FA-00-00-00-00-00-FA-00-00-00-00-93-00-00-00-00-00-00
11-19 18:03:52.020  6778  6778 D VitruvianBleManager$startMonitorPolling: Monitor read callback fired!
11-19 18:03:52.020  6778  6778 V VitruvianBleManager: handleMonitorData called
11-19 18:03:52.021  6778  6778 V VitruvianBleManager: Emitted metric to flow: success=true, subscribers=1
11-19 18:03:52.021  6778  6863 D BleRepositoryImpl$connectToDevice: BleRepository forwarding monitor metric: pos=(0,0)
11-19 18:03:52.022  6778  6778 V MainViewModel: Monitor metric received in ViewModel: pos=(0,0)
11-19 18:03:52.084  6778  6778 D VitruvianBLE: gatt.readCharacteristic(90e991a6-c548-44ed-969b-eb541014eae3)
11-19 18:03:52.098   922  2733 I bthal.activity: bt_power: LeAdvStat: 18:03:51:096 - 18:03:52:098, duration: 1001, le_adv_count: 2, total_le_adv_count: 89068, total_event_count: 5272
11-19 18:03:52.108  6778  6778 I VitruvianBLE: Read Response received from 90e991a6-c548-44ed-969b-eb541014eae3, value: (0x) 80-5B-08-00-00-00-FF-FF-FA-00-00-00-00-00-FA-00-00-00-00-74-00-00-00-00-00-00
11-19 18:03:52.109  6778  6778 D VitruvianBleManager$startMonitorPolling: Monitor read callback fired!
11-19 18:03:52.109  6778  6778 V VitruvianBleManager: handleMonitorData called
11-19 18:03:52.110  6778  6778 V VitruvianBleManager: Emitted metric to flow: success=true, subscribers=1
11-19 18:03:52.110  6778  7981 D BleRepositoryImpl$connectToDevice: BleRepository forwarding monitor metric: pos=(0,0)
11-19 18:03:52.111  6778  6778 V MainViewModel: Monitor metric received in ViewModel: pos=(0,0)
11-19 18:03:52.187  6778  6778 D VitruvianBLE: gatt.readCharacteristic(90e991a6-c548-44ed-969b-eb541014eae3)
11-19 18:03:52.214  6778  6778 I VitruvianBLE: Read Response received from 90e991a6-c548-44ed-969b-eb541014eae3, value: (0x) E4-5B-08-00-00-00-00-00-FA-00-00-00-00-00-FA-00-00-00-00-4F-00-00-00-00-00-00
11-19 18:03:52.214  6778  6778 D VitruvianBLE: gatt.readCharacteristic(c7b73007-b245-4503-a1ed-9e4e97eb9802)
11-19 18:03:52.216  6778  6778 D VitruvianBleManager$startMonitorPolling: Monitor read callback fired!
11-19 18:03:52.217  6778  6778 V VitruvianBleManager: handleMonitorData called
11-19 18:03:52.217  6778  6778 V VitruvianBleManager: Emitted metric to flow: success=true, subscribers=1
11-19 18:03:52.218  6778  6863 D BleRepositoryImpl$connectToDevice: BleRepository forwarding monitor metric: pos=(0,0)
11-19 18:03:52.219  6778  6778 V MainViewModel: Monitor metric received in ViewModel: pos=(0,0)
11-19 18:03:52.244  6778  6778 I VitruvianBLE: Read Response received from c7b73007-b245-4503-a1ed-9e4e97eb9802, value: (0x) 00-00-00-00-00-00-00-00-00-00-00-00-00-00-00-00-00-00-00-00-00-00-00-00-00-00-00-00-00-00-00-00-00-00-00-00-00-00-00-00-00-00-00-00-00-00-00-00-00-00-00-00-00-00-00-00-00-00-00-00-00-00-00-00-00-00-00-00-00-00-00-00-00-00-00-00-00-00-00-00-00-00-00-00-00-00-00-00-00-00-00-00-00-00-00-00-00
11-19 18:03:52.246  6778  7981 V BleRepositoryImpl$connectToDevice: BleRepository forwarding heuristic data: HeuristicStatistics(concentric=HeuristicPhaseStatistics(kgAvg=0.0, kgMax=0.0, velAvg=0.0, velMax=0.0, wattAvg=0.0, wattMax=0.0), eccentric=HeuristicPhaseStatistics(kgAvg=0.0, kgMax=0.0, velAvg=0.0, velMax=0.0, wattAvg=0.0, wattMax=0.0), timestamp=1763593432245)
11-19 18:03:52.289  6778  6778 D VitruvianBLE: gatt.readCharacteristic(90e991a6-c548-44ed-969b-eb541014eae3)
11-19 18:03:52.302 19106 20110 I NearbyDiscovery: (REDACTED) BloomFilterAdvManager: Detected bloom filter but too far away, ignoring. %sm, %s
11-19 18:03:52.318  6778  6778 I VitruvianBLE: Read Response received from 90e991a6-c548-44ed-969b-eb541014eae3, value: (0x) 5C-5C-08-00-00-00-FF-FF-FA-00-00-00-00-00-FA-00-00-00-00-29-00-00-00-00-00-00
11-19 18:03:52.319  6778  6778 D VitruvianBleManager$startMonitorPolling: Monitor read callback fired!
11-19 18:03:52.319  6778  6778 V VitruvianBleManager: handleMonitorData called
11-19 18:03:52.320  6778  6778 V VitruvianBleManager: Emitted metric to flow: success=true, subscribers=1
11-19 18:03:52.320  6778  7981 D BleRepositoryImpl$connectToDevice: BleRepository forwarding monitor metric: pos=(0,0)
11-19 18:03:52.321  6778  6778 V MainViewModel: Monitor metric received in ViewModel: pos=(0,0)
11-19 18:03:52.392  6778  6778 D VitruvianBLE: gatt.readCharacteristic(90e991a6-c548-44ed-969b-eb541014eae3)
11-19 18:03:52.424  6778  6778 I VitruvianBLE: Read Response received from 90e991a6-c548-44ed-969b-eb541014eae3, value: (0x) C0-5C-08-00-00-00-00-00-FA-00-00-00-FF-FF-FA-00-00-00-00-11-00-00-00-00-00-00
11-19 18:03:52.424  6778  6778 D VitruvianBleManager$startMonitorPolling: Monitor read callback fired!
11-19 18:03:52.425  6778  6778 V VitruvianBleManager: handleMonitorData called
11-19 18:03:52.425  6778  6778 V VitruvianBleManager: Emitted metric to flow: success=true, subscribers=1
11-19 18:03:52.426  6778  7981 D BleRepositoryImpl$connectToDevice: BleRepository forwarding monitor metric: pos=(0,0)
11-19 18:03:52.427  6778  6778 V MainViewModel: Monitor metric received in ViewModel: pos=(0,0)
11-19 18:03:52.495  6778  6778 D VitruvianBLE: gatt.readCharacteristic(90e991a6-c548-44ed-969b-eb541014eae3)
11-19 18:03:52.529  6778  6778 I VitruvianBLE: Read Response received from 90e991a6-c548-44ed-969b-eb541014eae3, value: (0x) 24-5D-08-00-00-00-00-00-FA-00-00-00-00-00-FA-00-00-00-00-03-00-00-00-00-00-00
11-19 18:03:52.530  6778  6778 D VitruvianBleManager$startMonitorPolling: Monitor read callback fired!
11-19 18:03:52.530  6778  6778 V VitruvianBleManager: handleMonitorData called
11-19 18:03:52.531  6778  6778 V VitruvianBleManager: Emitted metric to flow: success=true, subscribers=1
11-19 18:03:52.531  6778  6863 D BleRepositoryImpl$connectToDevice: BleRepository forwarding monitor metric: pos=(0,0)
11-19 18:03:52.532  6778  6778 V MainViewModel: Monitor metric received in ViewModel: pos=(0,0)
11-19 18:03:52.598  6778  6778 D VitruvianBLE: gatt.readCharacteristic(90e991a6-c548-44ed-969b-eb541014eae3)
11-19 18:03:52.634  6778  6778 I VitruvianBLE: Read Response received from 90e991a6-c548-44ed-969b-eb541014eae3, value: (0x) 88-5D-08-00-00-00-FF-FF-FA-00-00-00-00-00-FA-00-00-00-00-00-00-00-00-00-00-00
11-19 18:03:52.635  6778  6778 D VitruvianBleManager$startMonitorPolling: Monitor read callback fired!
11-19 18:03:52.635  6778  6778 V VitruvianBleManager: handleMonitorData called
11-19 18:03:52.636  6778  6778 V VitruvianBleManager: Emitted metric to flow: success=true, subscribers=1
11-19 18:03:52.636  6778  6863 D BleRepositoryImpl$connectToDevice: BleRepository forwarding monitor metric: pos=(0,0)
11-19 18:03:52.637  6778  6778 V MainViewModel: Monitor metric received in ViewModel: pos=(0,0)
11-19 18:03:52.702  6778  6778 D VitruvianBLE: gatt.readCharacteristic(90e991a6-c548-44ed-969b-eb541014eae3)
11-19 18:03:52.738  6778  6778 I VitruvianBLE: Read Response received from 90e991a6-c548-44ed-969b-eb541014eae3, value: (0x) 00-5E-08-00-00-00-00-00-FA-00-00-00-00-00-FA-00-00-00-00-0B-00-00-00-00-00-00
11-19 18:03:52.739  6778  6778 D VitruvianBleManager$startMonitorPolling: Monitor read callback fired!
11-19 18:03:52.739  6778  6778 V VitruvianBleManager: handleMonitorData called
11-19 18:03:52.740  6778  6778 D ConnectionLogger: [BLE] DATA_RECEIVED [Vee_0000943D_386F6480]: Monitor data | PosA=0, PosB=0, LoadA=2.5kg, LoadB=2.5kg
11-19 18:03:52.741  6778  6863 D BleRepositoryImpl$connectToDevice: BleRepository forwarding monitor metric: pos=(0,0)
11-19 18:03:52.742  6778  6778 V VitruvianBleManager: Emitted metric to flow: success=true, subscribers=1
11-19 18:03:52.743  6778  6778 V MainViewModel: Monitor metric received in ViewModel: pos=(0,0)
11-19 18:03:52.806  6778  6778 D VitruvianBLE: gatt.readCharacteristic(90e991a6-c548-44ed-969b-eb541014eae3)
11-19 18:03:52.828  6778  6778 I VitruvianBLE: Read Response received from 90e991a6-c548-44ed-969b-eb541014eae3, value: (0x) 50-5E-08-00-00-00-01-00-FA-00-00-00-00-00-FA-00-00-00-00-1B-00-00-00-00-00-00
11-19 18:03:52.829  6778  6778 D VitruvianBleManager$startMonitorPolling: Monitor read callback fired!
11-19 18:03:52.829  6778  6778 V VitruvianBleManager: handleMonitorData called
11-19 18:03:52.830  6778  6778 V VitruvianBleManager: Emitted metric to flow: success=true, subscribers=1
11-19 18:03:52.830  6778  7981 D BleRepositoryImpl$connectToDevice: BleRepository forwarding monitor metric: pos=(0,0)
11-19 18:03:52.832  6778  6778 V MainViewModel: Monitor metric received in ViewModel: pos=(0,0)
11-19 18:03:52.908  6778  6778 D VitruvianBLE: gatt.readCharacteristic(90e991a6-c548-44ed-969b-eb541014eae3)
11-19 18:03:52.934  6778  6778 I VitruvianBLE: Read Response received from 90e991a6-c548-44ed-969b-eb541014eae3, value: (0x) B4-5E-08-00-00-00-00-00-FA-00-00-00-00-00-FA-00-00-00-00-37-00-00-00-00-00-00
11-19 18:03:52.935  6778  6778 D VitruvianBleManager$startMonitorPolling: Monitor read callback fired!
11-19 18:03:52.935  6778  6778 V VitruvianBleManager: handleMonitorData called
11-19 18:03:52.936  6778  6778 V VitruvianBleManager: Emitted metric to flow: success=true, subscribers=1
11-19 18:03:52.936  6778  6863 D BleRepositoryImpl$connectToDevice: BleRepository forwarding monitor metric: pos=(0,0)
11-19 18:03:52.937  6778  6778 V MainViewModel: Monitor metric received in ViewModel: pos=(0,0)
11-19 18:03:53.012  6778  6778 D VitruvianBLE: gatt.readCharacteristic(90e991a6-c548-44ed-969b-eb541014eae3)
11-19 18:03:53.039  6778  6778 I VitruvianBLE: Read Response received from 90e991a6-c548-44ed-969b-eb541014eae3, value: (0x) 2C-5F-08-00-00-00-00-00-FA-00-00-00-01-00-FA-00-00-00-00-61-00-00-00-00-00-00
11-19 18:03:53.040  6778  6778 D VitruvianBleManager$startMonitorPolling: Monitor read callback fired!
11-19 18:03:53.040  6778  6778 V VitruvianBleManager: handleMonitorData called
11-19 18:03:53.041  6778  6778 V VitruvianBleManager: Emitted metric to flow: success=true, subscribers=1
11-19 18:03:53.041  6778  6863 D BleRepositoryImpl$connectToDevice: BleRepository forwarding monitor metric: pos=(0,0)
11-19 18:03:53.042  6778  6778 V MainViewModel: Monitor metric received in ViewModel: pos=(0,0)
11-19 18:03:53.115  6778  6778 D VitruvianBLE: gatt.readCharacteristic(90e991a6-c548-44ed-969b-eb541014eae3)
11-19 18:03:53.143  6778  6778 I VitruvianBLE: Read Response received from 90e991a6-c548-44ed-969b-eb541014eae3, value: (0x) 90-5F-08-00-00-00-00-00-FA-00-00-00-00-00-FA-00-00-00-00-87-00-00-00-00-00-00
11-19 18:03:53.144  6778  6778 D VitruvianBleManager$startMonitorPolling: Monitor read callback fired!
11-19 18:03:53.144  6778  6778 V VitruvianBleManager: handleMonitorData called
11-19 18:03:53.145  6778  6778 V VitruvianBleManager: Emitted metric to flow: success=true, subscribers=1
11-19 18:03:53.146  6778  7981 D BleRepositoryImpl$connectToDevice: BleRepository forwarding monitor metric: pos=(0,0)
11-19 18:03:53.147  6778  6778 V MainViewModel: Monitor metric received in ViewModel: pos=(0,0)
11-19 18:03:53.194  6778  6778 D VitruvianBLE: gatt.readCharacteristic(c7b73007-b245-4503-a1ed-9e4e97eb9802)
11-19 18:03:53.219  6778  6778 I VitruvianBLE: Read Response received from c7b73007-b245-4503-a1ed-9e4e97eb9802, value: (0x) 00-00-00-00-00-00-00-00-00-00-00-00-00-00-00-00-00-00-00-00-00-00-00-00-00-00-00-00-00-00-00-00-00-00-00-00-00-00-00-00-00-00-00-00-00-00-00-00-00-00-00-00-00-00-00-00-00-00-00-00-00-00-00-00-00-00-00-00-00-00-00-00-00-00-00-00-00-00-00-00-00-00-00-00-00-00-00-00-00-00-00-00-00-00-00-00-00
11-19 18:03:53.219  6778  6778 D VitruvianBLE: gatt.readCharacteristic(90e991a6-c548-44ed-969b-eb541014eae3)
11-19 18:03:53.222  6778  7981 V BleRepositoryImpl$connectToDevice: BleRepository forwarding heuristic data: HeuristicStatistics(concentric=HeuristicPhaseStatistics(kgAvg=0.0, kgMax=0.0, velAvg=0.0, velMax=0.0, wattAvg=0.0, wattMax=0.0), eccentric=HeuristicPhaseStatistics(kgAvg=0.0, kgMax=0.0, velAvg=0.0, velMax=0.0, wattAvg=0.0, wattMax=0.0), timestamp=1763593433221)
11-19 18:03:53.223   971  2956 I WifiHAL : Creating message to get link statistics; iface = 47
11-19 18:03:53.248  6778  6778 I VitruvianBLE: Read Response received from 90e991a6-c548-44ed-969b-eb541014eae3, value: (0x) F4-5F-08-00-00-00-00-00-FA-00-00-00-00-00-FA-00-00-00-00-AC-00-00-00-00-00-00
11-19 18:03:53.248  6778  6778 D VitruvianBleManager$startMonitorPolling: Monitor read callback fired!
11-19 18:03:53.249  6778  6778 V VitruvianBleManager: handleMonitorData called
11-19 18:03:53.249  6778  6778 V VitruvianBleManager: Emitted metric to flow: success=true, subscribers=1
11-19 18:03:53.250  6778  7981 D BleRepositoryImpl$connectToDevice: BleRepository forwarding monitor metric: pos=(0,0)
11-19 18:03:53.251  6778  6778 V MainViewModel: Monitor metric received in ViewModel: pos=(0,0)
11-19 18:03:53.272   971  2956 I WifiHAL : index: 0 per_rate_size 32, data_rem_len 1152
11-19 18:03:53.272   971  2956 I WifiHAL : index: 1 per_rate_size 32, data_rem_len 1120
11-19 18:03:53.272   971  2956 I WifiHAL : index: 2 per_rate_size 32, data_rem_len 1088
11-19 18:03:53.272   971  2956 I WifiHAL : index: 3 per_rate_size 32, data_rem_len 1056
11-19 18:03:53.272   971  2956 I WifiHAL : index: 4 per_rate_size 32, data_rem_len 1024
11-19 18:03:53.272   971  2956 I WifiHAL : index: 5 per_rate_size 32, data_rem_len 992
11-19 18:03:53.272   971  2956 I WifiHAL : index: 6 per_rate_size 32, data_rem_len 960
11-19 18:03:53.272   971  2956 I WifiHAL : index: 7 per_rate_size 32, data_rem_len 928
11-19 18:03:53.272   971  2956 I WifiHAL : index: 8 per_rate_size 32, data_rem_len 896
11-19 18:03:53.272   971  2956 I WifiHAL : index: 9 per_rate_size 32, data_rem_len 864
11-19 18:03:53.272   971  2956 I WifiHAL : index: 10 per_rate_size 32, data_rem_len 832
11-19 18:03:53.272   971  2956 I WifiHAL : index: 11 per_rate_size 32, data_rem_len 800
11-19 18:03:53.273   971  2956 I WifiHAL : index: 12 per_rate_size 32, data_rem_len 768
11-19 18:03:53.273   971  2956 I WifiHAL : index: 13 per_rate_size 32, data_rem_len 736
11-19 18:03:53.273   971  2956 I WifiHAL : index: 14 per_rate_size 32, data_rem_len 704
11-19 18:03:53.273   971  2956 I WifiHAL : index: 15 per_rate_size 32, data_rem_len 672
11-19 18:03:53.273   971  2956 I WifiHAL : index: 16 per_rate_size 32, data_rem_len 640
11-19 18:03:53.273   971  2956 I WifiHAL : index: 17 per_rate_size 32, data_rem_len 608
11-19 18:03:53.273   971  2956 I WifiHAL : index: 18 per_rate_size 32, data_rem_len 576
11-19 18:03:53.273   971  2956 I WifiHAL : index: 19 per_rate_size 32, data_rem_len 544
11-19 18:03:53.273   971  2956 I WifiHAL : index: 20 per_rate_size 32, data_rem_len 512
11-19 18:03:53.273   971  2956 I WifiHAL : index: 21 per_rate_size 32, data_rem_len 480
11-19 18:03:53.273   971  2956 I WifiHAL : index: 22 per_rate_size 32, data_rem_len 448
11-19 18:03:53.273   971  2956 I WifiHAL : index: 23 per_rate_size 32, data_rem_len 416
11-19 18:03:53.273   971  2956 I WifiHAL : index: 24 per_rate_size 32, data_rem_len 384
11-19 18:03:53.273   971  2956 I WifiHAL : index: 25 per_rate_size 32, data_rem_len 352
11-19 18:03:53.273   971  2956 I WifiHAL : index: 26 per_rate_size 32, data_rem_len 320
11-19 18:03:53.273   971  2956 I WifiHAL : index: 27 per_rate_size 32, data_rem_len 288
11-19 18:03:53.273   971  2956 I WifiHAL : index: 28 per_rate_size 32, data_rem_len 256
11-19 18:03:53.273   971  2956 I WifiHAL : index: 29 per_rate_size 32, data_rem_len 224
11-19 18:03:53.273   971  2956 I WifiHAL : index: 30 per_rate_size 32, data_rem_len 192
11-19 18:03:53.273   971  2956 I WifiHAL : index: 31 per_rate_size 32, data_rem_len 160
11-19 18:03:53.273   971  2956 I WifiHAL : index: 32 per_rate_size 32, data_rem_len 128
11-19 18:03:53.273   971  2956 I WifiHAL : index: 33 per_rate_size 32, data_rem_len 96
11-19 18:03:53.273   971  2956 I WifiHAL : index: 34 per_rate_size 32, data_rem_len 64
11-19 18:03:53.273   971  2956 I WifiHAL : index: 35 per_rate_size 32, data_rem_len 32
11-19 18:03:53.275   971  2956 I WifiHAL : Getting cached scan results, iface handle = 0xb4000070e08aa2d0
11-19 18:03:53.275   971  2956 E WifiHAL : Creating message to get cached scan results
11-19 18:03:53.280   971  2956 I WifiHAL : In GetCachedScanResultsCommand::handleResponse
11-19 18:03:53.297   922  2733 I bthal.activity: bt_power: LeAdvStat: 18:03:52:296 - 18:03:53:296, duration: 1000, le_adv_count: 2, total_le_adv_count: 89070, total_event_count: 5286
11-19 18:03:53.319  6778  6778 D VitruvianBLE: gatt.readCharacteristic(90e991a6-c548-44ed-969b-eb541014eae3)
11-19 18:03:53.331  1473  2120 D ConnectivityService: NetReassign [no changes] [c 5] [a 4] [i 7]
11-19 18:03:53.353  6778  6778 I VitruvianBLE: Read Response received from 90e991a6-c548-44ed-969b-eb541014eae3, value: (0x) 58-60-08-00-00-00-00-00-FA-00-00-00-00-00-FA-00-00-00-00-CD-00-00-00-00-00-00
11-19 18:03:53.355  6778  6778 D VitruvianBleManager$startMonitorPolling: Monitor read callback fired!
11-19 18:03:53.355  6778  6778 V VitruvianBleManager: handleMonitorData called
11-19 18:03:53.356  6778  6778 V VitruvianBleManager: Emitted metric to flow: success=true, subscribers=1
11-19 18:03:53.356  6778  7981 D BleRepositoryImpl$connectToDevice: BleRepository forwarding monitor metric: pos=(0,0)
11-19 18:03:53.357  6778  6778 V MainViewModel: Monitor metric received in ViewModel: pos=(0,0)
11-19 18:03:53.422  6778  6778 D VitruvianBLE: gatt.readCharacteristic(90e991a6-c548-44ed-969b-eb541014eae3)
11-19 18:03:53.458  6778  6778 I VitruvianBLE: Read Response received from 90e991a6-c548-44ed-969b-eb541014eae3, value: (0x) D0-60-08-00-00-00-00-00-FA-00-00-00-00-00-FA-00-00-00-00-EC-00-00-00-00-00-00
11-19 18:03:53.459  6778  6778 D VitruvianBleManager$startMonitorPolling: Monitor read callback fired!
11-19 18:03:53.459  6778  6778 V VitruvianBleManager: handleMonitorData called
11-19 18:03:53.460  6778  6778 V VitruvianBleManager: Emitted metric to flow: success=true, subscribers=1
11-19 18:03:53.460  6778  7981 D BleRepositoryImpl$connectToDevice: BleRepository forwarding monitor metric: pos=(0,0)
11-19 18:03:53.461  6778  6778 V MainViewModel: Monitor metric received in ViewModel: pos=(0,0)
11-19 18:03:53.525  6778  6778 D VitruvianBLE: gatt.readCharacteristic(90e991a6-c548-44ed-969b-eb541014eae3)
11-19 18:03:53.564  6778  6778 I VitruvianBLE: Read Response received from 90e991a6-c548-44ed-969b-eb541014eae3, value: (0x) 34-61-08-00-00-00-00-00-FA-00-00-00-FF-FF-FA-00-00-00-00-FB-00-00-00-00-00-00
11-19 18:03:53.565  6778  6778 D VitruvianBleManager$startMonitorPolling: Monitor read callback fired!
11-19 18:03:53.565  6778  6778 V VitruvianBleManager: handleMonitorData called
11-19 18:03:53.566  6778  6778 V VitruvianBleManager: Emitted metric to flow: success=true, subscribers=1
11-19 18:03:53.566  6778  6863 D BleRepositoryImpl$connectToDevice: BleRepository forwarding monitor metric: pos=(0,0)
11-19 18:03:53.567  6778  6778 V MainViewModel: Monitor metric received in ViewModel: pos=(0,0)
11-19 18:03:53.629  6778  6778 D VitruvianBLE: gatt.readCharacteristic(90e991a6-c548-44ed-969b-eb541014eae3)
11-19 18:03:53.654  6778  6778 I VitruvianBLE: Read Response received from 90e991a6-c548-44ed-969b-eb541014eae3, value: (0x) 84-61-08-00-00-00-FF-FF-FA-00-00-00-00-00-FA-00-00-00-00-FE-00-00-00-00-00-00
11-19 18:03:53.655  6778  6778 D VitruvianBleManager$startMonitorPolling: Monitor read callback fired!
11-19 18:03:53.655  6778  6778 V VitruvianBleManager: handleMonitorData called
11-19 18:03:53.656  6778  6778 V VitruvianBleManager: Emitted metric to flow: success=true, subscribers=1
11-19 18:03:53.656  6778  6863 D BleRepositoryImpl$connectToDevice: BleRepository forwarding monitor metric: pos=(0,0)
11-19 18:03:53.657  6778  6778 V MainViewModel: Monitor metric received in ViewModel: pos=(0,0)
11-19 18:03:53.734  6778  6778 D VitruvianBLE: gatt.readCharacteristic(90e991a6-c548-44ed-969b-eb541014eae3)
11-19 18:03:53.758  6778  6778 I VitruvianBLE: Read Response received from 90e991a6-c548-44ed-969b-eb541014eae3, value: (0x) FC-61-08-00-00-00-00-00-FA-00-00-00-00-00-FA-00-00-00-00-F7-00-00-00-00-00-00
11-19 18:03:53.759  6778  6778 D VitruvianBleManager$startMonitorPolling: Monitor read callback fired!
11-19 18:03:53.759  6778  6778 V VitruvianBleManager: handleMonitorData called
11-19 18:03:53.760  6778  6778 D ConnectionLogger: [BLE] DATA_RECEIVED [Vee_0000943D_386F6480]: Monitor data | PosA=0, PosB=0, LoadA=2.5kg, LoadB=2.5kg
11-19 18:03:53.761  6778  6778 V VitruvianBleManager: Emitted metric to flow: success=true, subscribers=1
11-19 18:03:53.762  6778  6863 D BleRepositoryImpl$connectToDevice: BleRepository forwarding monitor metric: pos=(0,0)
11-19 18:03:53.763  6778  6778 V MainViewModel: Monitor metric received in ViewModel: pos=(0,0)
11-19 18:03:53.785 20365 20367 I pixel-thermal: VIRTUAL-SKIN-SPEAKER:34.2588 raw data: VIRTUAL-SKIN-SPEAKER:34258.8 VIRTUAL-SKIN-SPEAKER-SUB-0:34258.8 btmspkr_therm:30125 charging_therm:31572 disp_therm:30058 north_therm:33197 quiet_therm:31260 rfpa_therm:31015 soc_therm:31750 usb_pwr_therm:30236 
11-19 18:03:53.793 20365 20367 I pixel-thermal: north_therm:33.197 raw data: north_therm:33197 
11-19 18:03:53.794 20365 20367 I pixel-thermal: Power data LPM_ACTIVE_RAILS_TRANS is under collecting
11-19 18:03:53.794 20365 20367 I pixel-thermal: ShutdownModePowerTrans data is under collecting
11-19 18:03:53.794 20365 20367 I pixel-thermal: Thermal sensor ShutdownModePowerTrans is under collecting
11-19 18:03:53.794 20365 20367 I pixel-thermal: thermalWatcherCallbackFunc: data under collecting for sensor: ShutdownModePowerTrans
11-19 18:03:53.794 20365 20367 I pixel-thermal: VIRTUAL-SKIN-MODEL: model_input: [30125.00 31572.00 30058.00 33197.00 31260.00 31015.00 31750.00 30236.00 ]
11-19 18:03:53.795 20365 20367 I native  : I0000 00:00:1763593433.794941   20367 thermal_tflite_wrapper.cc:261] ThermalTfliteInvoke
11-19 18:03:53.795 20365 20367 I pixel-thermal: VIRTUAL-SKIN-MODEL: model_output: [28913.9 ]
11-19 18:03:53.795 20365 20367 I pixel-thermal: VIRTUAL-SKIN-MODEL: predicted_value: [28913.9 ]
11-19 18:03:53.795 20365 20367 I pixel-thermal: Power data LPM_ACTIVE_RAILS_TRANS is under collecting
11-19 18:03:53.795 20365 20367 I pixel-thermal: ShutdownModePowerTrans data is under collecting
11-19 18:03:53.795 20365 20367 I pixel-thermal: Thermal sensor ShutdownModePowerTrans is under collecting
11-19 18:03:53.795 20365 20367 I pixel-thermal: Power data LPM_ACTIVE_RAILS_STEADY is under collecting
11-19 18:03:53.795 20365 20367 I pixel-thermal: ShutdownModePowerSteady data is under collecting
11-19 18:03:53.795 20365 20367 I pixel-thermal: Thermal sensor ShutdownModePowerSteady is under collecting
11-19 18:03:53.795 20365 20367 I pixel-thermal: VIRTUAL-SKIN:28.9365 raw data: VIRTUAL-SKIN:28936.5 VIRTUAL-SKIN-LEGACY:30552.9 VIRTUAL-SKIN-LEGACY-MODEL-DIFF:1638.96 VIRTUAL-SKIN-LEGACY-SHUTDOWN:0 VIRTUAL-SKIN-MODEL:28913.9 VIRTUAL-SKIN-MODEL-CLAMPED:28913.9 VIRTUAL-SKIN-MODEL-LEGACY-DIFF:-1638.96 VIRTUAL-SKIN-MODEL-UPDATED:28936.5 VIRTUAL-SKIN-MODEL-UPPER-CLAMPED:28913.9 VIRTUAL-SKIN-SUB-0:26388.6 VIRTUAL-SKIN-SUB-1:28788.2 VIRTUAL-SKIN-SUB-2:30507.2 VIRTUAL-SKIN-SUB-3:29861.5 VIRTUAL-SKIN-SUB-4:27599.4 VIRTUAL-SKIN-SUB-5:29996.6 VIRTUAL-SKIN-SUB-6:30552.9 VT_LEGACY_WEIGHT:0 VT_MODEL_WEIGHT:1 btmspkr_therm:30125 charging_therm:31572 disp_therm:30058 north_therm:33197 quiet_therm:31260 rfpa_therm:31015 soc_therm:31750 usb_pwr_therm:30236 
11-19 18:03:53.796 20365 20367 I pixel-thermal: VIRTUAL-SKIN-LSTM-MODEL: model_input: [33197.00 31750.00 31572.00 30058.00 31260.00 30236.00 31015.00 30125.00 ]
11-19 18:03:53.796 20365 20367 I native  : I0000 00:00:1763593433.796194   20367 thermal_tflite_wrapper.cc:261] ThermalTfliteInvoke
11-19 18:03:53.797 20365 20367 I pixel-thermal: VIRTUAL-SKIN-LSTM-MODEL: model_output: [30074.2 30053.6 30040.9 30035 30037.1 30042.6 ]
11-19 18:03:53.797 20365 20367 I pixel-thermal: VIRTUAL-SKIN-LSTM-MODEL: predicted_value: [30074.2 30053.6 30040.9 30035 30037.1 30042.6 ]
11-19 18:03:53.797 20365 20367 I pixel-thermal: STATS-UPDATOR-LSTM:0 raw data: LSTM-VT-PREDICTION-14SEC-BACK:30153.2 LSTM-VT-PREDICTION-21SEC-BACK:30241.2 LSTM-VT-PREDICTION-28SEC-BACK:30273.7 LSTM-VT-PREDICTION-35SEC-BACK:30400.3 LSTM-VT-PREDICTION-7SEC-BACK:30151.9 LSTM-VT-PREDICTION-ERROR-14SEC:78.9824 LSTM-VT-PREDICTION-ERROR-21SEC:166.973 LSTM-VT-PREDICTION-ERROR-28SEC:199.428 LSTM-VT-PREDICTION-ERROR-35SEC:326.107 LSTM-VT-PREDICTION-ERROR-7SEC:77.6992 LSTM-VT-PREDICTION-NOW:30074.2 STATS-UPDATOR-LSTM:0 VIRTUAL-SKIN-LSTM-MODEL:30074.2 btmspkr_therm:30125 charging_therm:31572 disp_therm:30058 north_therm:33197 quiet_therm:31260 rfpa_therm:31015 soc_therm:31750 usb_pwr_therm:30236 
11-19 18:03:53.797 20365 20367 I pixel-thermal: STATS-UPDATOR:0 raw data: STATS-UPDATOR:0 VIRTUAL-SKIN-LEGACY:30552.9 VIRTUAL-SKIN-MODEL:28913.9 VIRTUAL-SKIN-MODEL-LEGACY-DIFF:-1638.96 
11-19 18:03:53.798 20365 20367 I pixel-thermal: VIRTUAL-SKIN-CHARGE-WIRED:30.5529 raw data: NO_WLC:1 VIRTUAL-SKIN-CHARGE:30552.9 VIRTUAL-SKIN-CHARGE-SUB-0:26388.6 VIRTUAL-SKIN-CHARGE-SUB-1:27599.4 VIRTUAL-SKIN-CHARGE-SUB-2:29860.9 VIRTUAL-SKIN-CHARGE-SUB-3:30355 VIRTUAL-SKIN-CHARGE-SUB-4:29889.4 VIRTUAL-SKIN-CHARGE-SUB-5:30552.9 VIRTUAL-SKIN-CHARGE-WIRED:30552.9 WLC_CHECK:1 btmspkr_therm:30125 charging_therm:31572 disp_therm:30058 north_therm:33197 quiet_therm:31260 rfpa_therm:31015 soc_therm:31750 thb_hda:0 usb_pwr_therm:30236 
11-19 18:03:53.799 20365 20367 I pixel-thermal: VIRTUAL-SKIN-HINT:28.9365 raw data: VIRTUAL-SKIN:28936.5 VIRTUAL-SKIN-HINT:28936.5 
11-19 18:03:53.799 20365 20367 I pixel-thermal: VIRTUAL-SKIN-CPU-LIGHT-ODPM:28.9365 raw data: VIRTUAL-SKIN:28936.5 VIRTUAL-SKIN-CPU-LIGHT-ODPM:28936.5 
11-19 18:03:53.799 20365 20367 I pixel-thermal: VIRTUAL-SKIN-GPU:28.9365 raw data: VIRTUAL-SKIN:28936.5 VIRTUAL-SKIN-GPU:28936.5 
11-19 18:03:53.799 20365 20367 I pixel-thermal: VIRTUAL-SKIN-CPU-MID:28.9365 raw data: VIRTUAL-SKIN:28936.5 VIRTUAL-SKIN-CPU-MID:28936.5 
11-19 18:03:53.799 20365 20367 I pixel-thermal: VIRTUAL-SKIN-CPU-ODPM:28.9365 raw data: VIRTUAL-SKIN:28936.5 VIRTUAL-SKIN-CPU-ODPM:28936.5 
11-19 18:03:53.799 20365 20367 I pixel-thermal: VIRTUAL-SKIN-CPU-HIGH:28.9365 raw data: VIRTUAL-SKIN:28936.5 VIRTUAL-SKIN-CPU-HIGH:28936.5 
11-19 18:03:53.799 20365 20367 I pixel-thermal: VIRTUAL-SKIN-SOC:28.9365 raw data: VIRTUAL-SKIN:28936.5 VIRTUAL-SKIN-SOC:28936.5 
11-19 18:03:53.799 20365 20367 I pixel-thermal: cellular-emergency:28.9365 raw data: VIRTUAL-SKIN:28936.5 cellular-emergency:28936.5 
11-19 18:03:53.800 20365 20367 I pixel-thermal: CHARGING-STATS-UPDATOR:0 raw data: CHARGING-STATS-UPDATOR:0 IS_WIRED_15W:0 IS_WIRED_15W_CHECK:1 IS_WIRED_18W:0 IS_WIRED_18W_CHECK:1 IS_WIRED_5W:0 IS_WIRED_5W_CHECK:1 IS_WIRED_7_5W:0 IS_WIRED_7_5W_CHECK:1 IS_WIRED_GT18W:0 IS_WIRED_GT18W_CHECK:1 IS_WIRED_SUB5W:0 IS_WIRED_SUB5W_CHECK:1 IS_WLC:0 NO_WIRED_15W:1 NO_WIRED_18W:1 NO_WIRED_5W:1 NO_WIRED_7_5W:1 NO_WIRED_GT18W:1 NO_WIRED_SUB5W:1 NO_WLC:1 VIRTUAL-SKIN-CHARGE:30552.9 VIRTUAL-SKIN-CHARGE-DURING-WIRED-15W-STATS:-1e+06 VIRTUAL-SKIN-CHARGE-DURING-WIRED-18W-STATS:-1e+06 VIRTUAL-SKIN-CHARGE-DURING-WIRED-5W-STATS:-1e+06 VIRTUAL-SKIN-CHARGE-DURING-WIRED-7-5W-STATS:-1e+06 VIRTUAL-SKIN-CHARGE-DURING-WIRED-GT18W-STATS:-1e+06 VIRTUAL-SKIN-CHARGE-DURING-WIRED-SUB5W-STATS:-1e+06 VIRTUAL-SKIN-CHARGE-DURING-WLC-STATS:-1e+06 WLC_CHECK:1 thb_hda:0 
11-19 18:03:53.800 20365 20367 I pixel-thermal: VIRTUAL-SKIN-CHARGE-PERSIST:30.5529 raw data: VIRTUAL-SKIN-CHARGE:30552.9 VIRTUAL-SKIN-CHARGE-PERSIST:30552.9 
11-19 18:03:53.800 20365 20367 I pixel-thermal: Power data LPM_ACTIVE_RAILS_STEADY is under collecting
11-19 18:03:53.800 20365 20367 I pixel-thermal: ShutdownModePowerSteady data is under collecting
11-19 18:03:53.800 20365 20367 I pixel-thermal: Thermal sensor ShutdownModePowerSteady is under collecting
11-19 18:03:53.800 20365 20367 I pixel-thermal: thermalWatcherCallbackFunc: data under collecting for sensor: ShutdownModePowerSteady
11-19 18:03:53.837  6778  6778 D VitruvianBLE: gatt.readCharacteristic(90e991a6-c548-44ed-969b-eb541014eae3)
11-19 18:03:53.863  6778  6778 I VitruvianBLE: Read Response received from 90e991a6-c548-44ed-969b-eb541014eae3, value: (0x) 60-62-08-00-00-00-00-00-FA-00-00-00-00-00-FA-00-00-00-00-E4-00-00-00-00-00-00
11-19 18:03:53.865  6778  6778 D VitruvianBleManager$startMonitorPolling: Monitor read callback fired!
11-19 18:03:53.865  6778  6778 V VitruvianBleManager: handleMonitorData called
11-19 18:03:53.866  6778  6778 V VitruvianBleManager: Emitted metric to flow: success=true, subscribers=1
11-19 18:03:53.866  6778  6863 D BleRepositoryImpl$connectToDevice: BleRepository forwarding monitor metric: pos=(0,0)
11-19 18:03:53.868  6778  6778 V MainViewModel: Monitor metric received in ViewModel: pos=(0,0)
11-19 18:03:53.941  6778  6778 D VitruvianBLE: gatt.readCharacteristic(90e991a6-c548-44ed-969b-eb541014eae3)
11-19 18:03:53.969  6778  6778 I VitruvianBLE: Read Response received from 90e991a6-c548-44ed-969b-eb541014eae3, value: (0x) C4-62-08-00-00-00-00-00-FA-00-00-00-00-00-FA-00-00-00-00-C9-00-00-00-00-00-00
11-19 18:03:53.969  6778  6778 D VitruvianBleManager$startMonitorPolling: Monitor read callback fired!
11-19 18:03:53.970  6778  6778 V VitruvianBleManager: handleMonitorData called
11-19 18:03:53.970  6778  6778 V VitruvianBleManager: Emitted metric to flow: success=true, subscribers=1
11-19 18:03:53.971  6778  6863 D BleRepositoryImpl$connectToDevice: BleRepository forwarding monitor metric: pos=(0,0)
11-19 18:03:53.972  6778  6778 V MainViewModel: Monitor metric received in ViewModel: pos=(0,0)
11-19 18:03:54.044  6778  6778 D VitruvianBLE: gatt.readCharacteristic(90e991a6-c548-44ed-969b-eb541014eae3)
11-19 18:03:54.074  6778  6778 I VitruvianBLE: Read Response received from 90e991a6-c548-44ed-969b-eb541014eae3, value: (0x) 28-63-08-00-00-00-00-00-FA-00-00-00-00-00-FA-00-00-00-00-A7-00-00-00-00-00-00
11-19 18:03:54.075  6778  6778 D VitruvianBleManager$startMonitorPolling: Monitor read callback fired!
11-19 18:03:54.075  6778  6778 V VitruvianBleManager: handleMonitorData called
11-19 18:03:54.076  6778  6778 V VitruvianBleManager: Emitted metric to flow: success=true, subscribers=1
11-19 18:03:54.076  6778  6863 D BleRepositoryImpl$connectToDevice: BleRepository forwarding monitor metric: pos=(0,0)
11-19 18:03:54.077  6778  6778 V MainViewModel: Monitor metric received in ViewModel: pos=(0,0)
11-19 18:03:54.147  6778  6778 D VitruvianBLE: gatt.readCharacteristic(90e991a6-c548-44ed-969b-eb541014eae3)
11-19 18:03:54.180  6778  6778 I VitruvianBLE: Read Response received from 90e991a6-c548-44ed-969b-eb541014eae3, value: (0x) A0-63-08-00-00-00-00-00-FA-00-00-00-00-00-FA-00-00-00-00-7A-00-00-00-00-00-00
11-19 18:03:54.181  6778  6778 D VitruvianBleManager$startMonitorPolling: Monitor read callback fired!
11-19 18:03:54.182  6778  6778 V VitruvianBleManager: handleMonitorData called
11-19 18:03:54.183  6778  6778 V VitruvianBleManager: Emitted metric to flow: success=true, subscribers=1
11-19 18:03:54.183  6778  7981 D BleRepositoryImpl$connectToDevice: BleRepository forwarding monitor metric: pos=(0,0)
11-19 18:03:54.185  6778  6778 V MainViewModel: Monitor metric received in ViewModel: pos=(0,0)
11-19 18:03:54.196  6778  6778 D VitruvianBLE: gatt.readCharacteristic(c7b73007-b245-4503-a1ed-9e4e97eb9802)
11-19 18:03:54.223  6778  6778 I VitruvianBLE: Read Response received from c7b73007-b245-4503-a1ed-9e4e97eb9802, value: (0x) 00-00-00-00-00-00-00-00-00-00-00-00-00-00-00-00-00-00-00-00-00-00-00-00-00-00-00-00-00-00-00-00-00-00-00-00-00-00-00-00-00-00-00-00-00-00-00-00-00-00-00-00-00-00-00-00-00-00-00-00-00-00-00-00-00-00-00-00-00-00-00-00-00-00-00-00-00-00-00-00-00-00-00-00-00-00-00-00-00-00-00-00-00-00-00-00-00
11-19 18:03:54.225  6778  7981 V BleRepositoryImpl$connectToDevice: BleRepository forwarding heuristic data: HeuristicStatistics(concentric=HeuristicPhaseStatistics(kgAvg=0.0, kgMax=0.0, velAvg=0.0, velMax=0.0, wattAvg=0.0, wattMax=0.0), eccentric=HeuristicPhaseStatistics(kgAvg=0.0, kgMax=0.0, velAvg=0.0, velMax=0.0, wattAvg=0.0, wattMax=0.0), timestamp=1763593434224)
11-19 18:03:54.251  6778  6778 D VitruvianBLE: gatt.readCharacteristic(90e991a6-c548-44ed-969b-eb541014eae3)
11-19 18:03:54.283  6778  6778 I VitruvianBLE: Read Response received from 90e991a6-c548-44ed-969b-eb541014eae3, value: (0x) 04-64-08-00-00-00-00-00-FA-00-00-00-00-00-FA-00-00-00-00-54-00-00-00-00-00-00
11-19 18:03:54.284  6778  6778 D VitruvianBleManager$startMonitorPolling: Monitor read callback fired!
11-19 18:03:54.284  6778  6778 V VitruvianBleManager: handleMonitorData called
11-19 18:03:54.284  6778  6778 V VitruvianBleManager: Emitted metric to flow: success=true, subscribers=1
11-19 18:03:54.285  6778  7981 D BleRepositoryImpl$connectToDevice: BleRepository forwarding monitor metric: pos=(0,0)
11-19 18:03:54.286  6778  6778 V MainViewModel: Monitor metric received in ViewModel: pos=(0,0)
11-19 18:03:54.353  6778  6778 D VitruvianBLE: gatt.readCharacteristic(90e991a6-c548-44ed-969b-eb541014eae3)
11-19 18:03:54.388  6778  6778 I VitruvianBLE: Read Response received from 90e991a6-c548-44ed-969b-eb541014eae3, value: (0x) 68-64-08-00-00-00-01-00-FA-00-00-00-00-00-FA-00-00-00-00-33-00-00-00-00-00-00
11-19 18:03:54.389  6778  6778 D VitruvianBleManager$startMonitorPolling: Monitor read callback fired!
11-19 18:03:54.389  6778  6778 V VitruvianBleManager: handleMonitorData called
11-19 18:03:54.390  6778  6778 V VitruvianBleManager: Emitted metric to flow: success=true, subscribers=1
11-19 18:03:54.390  6778  7981 D BleRepositoryImpl$connectToDevice: BleRepository forwarding monitor metric: pos=(0,0)
11-19 18:03:54.392  6778  6778 V MainViewModel: Monitor metric received in ViewModel: pos=(0,0)
11-19 18:03:54.458  6778  6778 D VitruvianBLE: gatt.readCharacteristic(90e991a6-c548-44ed-969b-eb541014eae3)
11-19 18:03:54.494  6778  6778 I VitruvianBLE: Read Response received from 90e991a6-c548-44ed-969b-eb541014eae3, value: (0x) CC-64-08-00-00-00-FF-FF-FA-00-00-00-00-00-FA-00-00-00-00-18-00-00-00-00-00-00
11-19 18:03:54.495  6778  6778 D VitruvianBleManager$startMonitorPolling: Monitor read callback fired!
11-19 18:03:54.495  6778  6778 V VitruvianBleManager: handleMonitorData called
11-19 18:03:54.495  6778  6778 V VitruvianBleManager: Emitted metric to flow: success=true, subscribers=1
11-19 18:03:54.496  6778  6863 D BleRepositoryImpl$connectToDevice: BleRepository forwarding monitor metric: pos=(0,0)
11-19 18:03:54.497  6778  6778 V MainViewModel: Monitor metric received in ViewModel: pos=(0,0)
11-19 18:03:54.561  6778  6778 D VitruvianBLE: gatt.readCharacteristic(90e991a6-c548-44ed-969b-eb541014eae3)
11-19 18:03:54.598  6778  6778 I VitruvianBLE: Read Response received from 90e991a6-c548-44ed-969b-eb541014eae3, value: (0x) 44-65-08-00-00-00-01-00-FA-00-00-00-00-00-FA-00-00-00-00-04-00-00-00-00-00-00
11-19 18:03:54.599  6778  6778 D VitruvianBleManager$startMonitorPolling: Monitor read callback fired!
11-19 18:03:54.599  6778  6778 V VitruvianBleManager: handleMonitorData called
11-19 18:03:54.600  6778  6778 V VitruvianBleManager: Emitted metric to flow: success=true, subscribers=1
11-19 18:03:54.600  6778  7981 D BleRepositoryImpl$connectToDevice: BleRepository forwarding monitor metric: pos=(0,0)
11-19 18:03:54.601  6778  6778 V MainViewModel: Monitor metric received in ViewModel: pos=(0,0)
11-19 18:03:54.664  6778  6778 D VitruvianBLE: gatt.readCharacteristic(90e991a6-c548-44ed-969b-eb541014eae3)
11-19 18:03:54.688  6778  6778 I VitruvianBLE: Read Response received from 90e991a6-c548-44ed-969b-eb541014eae3, value: (0x) 94-65-08-00-00-00-00-00-FA-00-00-00-00-00-FA-00-00-00-00-00-00-00-00-00-00-00
11-19 18:03:54.689  6778  6778 D VitruvianBleManager$startMonitorPolling: Monitor read callback fired!
11-19 18:03:54.689  6778  6778 V VitruvianBleManager: handleMonitorData called
