11-17 17:53:31.178  1473  1712 I DisplayDevice: [34] Layerstack set to 34 for virtual:com.android.shell,2000,studio.screen.sharing:0,32
11-17 17:53:31.179  1473  1714 E ModeChangeObserver: Changed display not found
11-17 17:53:37.231   971  1039 I vendor.google.wifi_ext-service-vendor: Wifi: Setting SAR Scenario to 3
11-17 17:53:48.855  1473  1754 I DisplayPowerController[0]: BrightnessEvent: brt=0.032076277(57.0%), nits=67.620605, lux=27.630697, reason=automatic, strat=AutomaticBrightnessStrategy, state=ON, stateReason=DEFAULT_POLICY, policy=BRIGHT, flags=, initBrt=0.0049223043, rcmdBrt=0.032076277, preBrt=0.0049223043, preLux=0.808178, lastReadLux=27.630697, wasShortTermModelActive=false, autoBrightness=true (default), unclampedBrt=0.032076277, hbmMax=0.2922917, hbmMode=off, thrmMax=1.0, rbcStrength=35, powerFactor=1.0, physDisp=Built-in Screen(local:4619827359057144832), logicalId=0, slowChange=true, rampSpeed=0.05
11-17 17:53:48.863  1473  1714 I BrightnessSynchronizer: [2155] New Update 0.032076277(f) set brightness values:  9(i)
11-17 17:53:48.874  1473  1714 I BrightnessSynchronizer: Swallowing update of 9(i) by update: {[2155] 0.032076277(f), mUpdatedTypes=1, mConfirmedTypes=1, mTimeUpdated=71180266}
11-17 17:53:48.874  1473  1714 I BrightnessSynchronizer: Completed Update: {[2155] 0.032076277(f), mUpdatedTypes=1, mConfirmedTypes=1, mTimeUpdated=71180266}
11-17 17:53:50.844  1473  4797 D ActivityManager: sync unfroze 3544 .ShannonImsService for 7
11-17 17:53:50.848  1473  2175 D BackgroundInstallControlService: Package event received: 0
11-17 17:53:50.849  3544  3544 D ActivityThread: Package [com.example.vitruvianredux.debug] reported as REPLACED, but missing application info. Assuming REMOVED.
11-17 17:53:50.849  3544  3544 D ActivityThread: Package [com.example.vitruvianredux.debug] reported as REPLACED, but missing application info. Assuming REMOVED.
11-17 17:53:50.850  3544  3544 D ActivityThread: Package [com.example.vitruvianredux.debug] reported as REPLACED, but missing application info. Assuming REMOVED.
11-17 17:53:50.851  3544  3544 D ActivityThread: Package [com.example.vitruvianredux.debug] reported as REPLACED, but missing application info. Assuming REMOVED.
11-17 17:53:50.851  3544  3544 D ActivityThread: Package [com.example.vitruvianredux.debug] reported as REPLACED, but missing application info. Assuming REMOVED.
11-17 17:53:50.852  3544  3544 D ActivityThread: Package [com.example.vitruvianredux.debug] reported as REPLACED, but missing application info. Assuming REMOVED.
11-17 17:53:50.852  3544  3544 D ActivityThread: Package [com.example.vitruvianredux.debug] reported as REPLACED, but missing application info. Assuming REMOVED.
11-17 17:53:50.853  3544  3544 D ActivityThread: Package [com.example.vitruvianredux.debug] reported as REPLACED, but missing application info. Assuming REMOVED.
11-17 17:53:51.537  1473  2481 W AppOps  : Noting op not finished: uid 10187 pkg com.google.android.gms code 113 startTime of in progress event=1763393592325
11-17 17:53:51.560  1473  3874 W AppOps  : Noting op not finished: uid 10187 pkg com.google.android.gms code 79 startTime of in progress event=1763393592325
11-17 17:53:51.567  1473  2481 W AppOps  : Noting op not finished: uid 10187 pkg com.google.android.gms code 79 startTime of in progress event=1763393592325
11-17 17:53:51.581  1473  2481 W AppOps  : Noting op not finished: uid 10187 pkg com.google.android.gms code 113 startTime of in progress event=1763393592325
11-17 17:53:51.905  1473  1754 I DisplayPowerController[0]: BrightnessEvent: brt=0.005991889(25.0%), nits=14.258658, lux=1.0367923, reason=automatic, strat=AutomaticBrightnessStrategy, state=ON, stateReason=DEFAULT_POLICY, policy=BRIGHT, flags=, initBrt=0.032076277, rcmdBrt=0.005991889, preBrt=0.032076277, preLux=27.630697, lastReadLux=1.0367923, wasShortTermModelActive=false, autoBrightness=true (default), unclampedBrt=0.005991889, hbmMax=0.2922917, hbmMode=off, thrmMax=1.0, rbcStrength=35, powerFactor=1.0, physDisp=Built-in Screen(local:4619827359057144832), logicalId=0, slowChange=true, rampSpeed=0.05
11-17 17:53:51.910  1473  1714 I BrightnessSynchronizer: [2156] New Update 0.005991889(f) set brightness values:  3(i)
11-17 17:53:51.913  1473  1714 I BrightnessSynchronizer: Swallowing update of 3(i) by update: {[2156] 0.005991889(f), mUpdatedTypes=1, mConfirmedTypes=1, mTimeUpdated=71183313}
11-17 17:53:51.913  1473  1714 I BrightnessSynchronizer: Completed Update: {[2156] 0.005991889(f), mUpdatedTypes=1, mConfirmedTypes=1, mTimeUpdated=71183313}
11-17 17:53:52.538  1473  2481 W AppOps  : Noting op not finished: uid 10187 pkg com.google.android.gms code 113 startTime of in progress event=1763393592325
11-17 17:53:57.463  1473  1754 I DisplayPowerController[0]: BrightnessEvent: brt=7.9360406E-4(9.0%), nits=3.623633, lux=0.055179484, reason=automatic, strat=AutomaticBrightnessStrategy, state=ON, stateReason=DEFAULT_POLICY, policy=BRIGHT, flags=, initBrt=0.005991889, rcmdBrt=7.9360406E-4, preBrt=0.005991889, preLux=1.0367923, lastReadLux=0.05517948, wasShortTermModelActive=false, autoBrightness=true (default), unclampedBrt=7.9360406E-4, hbmMax=0.2922917, hbmMode=off, thrmMax=1.0, rbcStrength=35, powerFactor=1.0, physDisp=Built-in Screen(local:4619827359057144832), logicalId=0, slowChange=true, rampSpeed=0.05
11-17 17:53:57.468  1473  1714 I BrightnessSynchronizer: [2157] New Update 7.9360406E-4(f) set brightness values:  1(i)
11-17 17:53:57.472  1473  1714 I BrightnessSynchronizer: Swallowing update of 1(i) by update: {[2157] 7.9360406E-4(f), mUpdatedTypes=1, mConfirmedTypes=1, mTimeUpdated=71188870}
11-17 17:53:57.472  1473  1714 I BrightnessSynchronizer: Completed Update: {[2157] 7.9360406E-4(f), mUpdatedTypes=1, mConfirmedTypes=1, mTimeUpdated=71188870}
11-17 17:53:57.713  1473  1714 I DisplayDeviceRepository: Display device changed render timings: "Built-in Screen", renderFrameRate=60.00001, presentationDeadlineNanos=11500000, appVsyncOffsetNanos=6233328, frameRateOverrides=[{uid=10507 frameRateHz=60.00001}]
11-17 17:53:58.854  1473  1714 I DisplayDeviceRepository: Display device changed render timings: "Built-in Screen", renderFrameRate=60.00001, presentationDeadlineNanos=11500000, appVsyncOffsetNanos=6233328, frameRateOverrides=[{uid=10507 frameRateHz=60.000004}]
11-17 17:53:58.855  1473  1714 I DisplayDeviceRepository: Display device same: DisplayDeviceInfo{"Built-in Screen": uniqueId="local:4619827359057144832", 960 x 2142, modeId 3, renderFrameRate 60.00001, hasArrSupport true, frameRateCategoryRate FrameRateCategoryRate {normal=60.0, high=90.0}, supportedRefreshRates [120.00001, 60.000004, 40.0, 30.000002, 24.000002, 20.0], defaultModeId 4, userPreferredModeId -1, supportedModes [{id=1, width=1280, height=2856, fps=120.00001, vsync=240.00005, synthetic=false, alternativeRefreshRates=[], supportedHdrTypes=[2, 3, 4]}, {id=2, width=1280, height=2856, fps=120.00001, vsync=120.00001, synthetic=false, alternativeRefreshRates=[], supportedHdrTypes=[2, 3, 4]}, {id=3, width=960, height=2142, fps=120.00001, vsync=240.00005, synthetic=false, alternativeRefreshRates=[], supportedHdrTypes=[2, 3, 4]}, {id=4, width=960, height=2142, fps=120.00001, vsync=120.00001, synthetic=false, alternativeRefreshRates=[], supportedHdrTypes=[2, 3, 4]}], colorMode 0, supportedColorModes [0, 7, 9], hdrCapabilities HdrCapabilities{mSupportedHdrTypes=[2, 3, 4], mMaxLuminance=1000.0, mMaxAverageLuminance=1000.0, mMinLuminance=5.0E-4}, isForceSdr false, allmSupported false, gameContentTypeSupported false, density 360, 369.454 x 370.114 dpi, appVsyncOff 6233328, presDeadline 11500000, cutout DisplayCutout{insets=Rect(0, 153 - 0, 0) waterfall=Insets{left=0, top=0, right=0, bottom=0} boundingRect={Bounds=[Rect(0, 0 - 0, 0), Rect(440, 0 - 521, 153), Rect(0, 0 - 0, 0), Rect(0, 0 - 0, 0)]} cutoutPathParserInfo={CutoutPathParserInfo{displayWidth=960 displayHeight=2142 physicalDisplayWidth=1280 physicalDisplayHeight=2856 density={3.0} cutoutSpec={m 689,102 a 49,49 0 0 0 -98,0 49,49 0 0 0 98,0 z @left} rotation={0} scale={1.0} physicalPixelDisplaySizeRatio={0.75}}} sideOverrides={}}, touch INTERNAL, rotation 0, type INTERNAL, address {port=0, model=0x401cec81943b6c}, deviceProductInfo DeviceProductInfo{name=CM4-A0C-00, manufacturerPnpId=GGL, productId=0, modelYear=null, manufactureDate=ManufactureDate{week=1, year=1990}, connectionToSinkType=1}, state ON, committedState ON, frameRateOverride {uid=10507 frameRateHz=60.000004} , brightnessMinimum 0.0, brightnessMaximum 1.0, brightnessDefault 0.067451924, brightnessDim 0.05, hdrSdrRatio 1.0, roundedCorners RoundedCorners{[RoundedCorner{position=TopLeft, radius=118, center=Point(118, 118)}, RoundedCorner{position=TopRight, radius=118, center=Point(842, 118)}, RoundedCorner{position=BottomRight, radius=118, center=Point(842, 2024)}, RoundedCorner{position=BottomLeft, radius=118, center=Point(118, 2024)}]}, FLAG_ALLOWED_TO_BE_DEFAULT_DISPLAY, FLAG_ROTATES_WITH_CONTENT, FLAG_SECURE, FLAG_SUPPORTS_PROTECTED_BUFFERS, FLAG_TRUSTED, installOrientation 0, displayShape DisplayShape{ spec=1756299619 displayWidth=960 displayHeight=2142 physicalPixelDisplaySizeRatio=0.75 rotation=0 offsetX=0 offsetY=0 scale=1.0}}
11-17 17:53:58.864  1473  1714 I DisplayDeviceRepository: Display device changed render timings: "Built-in Screen", renderFrameRate=60.000004, presentationDeadlineNanos=11500002, appVsyncOffsetNanos=6233328, frameRateOverrides=[{uid=10507 frameRateHz=60.000004}]
11-17 17:53:58.866  1473  1712 D WindowManager: DeferredDisplayUpdater: partially applying DisplayInfo(960 x 2142) immediately
11-17 17:54:02.933  1473  4797 W AppOps  : Noting op not finished: uid 10159 pkg com.google.android.apps.scone code 79 startTime of in progress event=1763392878408
11-17 17:54:02.936  1473  4797 W AppOps  : Noting op not finished: uid 10187 pkg com.google.android.gms code 113 startTime of in progress event=1763393592325
11-17 17:54:02.940  1473  4797 W AppOps  : Noting op not finished: uid 10153 pkg com.google.android.apps.safetyhub code 79 startTime of in progress event=1763402738756
11-17 17:54:03.642  1473  2175 D BackgroundInstallControlService: Package event received: 0
11-17 17:54:03.968  1473  1714 I DisplayDeviceRepository: Display device changed render timings: "Built-in Screen", renderFrameRate=60.000004, presentationDeadlineNanos=11500002, appVsyncOffsetNanos=6233328, frameRateOverrides=[]
11-17 17:54:09.361  1473  2175 D BackgroundInstallControlService: Package event received: 0
11-17 17:54:09.374  1473  2175 D BackgroundInstallControlService: Package event received: 0
11-17 17:54:12.567   971  2956 I vendor.google.wifi_ext-service-vendor: Wifi: Resetting SAR Scenario to default
11-17 17:54:12.942  1473  2175 D BackgroundInstallControlService: Package event received: 0
11-17 17:54:15.002  1473  1725 D ActivityManager: sync unfroze 17636 net.slickdeals.android for 3
11-17 17:54:15.024  1473  2175 D BackgroundInstallControlService: Package event received: 0
11-17 17:54:16.446  1473  1714 I DisplayDeviceRepository: Display device changed render timings: "Built-in Screen", renderFrameRate=60.000004, presentationDeadlineNanos=11500002, appVsyncOffsetNanos=6233328, frameRateOverrides=[{uid=10507 frameRateHz=60.000004}]
11-17 17:54:20.612  1473  2021 I AS.FadeOutManager: unfadeOutUid() uid:10507
11-17 17:54:20.672  1473  2021 E AppOps  : attributionTag  not declared in manifest of com.example.vitruvianredux.debug
11-17 17:54:20.673  1473  2481 E AppOps  : attributionTag  not declared in manifest of com.example.vitruvianredux.debug
11-17 17:54:20.782  1473  2481 W AppOps  : Noting op not finished: uid 10507 pkg com.example.vitruvianredux.debug code 154 startTime of in progress event=1763420060674
11-17 17:54:20.784  1473  2481 I AS.FadeOutManager: unfadeOutUid() uid:10507
11-17 17:54:20.787  1473  2021 E AppOps  : attributionTag  not declared in manifest of com.example.vitruvianredux.debug
11-17 17:54:20.789  1473  2481 E AppOps  : attributionTag  not declared in manifest of com.example.vitruvianredux.debug
11-17 17:54:20.815  1473  2021 E AppOps  : attributionTag  not declared in manifest of com.example.vitruvianredux.debug
11-17 17:54:20.816  1473  2481 E AppOps  : attributionTag  not declared in manifest of com.example.vitruvianredux.debug
11-17 17:54:20.846  1473  2481 E AppOps  : attributionTag  not declared in manifest of com.example.vitruvianredux.debug
11-17 17:54:20.847  1473  2021 E AppOps  : attributionTag  not declared in manifest of com.example.vitruvianredux.debug
11-17 17:54:22.612  1473  2021 I AS.FadeOutManager: unfadeOutUid() uid:10507
11-17 17:54:22.667  1473  2481 E AppOps  : attributionTag  not declared in manifest of com.example.vitruvianredux.debug
11-17 17:54:22.667  1473  4797 E AppOps  : attributionTag  not declared in manifest of com.example.vitruvianredux.debug
11-17 17:54:22.735  1473  3874 E AppOps  : attributionTag  not declared in manifest of com.example.vitruvianredux.debug
11-17 17:54:22.736  1473  3874 E AppOps  : attributionTag  not declared in manifest of com.example.vitruvianredux.debug
11-17 17:54:22.780  1473  2021 I AS.FadeOutManager: unfadeOutUid() uid:10507
11-17 17:54:22.786  1473  3874 E AppOps  : attributionTag  not declared in manifest of com.example.vitruvianredux.debug
11-17 17:54:22.788  1473  2021 E AppOps  : attributionTag  not declared in manifest of com.example.vitruvianredux.debug
11-17 17:54:22.826  1473  2021 E AppOps  : attributionTag  not declared in manifest of com.example.vitruvianredux.debug
11-17 17:54:22.827  1473  3874 E AppOps  : attributionTag  not declared in manifest of com.example.vitruvianredux.debug
11-17 17:54:24.412  1473  3874 I AS.FadeOutManager: unfadeOutUid() uid:10507
11-17 17:54:24.465  1473  2021 E AppOps  : attributionTag  not declared in manifest of com.example.vitruvianredux.debug
11-17 17:54:24.466  1473  4797 E AppOps  : attributionTag  not declared in manifest of com.example.vitruvianredux.debug
11-17 17:54:24.537  1473  2021 E AppOps  : attributionTag  not declared in manifest of com.example.vitruvianredux.debug
11-17 17:54:24.538  1473  2021 E AppOps  : attributionTag  not declared in manifest of com.example.vitruvianredux.debug
11-17 17:54:24.576  1473  4797 I AS.FadeOutManager: unfadeOutUid() uid:10507
11-17 17:54:24.578  1473  4797 E AppOps  : attributionTag  not declared in manifest of com.example.vitruvianredux.debug
11-17 17:54:24.580  1473  4797 E AppOps  : attributionTag  not declared in manifest of com.example.vitruvianredux.debug
11-17 17:54:24.766  1473  4797 E AppOps  : attributionTag  not declared in manifest of com.example.vitruvianredux.debug
11-17 17:54:24.767  1473  4797 E AppOps  : attributionTag  not declared in manifest of com.example.vitruvianredux.debug
11-17 17:54:24.792  1473  2021 I AS.FadeOutManager: unfadeOutUid() uid:10507
11-17 17:54:24.797  1473  3874 E AppOps  : attributionTag  not declared in manifest of com.example.vitruvianredux.debug
11-17 17:54:24.800  1473  2021 E AppOps  : attributionTag  not declared in manifest of com.example.vitruvianredux.debug
11-17 17:54:24.835  1473  2021 E AppOps  : attributionTag  not declared in manifest of com.example.vitruvianredux.debug
11-17 17:54:24.837  1473  3874 E AppOps  : attributionTag  not declared in manifest of com.example.vitruvianredux.debug
11-17 17:54:24.912  1473  4797 I AS.FadeOutManager: unfadeOutUid() uid:10507
11-17 17:54:25.060  1473  2021 E AppOps  : attributionTag  not declared in manifest of com.example.vitruvianredux.debug
11-17 17:54:25.061  1473  2021 E AppOps  : attributionTag  not declared in manifest of com.example.vitruvianredux.debug
11-17 17:54:25.093  1473  2059 D ActivityManager: freezing 17636 net.slickdeals.android
11-17 17:54:25.256  1473  3874 E AppOps  : attributionTag  not declared in manifest of com.example.vitruvianredux.debug
11-17 17:54:25.258  1473  3874 E AppOps  : attributionTag  not declared in manifest of com.example.vitruvianredux.debug
11-17 17:54:25.306  1473  1725 D ActivityManager: sync unfroze 24815 com.google.android.apps.privacy.wildlife for 3
11-17 17:54:25.308  1473  2175 D BackgroundInstallControlService: Package event received: 0
11-17 17:54:26.055  1473  3874 I AS.FadeOutManager: unfadeOutUid() uid:10507
11-17 17:54:26.112  1473  4797 E AppOps  : attributionTag  not declared in manifest of com.example.vitruvianredux.debug
11-17 17:54:26.112  1473  3874 E AppOps  : attributionTag  not declared in manifest of com.example.vitruvianredux.debug
11-17 17:54:26.189  1473  4797 E AppOps  : attributionTag  not declared in manifest of com.example.vitruvianredux.debug
11-17 17:54:26.191  1473  3874 E AppOps  : attributionTag  not declared in manifest of com.example.vitruvianredux.debug
11-17 17:54:26.220  1473  2021 I AS.FadeOutManager: unfadeOutUid() uid:10507
11-17 17:54:26.223  1473  4797 E AppOps  : attributionTag  not declared in manifest of com.example.vitruvianredux.debug
11-17 17:54:26.224  1473  2021 E AppOps  : attributionTag  not declared in manifest of com.example.vitruvianredux.debug
11-17 17:54:26.265  1473  4797 E AppOps  : attributionTag  not declared in manifest of com.example.vitruvianredux.debug
11-17 17:54:26.267  1473  2021 E AppOps  : attributionTag  not declared in manifest of com.example.vitruvianredux.debug
11-17 17:54:28.006  1473  4797 I AS.FadeOutManager: unfadeOutUid() uid:10507
11-17 17:54:28.058  1473  2021 E AppOps  : attributionTag  not declared in manifest of com.example.vitruvianredux.debug
11-17 17:54:28.058  1473  2481 E AppOps  : attributionTag  not declared in manifest of com.example.vitruvianredux.debug
11-17 17:54:28.135  1473  4797 E AppOps  : attributionTag  not declared in manifest of com.example.vitruvianredux.debug
11-17 17:54:28.137  1473  2021 E AppOps  : attributionTag  not declared in manifest of com.example.vitruvianredux.debug
11-17 17:54:28.166  1473  4797 I AS.FadeOutManager: unfadeOutUid() uid:10507
11-17 17:54:28.170  1473  2021 E AppOps  : attributionTag  not declared in manifest of com.example.vitruvianredux.debug
11-17 17:54:28.172  1473  4797 E AppOps  : attributionTag  not declared in manifest of com.example.vitruvianredux.debug
11-17 17:54:28.225  1473  4797 E AppOps  : attributionTag  not declared in manifest of com.example.vitruvianredux.debug
11-17 17:54:28.227  1473  2021 E AppOps  : attributionTag  not declared in manifest of com.example.vitruvianredux.debug
11-17 17:54:29.964  1473  2481 I AS.FadeOutManager: unfadeOutUid() uid:10507
11-17 17:54:30.023  1473  4797 E AppOps  : attributionTag  not declared in manifest of com.example.vitruvianredux.debug
11-17 17:54:30.025  1473  4797 E AppOps  : attributionTag  not declared in manifest of com.example.vitruvianredux.debug
11-17 17:54:30.095  1473  4797 E AppOps  : attributionTag  not declared in manifest of com.example.vitruvianredux.debug
11-17 17:54:30.097  1473  4797 E AppOps  : attributionTag  not declared in manifest of com.example.vitruvianredux.debug
11-17 17:54:30.137  1473  2481 I AS.FadeOutManager: unfadeOutUid() uid:10507
11-17 17:54:30.142  1473  2021 E AppOps  : attributionTag  not declared in manifest of com.example.vitruvianredux.debug
11-17 17:54:30.143  1473  2481 E AppOps  : attributionTag  not declared in manifest of com.example.vitruvianredux.debug
11-17 17:54:30.185  1473  2481 E AppOps  : attributionTag  not declared in manifest of com.example.vitruvianredux.debug
11-17 17:54:30.186  1473  2481 E AppOps  : attributionTag  not declared in manifest of com.example.vitruvianredux.debug
11-17 17:54:31.448  1473  2175 D BackgroundInstallControlService: Package event received: 0
11-17 17:54:31.906  1473  4797 I AS.FadeOutManager: unfadeOutUid() uid:10507
11-17 17:54:31.957  1473  2481 E AppOps  : attributionTag  not declared in manifest of com.example.vitruvianredux.debug
11-17 17:54:31.958  1473  4797 E AppOps  : attributionTag  not declared in manifest of com.example.vitruvianredux.debug
11-17 17:54:32.026  1473  2481 E AppOps  : attributionTag  not declared in manifest of com.example.vitruvianredux.debug
11-17 17:54:32.027  1473  2481 E AppOps  : attributionTag  not declared in manifest of com.example.vitruvianredux.debug
11-17 17:54:32.068  1473  2021 I AS.FadeOutManager: unfadeOutUid() uid:10507
11-17 17:54:32.248  1473  2021 E AppOps  : attributionTag  not declared in manifest of com.example.vitruvianredux.debug
11-17 17:54:32.250  1473  2481 E AppOps  : attributionTag  not declared in manifest of com.example.vitruvianredux.debug
11-17 17:54:32.302  1473  2021 E AppOps  : attributionTag  not declared in manifest of com.example.vitruvianredux.debug
11-17 17:54:32.303  1473  2481 E AppOps  : attributionTag  not declared in manifest of com.example.vitruvianredux.debug
11-17 17:54:33.760  1473  2021 I AS.FadeOutManager: unfadeOutUid() uid:10507
11-17 17:54:33.816  1473  2481 E AppOps  : attributionTag  not declared in manifest of com.example.vitruvianredux.debug
11-17 17:54:33.817  1473  2481 E AppOps  : attributionTag  not declared in manifest of com.example.vitruvianredux.debug
11-17 17:54:33.886  1473  2021 E AppOps  : attributionTag  not declared in manifest of com.example.vitruvianredux.debug
11-17 17:54:33.888  1473  2481 E AppOps  : attributionTag  not declared in manifest of com.example.vitruvianredux.debug
11-17 17:54:33.925  1473  3874 I AS.FadeOutManager: unfadeOutUid() uid:10507
11-17 17:54:33.930  1473  3874 E AppOps  : attributionTag  not declared in manifest of com.example.vitruvianredux.debug
11-17 17:54:33.931  1473  3874 E AppOps  : attributionTag  not declared in manifest of com.example.vitruvianredux.debug
11-17 17:54:33.986  1473  3874 E AppOps  : attributionTag  not declared in manifest of com.example.vitruvianredux.debug
11-17 17:54:33.987  1473  2021 E AppOps  : attributionTag  not declared in manifest of com.example.vitruvianredux.debug
11-17 17:54:35.421  1473  1473 I SoundTriggerHelper: Recognition success
11-17 17:54:35.421  1473  2481 I SoundTriggerMiddlewareLogging: RECOGNITION (1, PhraseRecognitionEventSys{phraseRecognitionEvent: PhraseRecognitionEvent{common: RecognitionEvent{status: 0, type: 0, captureAvailable: true, captureDelayMs: 0, capturePreambleMs: 0, triggerInData: false, audioConfig: AudioConfig{base: AudioConfigBase{sampleRate: 16000, channelMask: AudioChannelLayout.layoutMask(3), format: AudioFormatDescription{type: 1, pcm: 1, encoding: }}, offloadInfo: AudioOffloadInfo{base: AudioConfigBase{sampleRate: 0, channelMask: AudioChannelLayout.none(0), format: AudioFormatDescription{type: 0, pcm: 0, encoding: }}, streamType: -2, bitRatePerSecond: 0, durationUs: 0, hasVideo: false, isStreaming: false, bitWidth: 16, offloadBufferSize: 0, usage: -1, encapsulationMode: -1, contentId: 0, syncId: 0}, frameCount: 0}, data: [], recognitionStillActive: false}, phraseExtras: [PhraseRecognitionExtra{id: 101, recognitionModes: 1, confidenceLevel: 0, levels: []}]}, halEventReceivedMillis: 162613038972290, token: android.os.Binder@1e1c483}, 1633)
11-17 17:54:35.762  1473  4797 I AS.FadeOutManager: unfadeOutUid() uid:10507
11-17 17:54:35.815  1473  2481 E AppOps  : attributionTag  not declared in manifest of com.example.vitruvianredux.debug
11-17 17:54:35.816  1473  4797 E AppOps  : attributionTag  not declared in manifest of com.example.vitruvianredux.debug
11-17 17:54:35.879  1473  3874 E AppOps  : attributionTag  not declared in manifest of com.example.vitruvianredux.debug
11-17 17:54:35.880  1473  2021 E AppOps  : attributionTag  not declared in manifest of com.example.vitruvianredux.debug
11-17 17:54:35.927  1473  3874 I AS.FadeOutManager: unfadeOutUid() uid:10507
11-17 17:54:35.931  1473  2021 E AppOps  : attributionTag  not declared in manifest of com.example.vitruvianredux.debug
11-17 17:54:35.933  1473  2481 E AppOps  : attributionTag  not declared in manifest of com.example.vitruvianredux.debug
11-17 17:54:35.975  1473  2481 E AppOps  : attributionTag  not declared in manifest of com.example.vitruvianredux.debug
11-17 17:54:35.978  1473  3874 E AppOps  : attributionTag  not declared in manifest of com.example.vitruvianredux.debug
11-17 17:54:37.392 16873 16932 I AlwaysOnHotwordDetector: onRejected
11-17 17:54:37.393 16873 16939 I AlwaysOnHotwordDetector: handle message 6
11-17 17:54:37.431  1473  2175 D BackgroundInstallControlService: Package event received: 0
11-17 17:54:37.458  1473  2021 I SoundTriggerMiddlewareLogging: START_RECOGNITION (1, RecognitionConfig{captureRequested: true, phraseRecognitionExtras: [PhraseRecognitionExtra{id: 101, recognitionModes: 1, confidenceLevel: 0, levels: []}], audioCapabilities: 0, data: []}) -> android.os.Binder@1c42772
11-17 17:54:37.458  1473  2021 I SoundTriggerHelper: startRecognition successful.
11-17 17:54:37.580  1473  2175 D BackgroundInstallControlService: Package event received: 0
11-17 17:54:37.658  1473  2021 I AS.FadeOutManager: unfadeOutUid() uid:10507
11-17 17:54:37.716  1473  3874 E AppOps  : attributionTag  not declared in manifest of com.example.vitruvianredux.debug
11-17 17:54:37.717  1473  2021 E AppOps  : attributionTag  not declared in manifest of com.example.vitruvianredux.debug
11-17 17:54:37.783  1473  2021 E AppOps  : attributionTag  not declared in manifest of com.example.vitruvianredux.debug
11-17 17:54:37.785  1473  3874 E AppOps  : attributionTag  not declared in manifest of com.example.vitruvianredux.debug
11-17 17:54:37.828  1473  2481 I AS.FadeOutManager: unfadeOutUid() uid:10507
11-17 17:54:37.958  1473  2481 E AppOps  : attributionTag  not declared in manifest of com.example.vitruvianredux.debug
11-17 17:54:37.960  1473  2021 E AppOps  : attributionTag  not declared in manifest of com.example.vitruvianredux.debug
11-17 17:54:38.027  1473  3874 E AppOps  : attributionTag  not declared in manifest of com.example.vitruvianredux.debug
11-17 17:54:38.029  1473  2481 E AppOps  : attributionTag  not declared in manifest of com.example.vitruvianredux.debug
11-17 17:54:39.467  1473  1473 I SoundTriggerHelper: Recognition success
11-17 17:54:39.467  1473  2021 I SoundTriggerMiddlewareLogging: RECOGNITION (1, PhraseRecognitionEventSys{phraseRecognitionEvent: PhraseRecognitionEvent{common: RecognitionEvent{status: 0, type: 0, captureAvailable: true, captureDelayMs: 0, capturePreambleMs: 0, triggerInData: false, audioConfig: AudioConfig{base: AudioConfigBase{sampleRate: 16000, channelMask: AudioChannelLayout.layoutMask(3), format: AudioFormatDescription{type: 1, pcm: 1, encoding: }}, offloadInfo: AudioOffloadInfo{base: AudioConfigBase{sampleRate: 0, channelMask: AudioChannelLayout.none(0), format: AudioFormatDescription{type: 0, pcm: 0, encoding: }}, streamType: -2, bitRatePerSecond: 0, durationUs: 0, hasVideo: false, isStreaming: false, bitWidth: 16, offloadBufferSize: 0, usage: -1, encapsulationMode: -1, contentId: 0, syncId: 0}, frameCount: 0}, data: [], recognitionStillActive: false}, phraseExtras: [PhraseRecognitionExtra{id: 101, recognitionModes: 1, confidenceLevel: 0, levels: []}]}, halEventReceivedMillis: 162617084892254, token: android.os.Binder@1c42772}, 1633)
11-17 17:54:39.511  1473  3874 I AS.FadeOutManager: unfadeOutUid() uid:10507
11-17 17:54:39.564  1473  2481 E AppOps  : attributionTag  not declared in manifest of com.example.vitruvianredux.debug
11-17 17:54:39.564  1473  3874 E AppOps  : attributionTag  not declared in manifest of com.example.vitruvianredux.debug
11-17 17:54:39.635  1473  2481 E AppOps  : attributionTag  not declared in manifest of com.example.vitruvianredux.debug
11-17 17:54:39.635  1473  3874 E AppOps  : attributionTag  not declared in manifest of com.example.vitruvianredux.debug
11-17 17:54:39.672  1473  4797 I AS.FadeOutManager: unfadeOutUid() uid:10507
11-17 17:54:39.811  1473  4797 E AppOps  : attributionTag  not declared in manifest of com.example.vitruvianredux.debug
11-17 17:54:39.812  1473  4797 E AppOps  : attributionTag  not declared in manifest of com.example.vitruvianredux.debug
11-17 17:54:39.871  1473  3874 E AppOps  : attributionTag  not declared in manifest of com.example.vitruvianredux.debug
11-17 17:54:39.873  1473  3874 E AppOps  : attributionTag  not declared in manifest of com.example.vitruvianredux.debug
11-17 17:54:40.657  1473  2175 D BackgroundInstallControlService: Package event received: 0
11-17 17:54:41.458  1473  3874 I AS.FadeOutManager: unfadeOutUid() uid:10507
11-17 17:54:41.512  1473  2021 E AppOps  : attributionTag  not declared in manifest of com.example.vitruvianredux.debug
11-17 17:54:41.512  1473  2021 E AppOps  : attributionTag  not declared in manifest of com.example.vitruvianredux.debug
11-17 17:54:41.583  1473  3874 E AppOps  : attributionTag  not declared in manifest of com.example.vitruvianredux.debug
11-17 17:54:41.585  1473  2481 E AppOps  : attributionTag  not declared in manifest of com.example.vitruvianredux.debug
11-17 17:54:41.596 16873 16932 I AlwaysOnHotwordDetector: onRejected
11-17 17:54:41.597 16873 16939 I AlwaysOnHotwordDetector: handle message 6
11-17 17:54:41.623  1473  2481 I AS.FadeOutManager: unfadeOutUid() uid:10507
11-17 17:54:41.692  1473  3874 I SoundTriggerMiddlewareLogging: START_RECOGNITION (1, RecognitionConfig{captureRequested: true, phraseRecognitionExtras: [PhraseRecognitionExtra{id: 101, recognitionModes: 1, confidenceLevel: 0, levels: []}], audioCapabilities: 0, data: []}) -> android.os.Binder@d6fde07
11-17 17:54:41.692  1473  3874 I SoundTriggerHelper: startRecognition successful.
11-17 17:54:41.751  1473  2481 E AppOps  : attributionTag  not declared in manifest of com.example.vitruvianredux.debug
11-17 17:54:41.753  1473  3874 E AppOps  : attributionTag  not declared in manifest of com.example.vitruvianredux.debug
11-17 17:54:41.818  1473  3874 E AppOps  : attributionTag  not declared in manifest of com.example.vitruvianredux.debug
11-17 17:54:41.819  1473  3874 E AppOps  : attributionTag  not declared in manifest of com.example.vitruvianredux.debug
11-17 17:54:42.736  1473  2045 W AppOps  : Noting op not finished: uid 10187 pkg com.google.android.gms code 79 startTime of in progress event=1763393592325
11-17 17:54:42.737  1473  2045 W AppOps  : Noting op not finished: uid 10187 pkg com.google.android.gms code 79 startTime of in progress event=1763393592325
11-17 17:54:42.737  1473  2045 W AppOps  : Noting op not finished: uid 10187 pkg com.google.android.gms code 79 startTime of in progress event=1763393592325
11-17 17:54:42.737  1473  2045 W AppOps  : Noting op not finished: uid 10187 pkg com.google.android.gms code 79 startTime of in progress event=1763393592325
11-17 17:54:42.737  1473  2045 W AppOps  : Noting op not finished: uid 10187 pkg com.google.android.gms code 79 startTime of in progress event=1763393592325
11-17 17:54:42.737  1473  2045 W AppOps  : Noting op not finished: uid 10187 pkg com.google.android.gms code 79 startTime of in progress event=1763393592325
11-17 17:54:42.737  1473  2045 W AppOps  : Noting op not finished: uid 10187 pkg com.google.android.gms code 79 startTime of in progress event=1763393592325
11-17 17:54:42.737  1473  2045 W AppOps  : Noting op not finished: uid 10187 pkg com.google.android.gms code 79 startTime of in progress event=1763393592325
11-17 17:54:42.738  1473  2045 W AppOps  : Noting op not finished: uid 10187 pkg com.google.android.gms code 79 startTime of in progress event=1763393592325
11-17 17:54:42.738  1473  2045 W AppOps  : Noting op not finished: uid 10187 pkg com.google.android.gms code 79 startTime of in progress event=1763393592325
11-17 17:54:42.738  1473  2045 W AppOps  : Noting op not finished: uid 10187 pkg com.google.android.gms code 79 startTime of in progress event=1763393592325
11-17 17:54:42.738  1473  2045 W AppOps  : Noting op not finished: uid 10187 pkg com.google.android.gms code 79 startTime of in progress event=1763393592325
11-17 17:54:42.738  1473  2045 W AppOps  : Noting op not finished: uid 10187 pkg com.google.android.gms code 79 startTime of in progress event=1763393592325
11-17 17:54:42.738  1473  2045 W AppOps  : Noting op not finished: uid 10187 pkg com.google.android.gms code 79 startTime of in progress event=1763393592325
11-17 17:54:42.738  1473  2045 W AppOps  : Noting op not finished: uid 10187 pkg com.google.android.gms code 79 startTime of in progress event=1763393592325
11-17 17:54:43.163  1473  1473 I SoundTriggerHelper: Recognition success
11-17 17:54:43.163  1473  2481 I SoundTriggerMiddlewareLogging: RECOGNITION (1, PhraseRecognitionEventSys{phraseRecognitionEvent: PhraseRecognitionEvent{common: RecognitionEvent{status: 0, type: 0, captureAvailable: true, captureDelayMs: 0, capturePreambleMs: 0, triggerInData: false, audioConfig: AudioConfig{base: AudioConfigBase{sampleRate: 16000, channelMask: AudioChannelLayout.layoutMask(3), format: AudioFormatDescription{type: 1, pcm: 1, encoding: }}, offloadInfo: AudioOffloadInfo{base: AudioConfigBase{sampleRate: 0, channelMask: AudioChannelLayout.none(0), format: AudioFormatDescription{type: 0, pcm: 0, encoding: }}, streamType: -2, bitRatePerSecond: 0, durationUs: 0, hasVideo: false, isStreaming: false, bitWidth: 16, offloadBufferSize: 0, usage: -1, encapsulationMode: -1, contentId: 0, syncId: 0}, frameCount: 0}, data: [], recognitionStillActive: false}, phraseExtras: [PhraseRecognitionExtra{id: 101, recognitionModes: 1, confidenceLevel: 0, levels: []}]}, halEventReceivedMillis: 162620781331424, token: android.os.Binder@d6fde07}, 1633)
11-17 17:54:43.308  1473  2481 I AS.FadeOutManager: unfadeOutUid() uid:10507
11-17 17:54:43.360  1473  2021 E AppOps  : attributionTag  not declared in manifest of com.example.vitruvianredux.debug
11-17 17:54:43.360  1473  2021 E AppOps  : attributionTag  not declared in manifest of com.example.vitruvianredux.debug
11-17 17:54:43.437  1473  3874 E AppOps  : attributionTag  not declared in manifest of com.example.vitruvianredux.debug
11-17 17:54:43.438  1473  3874 E AppOps  : attributionTag  not declared in manifest of com.example.vitruvianredux.debug
11-17 17:54:43.470  1473  4797 I AS.FadeOutManager: unfadeOutUid() uid:10507
11-17 17:54:43.475  1473  2021 E AppOps  : attributionTag  not declared in manifest of com.example.vitruvianredux.debug
11-17 17:54:43.476  1473  3874 E AppOps  : attributionTag  not declared in manifest of com.example.vitruvianredux.debug
11-17 17:54:43.516  1473  3874 E AppOps  : attributionTag  not declared in manifest of com.example.vitruvianredux.debug
11-17 17:54:43.517  1473  3874 E AppOps  : attributionTag  not declared in manifest of com.example.vitruvianredux.debug
11-17 17:54:43.728  1473  2175 D BackgroundInstallControlService: Package event received: 0
11-17 17:54:44.755  1473  2175 D BackgroundInstallControlService: Package event received: 0
11-17 17:54:45.151  1473  2021 W AppOps  : Noting op not finished: uid 10187 pkg com.google.android.gms code 113 startTime of in progress event=1763393592325
11-17 17:54:45.159  1473  2021 W AppOps  : Noting op not finished: uid 10187 pkg com.google.android.gms code 79 startTime of in progress event=1763393592325
11-17 17:54:45.165  1473  2021 W AppOps  : Noting op not finished: uid 10187 pkg com.google.android.gms code 79 startTime of in progress event=1763393592325
11-17 17:54:45.170  1473  4230 W AppOps  : Noting op not finished: uid 10187 pkg com.google.android.gms code 113 startTime of in progress event=1763393592325
11-17 17:54:45.186 16873 16932 I AlwaysOnHotwordDetector: onRejected
11-17 17:54:45.186 16873 16939 I AlwaysOnHotwordDetector: handle message 6
11-17 17:54:45.196  1473  2021 E AppOps  : attributionTag IWLAN not declared in manifest of com.google.android.iwlan
11-17 17:54:45.232  1473  3874 I SoundTriggerMiddlewareLogging: START_RECOGNITION (1, RecognitionConfig{captureRequested: true, phraseRecognitionExtras: [PhraseRecognitionExtra{id: 101, recognitionModes: 1, confidenceLevel: 0, levels: []}], audioCapabilities: 0, data: []}) -> android.os.Binder@9a25da
11-17 17:54:45.232  1473  3874 I SoundTriggerHelper: startRecognition successful.
11-17 17:54:46.153  1473  2481 W AppOps  : Noting op not finished: uid 10187 pkg com.google.android.gms code 113 startTime of in progress event=1763393592325
11-17 17:54:46.830  1473  2175 D BackgroundInstallControlService: Package event received: 0
11-17 17:54:46.915   971  2956 I vendor.google.wifi_ext-service-vendor: Wifi: Setting SAR Scenario to 3
11-17 17:54:49.006  1473  2059 D ActivityManager: freezing 3544 .ShannonImsService
11-17 17:54:49.342  1473  2043 I AS.FadeOutManager: unfadeOutUid() uid:10507
11-17 17:54:49.394  1473  3874 E AppOps  : attributionTag  not declared in manifest of com.example.vitruvianredux.debug
11-17 17:54:49.395  1473  3874 E AppOps  : attributionTag  not declared in manifest of com.example.vitruvianredux.debug
11-17 17:54:49.555  1473  2021 W AppOps  : Noting op not finished: uid 10507 pkg com.example.vitruvianredux.debug code 154 startTime of in progress event=1763420089395
11-17 17:54:49.557  1473  2021 I AS.FadeOutManager: unfadeOutUid() uid:10507
11-17 17:54:49.561  1473  2043 E AppOps  : attributionTag  not declared in manifest of com.example.vitruvianredux.debug
11-17 17:54:49.563  1473  2043 E AppOps  : attributionTag  not declared in manifest of com.example.vitruvianredux.debug
11-17 17:54:49.660  1473  2043 E AppOps  : attributionTag  not declared in manifest of com.example.vitruvianredux.debug
11-17 17:54:49.661  1473  2021 E AppOps  : attributionTag  not declared in manifest of com.example.vitruvianredux.debug
11-17 17:54:49.709  1473  2021 E AppOps  : attributionTag  not declared in manifest of com.example.vitruvianredux.debug
11-17 17:54:49.710  1473  2021 E AppOps  : attributionTag  not declared in manifest of com.example.vitruvianredux.debug
11-17 17:54:49.759  1473  2021 I AS.FadeOutManager: unfadeOutUid() uid:10507
11-17 17:54:49.760  1473  2021 E AppOps  : attributionTag  not declared in manifest of com.example.vitruvianredux.debug
11-17 17:54:49.761  1473  2021 E AppOps  : attributionTag  not declared in manifest of com.example.vitruvianredux.debug
11-17 17:54:49.918  1473  2021 W AppOps  : Noting op not finished: uid 10507 pkg com.example.vitruvianredux.debug code 154 startTime of in progress event=1763420089761
11-17 17:54:49.919  1473  2021 I AS.FadeOutManager: unfadeOutUid() uid:10507
11-17 17:54:49.920  1473  2043 E AppOps  : attributionTag  not declared in manifest of com.example.vitruvianredux.debug
11-17 17:54:49.921  1473  2021 E AppOps  : attributionTag  not declared in manifest of com.example.vitruvianredux.debug
11-17 17:54:49.923  1473  2481 E AppOps  : attributionTag  not declared in manifest of com.example.vitruvianredux.debug
11-17 17:54:49.925  1473  2481 E AppOps  : attributionTag  not declared in manifest of com.example.vitruvianredux.debug
11-17 17:54:50.079  1473  2481 E AppOps  : attributionTag  not declared in manifest of com.example.vitruvianredux.debug
11-17 17:54:50.082  1473  2481 E AppOps  : attributionTag  not declared in manifest of com.example.vitruvianredux.debug
11-17 17:54:50.941  1473  1714 I DisplayDeviceRepository: Display device changed render timings: "Built-in Screen", renderFrameRate=60.000004, presentationDeadlineNanos=11500002, appVsyncOffsetNanos=6233328, frameRateOverrides=[]
11-17 17:54:51.207  1473  1714 I DisplayDeviceRepository: Display device changed render timings: "Built-in Screen", renderFrameRate=60.000004, presentationDeadlineNanos=11500002, appVsyncOffsetNanos=6233328, frameRateOverrides=[{uid=10507 frameRateHz=60.000004}]
11-17 17:54:51.958  1473  1714 I DisplayDeviceRepository: Display device changed render timings: "Built-in Screen", renderFrameRate=60.000004, presentationDeadlineNanos=11500002, appVsyncOffsetNanos=6233328, frameRateOverrides=[]
11-17 17:54:52.208  1473  1714 I DisplayDeviceRepository: Display device changed render timings: "Built-in Screen", renderFrameRate=60.000004, presentationDeadlineNanos=11500002, appVsyncOffsetNanos=6233328, frameRateOverrides=[{uid=10507 frameRateHz=60.000004}]
11-17 17:54:52.302  1473  2021 D ActivityManager: sync unfroze 3544 .ShannonImsService for 7
11-17 17:54:52.306  1473  2175 D BackgroundInstallControlService: Package event received: 0
11-17 17:54:52.972  1473  1714 I DisplayDeviceRepository: Display device changed render timings: "Built-in Screen", renderFrameRate=60.000004, presentationDeadlineNanos=11500002, appVsyncOffsetNanos=6233328, frameRateOverrides=[]
11-17 17:54:53.205  1473  1714 I DisplayDeviceRepository: Display device changed render timings: "Built-in Screen", renderFrameRate=60.000004, presentationDeadlineNanos=11500002, appVsyncOffsetNanos=6233328, frameRateOverrides=[{uid=10507 frameRateHz=60.000004}]
11-17 17:54:53.295  1473  1754 I DisplayPowerController[0]: BrightnessEvent: brt=0.032435402(57.0%), nits=68.355255, lux=29.274977, reason=automatic, strat=AutomaticBrightnessStrategy, state=ON, stateReason=DEFAULT_POLICY, policy=BRIGHT, flags=, initBrt=7.9360406E-4, rcmdBrt=0.032435402, preBrt=7.9360406E-4, preLux=0.055179484, lastReadLux=29.274977, wasShortTermModelActive=false, autoBrightness=true (default), unclampedBrt=0.032435402, hbmMax=0.2922917, hbmMode=off, thrmMax=1.0, rbcStrength=35, powerFactor=1.0, physDisp=Built-in Screen(local:4619827359057144832), logicalId=0, slowChange=true, rampSpeed=0.05
11-17 17:54:53.300  1473  1714 I BrightnessSynchronizer: [2158] New Update 0.032435402(f) set brightness values:  9(i)
11-17 17:54:53.307  1473  1714 I BrightnessSynchronizer: Swallowing update of 9(i) by update: {[2158] 0.032435402(f), mUpdatedTypes=1, mConfirmedTypes=1, mTimeUpdated=71244702}
11-17 17:54:53.307  1473  1714 I BrightnessSynchronizer: Completed Update: {[2158] 0.032435402(f), mUpdatedTypes=1, mConfirmedTypes=1, mTimeUpdated=71244702}
11-17 17:54:53.380  1473  2021 W AppOps  : Noting op not finished: uid 10159 pkg com.google.android.apps.scone code 79 startTime of in progress event=1763392878408
11-17 17:54:53.385  1473  2021 W AppOps  : Noting op not finished: uid 10187 pkg com.google.android.gms code 113 startTime of in progress event=1763393592325
11-17 17:54:53.397  1473  2021 W AppOps  : Noting op not finished: uid 10153 pkg com.google.android.apps.safetyhub code 79 startTime of in progress event=1763402738756
11-17 17:54:53.458  1473  2481 D SystemRequestObserver: binder unlinking to death: android.os.BinderProxy@344a6f9
11-17 17:54:53.458  1473  2481 D SystemRequestObserver: unlinking to death failed: android.os.BinderProxy@344a6f9
11-17 17:54:53.458  1473  2481 D SystemRequestObserver: java.util.NoSuchElementException: Death link does not exist (NAME_NOT_FOUND)
11-17 17:54:53.458  1473  2481 D SystemRequestObserver: 	at android.os.BinderProxy.unlinkToDeathNative(Native Method)
11-17 17:54:53.458  1473  2481 D SystemRequestObserver: 	at android.os.BinderProxy.unlinkToDeath(BinderProxy.java:646)
11-17 17:54:53.458  1473  2481 D SystemRequestObserver: 	at com.android.server.display.mode.SystemRequestObserver.removeSystemRequestedVote(SystemRequestObserver.java:113)
11-17 17:54:53.458  1473  2481 D SystemRequestObserver: 	at com.android.server.display.mode.SystemRequestObserver.requestDisplayModes(SystemRequestObserver.java:66)
11-17 17:54:53.458  1473  2481 D SystemRequestObserver: 	at com.android.server.display.mode.DisplayModeDirector.requestDisplayModes(DisplayModeDirector.java:582)
11-17 17:54:53.458  1473  2481 D SystemRequestObserver: 	at com.android.server.display.DisplayManagerService$BinderService.requestDisplayModes(DisplayManagerService.java:5734)
11-17 17:54:53.458  1473  2481 D SystemRequestObserver: 	at android.hardware.display.IDisplayManager$Stub.onTransact(IDisplayManager.java:1246)
11-17 17:54:53.458  1473  2481 D SystemRequestObserver: 	at android.os.Binder.execTransactInternal(Binder.java:1441)
11-17 17:54:53.458  1473  2481 D SystemRequestObserver: 	at android.os.Binder.execTransact(Binder.java:1385)
11-17 17:54:53.460  1473  1714 I DisplayDeviceRepository: Display device changed render timings: "Built-in Screen", renderFrameRate=60.000004, presentationDeadlineNanos=11500002, appVsyncOffsetNanos=6233328, frameRateOverrides=[]
11-17 17:54:53.464  1473  1714 I DisplayDeviceRepository: Display device changed render timings: "Built-in Screen", renderFrameRate=60.000004, presentationDeadlineNanos=11500002, appVsyncOffsetNanos=6233328, frameRateOverrides=[{uid=10507 frameRateHz=60.00001}]
11-17 17:54:53.473  1473  1714 I DisplayDeviceRepository: Display device changed render timings: "Built-in Screen", renderFrameRate=60.00001, presentationDeadlineNanos=11500000, appVsyncOffsetNanos=6233328, frameRateOverrides=[{uid=10507 frameRateHz=60.00001}]
11-17 17:54:53.475  1473  1712 D WindowManager: DeferredDisplayUpdater: partially applying DisplayInfo(960 x 2142) immediately
11-17 17:54:53.961  1473  1714 I DisplayDeviceRepository: Display device changed render timings: "Built-in Screen", renderFrameRate=60.00001, presentationDeadlineNanos=11500000, appVsyncOffsetNanos=6233328, frameRateOverrides=[]
11-17 17:54:54.211  1473  1714 I DisplayDeviceRepository: Display device changed render timings: "Built-in Screen", renderFrameRate=60.00001, presentationDeadlineNanos=11500000, appVsyncOffsetNanos=6233328, frameRateOverrides=[{uid=10507 frameRateHz=60.00001}]
11-17 17:54:54.962  1473  1714 I DisplayDeviceRepository: Display device changed render timings: "Built-in Screen", renderFrameRate=60.00001, presentationDeadlineNanos=11500000, appVsyncOffsetNanos=6233328, frameRateOverrides=[]
11-17 17:54:55.126  1473  1714 I DisplayDeviceRepository: Display device changed render timings: "Built-in Screen", renderFrameRate=60.00001, presentationDeadlineNanos=11500000, appVsyncOffsetNanos=6233328, frameRateOverrides=[{uid=10507 frameRateHz=60.00001}]
--------- beginning of main
11-17 17:54:56.003   971  2956 I WifiHAL : index: 32 per_rate_size 32, data_rem_len 128
11-17 17:54:56.003   971  2956 I WifiHAL : index: 33 per_rate_size 32, data_rem_len 96
11-17 17:54:56.003   971  2956 I WifiHAL : index: 34 per_rate_size 32, data_rem_len 64
11-17 17:54:56.003   971  2956 I WifiHAL : index: 35 per_rate_size 32, data_rem_len 32
11-17 17:54:56.004  3606  3606 I VitruvianBLE: Read Response received from 90e991a6-c548-44ed-969b-eb541014eae3, value: (0x) E6-6C-3D-00-00-00-01-00-90-01-00-00-00-00-90-01-18-00-FF-C8-00-00-00-00-00-00
11-17 17:54:56.004  3606  3606 D VitruvianBLE: gatt.readCharacteristic(90e991a6-c548-44ed-969b-eb541014eae3)
11-17 17:54:56.005   971  2956 I WifiHAL : Getting cached scan results, iface handle = 0xb4000070e08aa2d0
11-17 17:54:56.005   971  2956 E WifiHAL : Creating message to get cached scan results
11-17 17:54:56.009  3606  3606 D VitruvianBleManager$startMonitorPolling: Monitor read callback fired!
11-17 17:54:56.009  3606  3606 V VitruvianBleManager: handleMonitorData called
11-17 17:54:56.010   971  2956 I WifiHAL : In GetCachedScanResultsCommand::handleResponse
11-17 17:54:56.010  3606  3606 V VitruvianBleManager: Emitted metric to flow: success=true, subscribers=1
11-17 17:54:56.011  3606  3679 D BleRepositoryImpl$connectToDevice$2$newBleManager: BleRepository forwarding monitor metric: pos=(0,0)
11-17 17:54:56.012  3606  3606 V MainViewModel: Monitor metric received in ViewModel: pos=(0,0)
11-17 17:54:56.069  1473  2120 D ConnectivityService: NetReassign [no changes] [c 6] [a 6] [i 15]
11-17 17:54:56.103  3606  3606 I VitruvianBLE: Read Response received from 90e991a6-c548-44ed-969b-eb541014eae3, value: (0x) 86-6D-3D-00-00-00-00-00-90-01-00-00-00-00-90-01-18-00-FF-C8-00-00-00-00-00-00
11-17 17:54:56.103  3606  3606 D VitruvianBLE: gatt.readCharacteristic(90e991a6-c548-44ed-969b-eb541014eae3)
11-17 17:54:56.107  3606  3606 D VitruvianBleManager$startMonitorPolling: Monitor read callback fired!
11-17 17:54:56.107  3606  3606 V VitruvianBleManager: handleMonitorData called
11-17 17:54:56.108  3606  3606 D ConnectionLogger: [BLE] DATA_RECEIVED [Vee_0000943D_386F6480]: Monitor data | PosA=0, PosB=0, LoadA=4.0kg, LoadB=4.0kg
11-17 17:54:56.110  3606  3606 V VitruvianBleManager: Emitted metric to flow: success=true, subscribers=1
11-17 17:54:56.110  3606  3667 D BleRepositoryImpl$connectToDevice$2$newBleManager: BleRepository forwarding monitor metric: pos=(0,0)
11-17 17:54:56.112  3606  3606 V MainViewModel: Monitor metric received in ViewModel: pos=(0,0)
11-17 17:54:56.235  1473  1714 I DisplayDeviceRepository: Display device changed render timings: "Built-in Screen", renderFrameRate=60.00001, presentationDeadlineNanos=11500000, appVsyncOffsetNanos=6233328, frameRateOverrides=[]
11-17 17:54:56.252  3606  3606 I VitruvianBLE: Read Response received from 90e991a6-c548-44ed-969b-eb541014eae3, value: (0x) 12-6E-3D-00-00-00-00-00-90-01-00-00-00-00-90-01-18-00-FF-C8-00-00-00-00-00-00
11-17 17:54:56.253  3606  3606 D VitruvianBLE: gatt.readCharacteristic(90e991a6-c548-44ed-969b-eb541014eae3)
11-17 17:54:56.256  3606  3606 D VitruvianBleManager$startMonitorPolling: Monitor read callback fired!
11-17 17:54:56.257  3606  3606 V VitruvianBleManager: handleMonitorData called
11-17 17:54:56.258  3606  3606 V VitruvianBleManager: Emitted metric to flow: success=true, subscribers=1
11-17 17:54:56.259  3606  3679 D BleRepositoryImpl$connectToDevice$2$newBleManager: BleRepository forwarding monitor metric: pos=(0,0)
11-17 17:54:56.260  3606  3606 V MainViewModel: Monitor metric received in ViewModel: pos=(0,0)
11-17 17:54:56.352  3606  3606 I VitruvianBLE: Read Response received from 90e991a6-c548-44ed-969b-eb541014eae3, value: (0x) 76-6E-3D-00-00-00-FF-FF-90-01-00-00-00-00-90-01-18-00-FF-C8-00-00-00-00-00-00
11-17 17:54:56.353  3606  3606 D VitruvianBLE: gatt.readCharacteristic(90e991a6-c548-44ed-969b-eb541014eae3)
11-17 17:54:56.357  3606  3606 D VitruvianBleManager$startMonitorPolling: Monitor read callback fired!
11-17 17:54:56.358  3606  3606 V VitruvianBleManager: handleMonitorData called
11-17 17:54:56.359  3606  3606 V VitruvianBleManager: Emitted metric to flow: success=true, subscribers=1
