11-19 18:01:21.603  1473  3875 W AppOpService: Ignored setUidMode call for runtime permission app op: uid = 1001, code = READ_CELL_BROADCASTS, mode = allow, callingUid = 1000, oldMode = allow
11-19 18:01:21.605  1473  4231 W AppOpService: Ignored setUidMode call for runtime permission app op: uid = 10174, code = READ_CELL_BROADCASTS, mode = allow, callingUid = 1000, oldMode = allow
11-19 18:01:21.606  1473  4231 W AppOpService: Ignored setUidMode call for runtime permission app op: uid = 1001, code = READ_SMS, mode = allow, callingUid = 1000, oldMode = allow
11-19 18:01:21.606  1473  4231 W AppOpService: Ignored setUidMode call for runtime permission app op: uid = 1001, code = RECEIVE_SMS, mode = allow, callingUid = 1000, oldMode = allow
11-19 18:01:21.606  1473  4231 W AppOpService: Ignored setUidMode call for runtime permission app op: uid = 1001, code = RECEIVE_WAP_PUSH, mode = allow, callingUid = 1000, oldMode = allow
11-19 18:01:21.606  1473  4231 W AppOpService: Ignored setUidMode call for runtime permission app op: uid = 1001, code = SEND_SMS, mode = allow, callingUid = 1000, oldMode = allow
11-19 18:01:21.607  1473  4231 W AppOpService: Ignored setUidMode call for runtime permission app op: uid = 1001, code = READ_CELL_BROADCASTS, mode = allow, callingUid = 1000, oldMode = allow
11-19 18:01:21.610  1473  4231 W AppOpService: Ignored setUidMode call for runtime permission app op: uid = 10174, code = READ_CELL_BROADCASTS, mode = allow, callingUid = 1000, oldMode = allow
11-19 18:01:21.611  1473  4231 W AppOpService: Ignored setUidMode call for runtime permission app op: uid = 1001, code = READ_SMS, mode = allow, callingUid = 1000, oldMode = allow
11-19 18:01:21.611  1473  4231 W AppOpService: Ignored setUidMode call for runtime permission app op: uid = 1001, code = RECEIVE_SMS, mode = allow, callingUid = 1000, oldMode = allow
11-19 18:01:21.611  1473  4178 W AppOpService: Ignored setUidMode call for runtime permission app op: uid = 1001, code = RECEIVE_WAP_PUSH, mode = allow, callingUid = 1000, oldMode = allow
11-19 18:01:21.611  1473  4231 W AppOpService: Ignored setUidMode call for runtime permission app op: uid = 1001, code = SEND_SMS, mode = allow, callingUid = 1000, oldMode = allow
11-19 18:01:21.612  1473  4231 W AppOpService: Ignored setUidMode call for runtime permission app op: uid = 1001, code = READ_CELL_BROADCASTS, mode = allow, callingUid = 1000, oldMode = allow
11-19 18:01:21.615  1473  4178 W AppOpService: Ignored setUidMode call for runtime permission app op: uid = 10174, code = READ_CELL_BROADCASTS, mode = allow, callingUid = 1000, oldMode = allow
11-19 18:01:21.615  1473  4178 W AppOpService: Ignored setUidMode call for runtime permission app op: uid = 1001, code = READ_SMS, mode = allow, callingUid = 1000, oldMode = allow
11-19 18:01:21.616  1473  4178 W AppOpService: Ignored setUidMode call for runtime permission app op: uid = 1001, code = RECEIVE_SMS, mode = allow, callingUid = 1000, oldMode = allow
11-19 18:01:21.616  1473  4178 W AppOpService: Ignored setUidMode call for runtime permission app op: uid = 1001, code = RECEIVE_WAP_PUSH, mode = allow, callingUid = 1000, oldMode = allow
11-19 18:01:21.616  1473  4178 W AppOpService: Ignored setUidMode call for runtime permission app op: uid = 1001, code = SEND_SMS, mode = allow, callingUid = 1000, oldMode = allow
11-19 18:01:21.617  1473  4178 W AppOpService: Ignored setUidMode call for runtime permission app op: uid = 1001, code = READ_CELL_BROADCASTS, mode = allow, callingUid = 1000, oldMode = allow
11-19 18:01:21.620  1473  3875 W AppOpService: Ignored setUidMode call for runtime permission app op: uid = 10174, code = READ_CELL_BROADCASTS, mode = allow, callingUid = 1000, oldMode = allow
11-19 18:01:21.621  1473  4178 W AppOpService: Ignored setUidMode call for runtime permission app op: uid = 1001, code = READ_SMS, mode = allow, callingUid = 1000, oldMode = allow
11-19 18:01:21.622  1473  4178 W AppOpService: Ignored setUidMode call for runtime permission app op: uid = 1001, code = RECEIVE_SMS, mode = allow, callingUid = 1000, oldMode = allow
11-19 18:01:21.623  1473  4178 W AppOpService: Ignored setUidMode call for runtime permission app op: uid = 1001, code = RECEIVE_WAP_PUSH, mode = allow, callingUid = 1000, oldMode = allow
11-19 18:01:21.623  1473  4178 W AppOpService: Ignored setUidMode call for runtime permission app op: uid = 1001, code = SEND_SMS, mode = allow, callingUid = 1000, oldMode = allow
11-19 18:01:21.623  1473  4178 W AppOpService: Ignored setUidMode call for runtime permission app op: uid = 1001, code = READ_CELL_BROADCASTS, mode = allow, callingUid = 1000, oldMode = allow
11-19 18:01:21.626  1473  4178 W AppOpService: Ignored setUidMode call for runtime permission app op: uid = 10174, code = READ_CELL_BROADCASTS, mode = allow, callingUid = 1000, oldMode = allow
11-19 18:01:21.627  1473  4178 W AppOpService: Ignored setUidMode call for runtime permission app op: uid = 1001, code = READ_SMS, mode = allow, callingUid = 1000, oldMode = allow
11-19 18:01:21.627  1473  4178 W AppOpService: Ignored setUidMode call for runtime permission app op: uid = 1001, code = RECEIVE_SMS, mode = allow, callingUid = 1000, oldMode = allow
11-19 18:01:21.627  1473  4178 W AppOpService: Ignored setUidMode call for runtime permission app op: uid = 1001, code = RECEIVE_WAP_PUSH, mode = allow, callingUid = 1000, oldMode = allow
11-19 18:01:21.627  1473  4178 W AppOpService: Ignored setUidMode call for runtime permission app op: uid = 1001, code = SEND_SMS, mode = allow, callingUid = 1000, oldMode = allow
11-19 18:01:21.628  1473  4178 W AppOpService: Ignored setUidMode call for runtime permission app op: uid = 1001, code = READ_CELL_BROADCASTS, mode = allow, callingUid = 1000, oldMode = allow
11-19 18:01:21.631  1473  4178 W AppOpService: Ignored setUidMode call for runtime permission app op: uid = 10174, code = READ_CELL_BROADCASTS, mode = allow, callingUid = 1000, oldMode = allow
11-19 18:01:21.632  1473  4178 W AppOpService: Ignored setUidMode call for runtime permission app op: uid = 1001, code = READ_SMS, mode = allow, callingUid = 1000, oldMode = allow
11-19 18:01:21.632  1473  4178 W AppOpService: Ignored setUidMode call for runtime permission app op: uid = 1001, code = RECEIVE_SMS, mode = allow, callingUid = 1000, oldMode = allow
11-19 18:01:21.632  1473  4178 W AppOpService: Ignored setUidMode call for runtime permission app op: uid = 1001, code = RECEIVE_WAP_PUSH, mode = allow, callingUid = 1000, oldMode = allow
11-19 18:01:21.632  1473  3875 W AppOpService: Ignored setUidMode call for runtime permission app op: uid = 1001, code = SEND_SMS, mode = allow, callingUid = 1000, oldMode = allow
11-19 18:01:21.632  1473  3875 W AppOpService: Ignored setUidMode call for runtime permission app op: uid = 1001, code = READ_CELL_BROADCASTS, mode = allow, callingUid = 1000, oldMode = allow
11-19 18:01:21.637  1473  4178 W AppOpService: Ignored setUidMode call for runtime permission app op: uid = 10174, code = READ_CELL_BROADCASTS, mode = allow, callingUid = 1000, oldMode = allow
11-19 18:01:21.638  1473  4178 W AppOpService: Ignored setUidMode call for runtime permission app op: uid = 1001, code = READ_SMS, mode = allow, callingUid = 1000, oldMode = allow
11-19 18:01:21.639  1473  4178 W AppOpService: Ignored setUidMode call for runtime permission app op: uid = 1001, code = RECEIVE_SMS, mode = allow, callingUid = 1000, oldMode = allow
11-19 18:01:21.639  1473  4178 W AppOpService: Ignored setUidMode call for runtime permission app op: uid = 1001, code = RECEIVE_WAP_PUSH, mode = allow, callingUid = 1000, oldMode = allow
11-19 18:01:21.639  1473  4178 W AppOpService: Ignored setUidMode call for runtime permission app op: uid = 1001, code = SEND_SMS, mode = allow, callingUid = 1000, oldMode = allow
11-19 18:01:21.640  1473  4178 W AppOpService: Ignored setUidMode call for runtime permission app op: uid = 1001, code = READ_CELL_BROADCASTS, mode = allow, callingUid = 1000, oldMode = allow
11-19 18:01:21.644  1473  4178 W AppOpService: Ignored setUidMode call for runtime permission app op: uid = 10174, code = READ_CELL_BROADCASTS, mode = allow, callingUid = 1000, oldMode = allow
11-19 18:01:21.645  1473  4178 W AppOpService: Ignored setUidMode call for runtime permission app op: uid = 1001, code = READ_SMS, mode = allow, callingUid = 1000, oldMode = allow
11-19 18:01:21.646  1473  3875 W AppOpService: Ignored setUidMode call for runtime permission app op: uid = 1001, code = RECEIVE_SMS, mode = allow, callingUid = 1000, oldMode = allow
11-19 18:01:21.646  1473  3875 W AppOpService: Ignored setUidMode call for runtime permission app op: uid = 1001, code = RECEIVE_WAP_PUSH, mode = allow, callingUid = 1000, oldMode = allow
11-19 18:01:21.646  1473  3875 W AppOpService: Ignored setUidMode call for runtime permission app op: uid = 1001, code = SEND_SMS, mode = allow, callingUid = 1000, oldMode = allow
11-19 18:01:21.646  1473  3875 W AppOpService: Ignored setUidMode call for runtime permission app op: uid = 1001, code = READ_CELL_BROADCASTS, mode = allow, callingUid = 1000, oldMode = allow
11-19 18:01:21.649  1473  3875 W AppOpService: Ignored setUidMode call for runtime permission app op: uid = 10174, code = READ_CELL_BROADCASTS, mode = allow, callingUid = 1000, oldMode = allow
11-19 18:01:21.650  1473  3875 W AppOpService: Ignored setUidMode call for runtime permission app op: uid = 1001, code = READ_SMS, mode = allow, callingUid = 1000, oldMode = allow
11-19 18:01:21.650  1473  3875 W AppOpService: Ignored setUidMode call for runtime permission app op: uid = 1001, code = RECEIVE_SMS, mode = allow, callingUid = 1000, oldMode = allow
11-19 18:01:21.651  1473  3875 W AppOpService: Ignored setUidMode call for runtime permission app op: uid = 1001, code = RECEIVE_WAP_PUSH, mode = allow, callingUid = 1000, oldMode = allow
11-19 18:01:21.651  1473  3875 W AppOpService: Ignored setUidMode call for runtime permission app op: uid = 1001, code = SEND_SMS, mode = allow, callingUid = 1000, oldMode = allow
11-19 18:01:21.651  1473  3875 W AppOpService: Ignored setUidMode call for runtime permission app op: uid = 1001, code = READ_CELL_BROADCASTS, mode = allow, callingUid = 1000, oldMode = allow
11-19 18:01:21.655  1473  3875 W AppOpService: Ignored setUidMode call for runtime permission app op: uid = 10174, code = READ_CELL_BROADCASTS, mode = allow, callingUid = 1000, oldMode = allow
11-19 18:01:21.655  1473  3875 W AppOpService: Ignored setUidMode call for runtime permission app op: uid = 1001, code = READ_SMS, mode = allow, callingUid = 1000, oldMode = allow
11-19 18:01:21.656  1473  3875 W AppOpService: Ignored setUidMode call for runtime permission app op: uid = 1001, code = RECEIVE_SMS, mode = allow, callingUid = 1000, oldMode = allow
11-19 18:01:21.656  1473  3875 W AppOpService: Ignored setUidMode call for runtime permission app op: uid = 1001, code = RECEIVE_WAP_PUSH, mode = allow, callingUid = 1000, oldMode = allow
11-19 18:01:21.656  1473  3875 W AppOpService: Ignored setUidMode call for runtime permission app op: uid = 1001, code = SEND_SMS, mode = allow, callingUid = 1000, oldMode = allow
11-19 18:01:21.656  1473  3875 W AppOpService: Ignored setUidMode call for runtime permission app op: uid = 1001, code = READ_CELL_BROADCASTS, mode = allow, callingUid = 1000, oldMode = allow
11-19 18:01:21.659  1473  4178 W AppOpService: Ignored setUidMode call for runtime permission app op: uid = 10174, code = READ_CELL_BROADCASTS, mode = allow, callingUid = 1000, oldMode = allow
11-19 18:01:21.660  1473  4178 W AppOpService: Ignored setUidMode call for runtime permission app op: uid = 1001, code = READ_SMS, mode = allow, callingUid = 1000, oldMode = allow
11-19 18:01:21.661  1473  4178 W AppOpService: Ignored setUidMode call for runtime permission app op: uid = 1001, code = RECEIVE_SMS, mode = allow, callingUid = 1000, oldMode = allow
11-19 18:01:21.661  1473  4178 W AppOpService: Ignored setUidMode call for runtime permission app op: uid = 1001, code = RECEIVE_WAP_PUSH, mode = allow, callingUid = 1000, oldMode = allow
11-19 18:01:21.661  1473  4178 W AppOpService: Ignored setUidMode call for runtime permission app op: uid = 1001, code = SEND_SMS, mode = allow, callingUid = 1000, oldMode = allow
11-19 18:01:21.661  1473  4178 W AppOpService: Ignored setUidMode call for runtime permission app op: uid = 1001, code = READ_CELL_BROADCASTS, mode = allow, callingUid = 1000, oldMode = allow
11-19 18:01:21.665  1473  4178 W AppOpService: Ignored setUidMode call for runtime permission app op: uid = 10174, code = READ_CELL_BROADCASTS, mode = allow, callingUid = 1000, oldMode = allow
11-19 18:01:21.666  1473  4178 W AppOpService: Ignored setUidMode call for runtime permission app op: uid = 1001, code = READ_SMS, mode = allow, callingUid = 1000, oldMode = allow
11-19 18:01:21.666  1473  4178 W AppOpService: Ignored setUidMode call for runtime permission app op: uid = 1001, code = RECEIVE_SMS, mode = allow, callingUid = 1000, oldMode = allow
11-19 18:01:21.666  1473  4178 W AppOpService: Ignored setUidMode call for runtime permission app op: uid = 1001, code = RECEIVE_WAP_PUSH, mode = allow, callingUid = 1000, oldMode = allow
11-19 18:01:21.666  1473  4178 W AppOpService: Ignored setUidMode call for runtime permission app op: uid = 1001, code = SEND_SMS, mode = allow, callingUid = 1000, oldMode = allow
11-19 18:01:21.667  1473  3875 W AppOpService: Ignored setUidMode call for runtime permission app op: uid = 1001, code = READ_CELL_BROADCASTS, mode = allow, callingUid = 1000, oldMode = allow
11-19 18:01:21.670  1473  4178 W AppOpService: Ignored setUidMode call for runtime permission app op: uid = 10174, code = READ_CELL_BROADCASTS, mode = allow, callingUid = 1000, oldMode = allow
11-19 18:01:21.671  1473  3875 W AppOpService: Ignored setUidMode call for runtime permission app op: uid = 1001, code = READ_SMS, mode = allow, callingUid = 1000, oldMode = allow
11-19 18:01:21.672  1473  4178 W AppOpService: Ignored setUidMode call for runtime permission app op: uid = 1001, code = RECEIVE_SMS, mode = allow, callingUid = 1000, oldMode = allow
11-19 18:01:21.673  1473  4178 W AppOpService: Ignored setUidMode call for runtime permission app op: uid = 1001, code = RECEIVE_WAP_PUSH, mode = allow, callingUid = 1000, oldMode = allow
11-19 18:01:21.673  1473  4178 W AppOpService: Ignored setUidMode call for runtime permission app op: uid = 1001, code = SEND_SMS, mode = allow, callingUid = 1000, oldMode = allow
11-19 18:01:21.673  1473  4178 W AppOpService: Ignored setUidMode call for runtime permission app op: uid = 1001, code = READ_CELL_BROADCASTS, mode = allow, callingUid = 1000, oldMode = allow
11-19 18:01:21.677  1473  4178 W AppOpService: Ignored setUidMode call for runtime permission app op: uid = 10174, code = READ_CELL_BROADCASTS, mode = allow, callingUid = 1000, oldMode = allow
11-19 18:01:21.678  1473  4178 W AppOpService: Ignored setUidMode call for runtime permission app op: uid = 1001, code = READ_SMS, mode = allow, callingUid = 1000, oldMode = allow
11-19 18:01:21.678  1473  3875 W AppOpService: Ignored setUidMode call for runtime permission app op: uid = 1001, code = RECEIVE_SMS, mode = allow, callingUid = 1000, oldMode = allow
11-19 18:01:21.678  1473  3875 W AppOpService: Ignored setUidMode call for runtime permission app op: uid = 1001, code = RECEIVE_WAP_PUSH, mode = allow, callingUid = 1000, oldMode = allow
11-19 18:01:21.679  1473  3875 W AppOpService: Ignored setUidMode call for runtime permission app op: uid = 1001, code = SEND_SMS, mode = allow, callingUid = 1000, oldMode = allow
11-19 18:01:21.679  1473  3875 W AppOpService: Ignored setUidMode call for runtime permission app op: uid = 1001, code = READ_CELL_BROADCASTS, mode = allow, callingUid = 1000, oldMode = allow
11-19 18:01:21.681  1473  3875 W AppOpService: Ignored setUidMode call for runtime permission app op: uid = 10174, code = READ_CELL_BROADCASTS, mode = allow, callingUid = 1000, oldMode = allow
11-19 18:01:21.682  1473  3875 W AppOpService: Ignored setUidMode call for runtime permission app op: uid = 1001, code = READ_SMS, mode = allow, callingUid = 1000, oldMode = allow
11-19 18:01:21.683  1473  3875 W AppOpService: Ignored setUidMode call for runtime permission app op: uid = 1001, code = RECEIVE_SMS, mode = allow, callingUid = 1000, oldMode = allow
11-19 18:01:21.683  1473  3875 W AppOpService: Ignored setUidMode call for runtime permission app op: uid = 1001, code = RECEIVE_WAP_PUSH, mode = allow, callingUid = 1000, oldMode = allow
11-19 18:01:21.683  1473  3875 W AppOpService: Ignored setUidMode call for runtime permission app op: uid = 1001, code = SEND_SMS, mode = allow, callingUid = 1000, oldMode = allow
11-19 18:01:21.683  1473  3875 W AppOpService: Ignored setUidMode call for runtime permission app op: uid = 1001, code = READ_CELL_BROADCASTS, mode = allow, callingUid = 1000, oldMode = allow
11-19 18:01:21.686  1473  3875 W AppOpService: Ignored setUidMode call for runtime permission app op: uid = 10174, code = READ_CELL_BROADCASTS, mode = allow, callingUid = 1000, oldMode = allow
11-19 18:01:21.687  1473  3875 W AppOpService: Ignored setUidMode call for runtime permission app op: uid = 1001, code = READ_SMS, mode = allow, callingUid = 1000, oldMode = allow
11-19 18:01:21.687  1473  3875 W AppOpService: Ignored setUidMode call for runtime permission app op: uid = 1001, code = RECEIVE_SMS, mode = allow, callingUid = 1000, oldMode = allow
11-19 18:01:21.687  1473  3875 W AppOpService: Ignored setUidMode call for runtime permission app op: uid = 1001, code = RECEIVE_WAP_PUSH, mode = allow, callingUid = 1000, oldMode = allow
11-19 18:01:21.687  1473  3875 W AppOpService: Ignored setUidMode call for runtime permission app op: uid = 1001, code = SEND_SMS, mode = allow, callingUid = 1000, oldMode = allow
11-19 18:01:21.688  1473  3875 W AppOpService: Ignored setUidMode call for runtime permission app op: uid = 1001, code = READ_CELL_BROADCASTS, mode = allow, callingUid = 1000, oldMode = allow
11-19 18:01:21.690  1473  3875 W AppOpService: Ignored setUidMode call for runtime permission app op: uid = 10174, code = READ_CELL_BROADCASTS, mode = allow, callingUid = 1000, oldMode = allow
11-19 18:01:21.691  1473  3875 W AppOpService: Ignored setUidMode call for runtime permission app op: uid = 1001, code = READ_SMS, mode = allow, callingUid = 1000, oldMode = allow
11-19 18:01:21.691  1473  3875 W AppOpService: Ignored setUidMode call for runtime permission app op: uid = 1001, code = RECEIVE_SMS, mode = allow, callingUid = 1000, oldMode = allow
11-19 18:01:21.691  1473  3875 W AppOpService: Ignored setUidMode call for runtime permission app op: uid = 1001, code = RECEIVE_WAP_PUSH, mode = allow, callingUid = 1000, oldMode = allow
11-19 18:01:21.692  1473  3875 W AppOpService: Ignored setUidMode call for runtime permission app op: uid = 1001, code = SEND_SMS, mode = allow, callingUid = 1000, oldMode = allow
11-19 18:01:21.692  1473  3875 W AppOpService: Ignored setUidMode call for runtime permission app op: uid = 1001, code = READ_CELL_BROADCASTS, mode = allow, callingUid = 1000, oldMode = allow
11-19 18:01:21.695  1473  3875 W AppOpService: Ignored setUidMode call for runtime permission app op: uid = 10174, code = READ_CELL_BROADCASTS, mode = allow, callingUid = 1000, oldMode = allow
11-19 18:01:21.696  1473  3875 W AppOpService: Ignored setUidMode call for runtime permission app op: uid = 1001, code = READ_SMS, mode = allow, callingUid = 1000, oldMode = allow
11-19 18:01:21.697  1473  3875 W AppOpService: Ignored setUidMode call for runtime permission app op: uid = 1001, code = RECEIVE_SMS, mode = allow, callingUid = 1000, oldMode = allow
11-19 18:01:21.697  1473  3875 W AppOpService: Ignored setUidMode call for runtime permission app op: uid = 1001, code = RECEIVE_WAP_PUSH, mode = allow, callingUid = 1000, oldMode = allow
11-19 18:01:21.697  1473  3875 W AppOpService: Ignored setUidMode call for runtime permission app op: uid = 1001, code = SEND_SMS, mode = allow, callingUid = 1000, oldMode = allow
11-19 18:01:21.697  1473  3875 W AppOpService: Ignored setUidMode call for runtime permission app op: uid = 1001, code = READ_CELL_BROADCASTS, mode = allow, callingUid = 1000, oldMode = allow
11-19 18:01:21.700  1473  3875 W AppOpService: Ignored setUidMode call for runtime permission app op: uid = 10174, code = READ_CELL_BROADCASTS, mode = allow, callingUid = 1000, oldMode = allow
11-19 18:01:21.701  1473  3875 W AppOpService: Ignored setUidMode call for runtime permission app op: uid = 1001, code = READ_SMS, mode = allow, callingUid = 1000, oldMode = allow
11-19 18:01:21.701  1473  3875 W AppOpService: Ignored setUidMode call for runtime permission app op: uid = 1001, code = RECEIVE_SMS, mode = allow, callingUid = 1000, oldMode = allow
11-19 18:01:21.701  1473  3875 W AppOpService: Ignored setUidMode call for runtime permission app op: uid = 1001, code = RECEIVE_WAP_PUSH, mode = allow, callingUid = 1000, oldMode = allow
11-19 18:01:21.702  1473  3875 W AppOpService: Ignored setUidMode call for runtime permission app op: uid = 1001, code = SEND_SMS, mode = allow, callingUid = 1000, oldMode = allow
11-19 18:01:21.702  1473  3875 W AppOpService: Ignored setUidMode call for runtime permission app op: uid = 1001, code = READ_CELL_BROADCASTS, mode = allow, callingUid = 1000, oldMode = allow
11-19 18:01:21.705  1473  4178 W AppOpService: Ignored setUidMode call for runtime permission app op: uid = 10174, code = READ_CELL_BROADCASTS, mode = allow, callingUid = 1000, oldMode = allow
11-19 18:01:21.707  1473  4178 W AppOpService: Ignored setUidMode call for runtime permission app op: uid = 1001, code = READ_SMS, mode = allow, callingUid = 1000, oldMode = allow
11-19 18:01:21.707  1473  4178 W AppOpService: Ignored setUidMode call for runtime permission app op: uid = 1001, code = RECEIVE_SMS, mode = allow, callingUid = 1000, oldMode = allow
11-19 18:01:21.707  1473  4178 W AppOpService: Ignored setUidMode call for runtime permission app op: uid = 1001, code = RECEIVE_WAP_PUSH, mode = allow, callingUid = 1000, oldMode = allow
11-19 18:01:21.707  1473  4178 W AppOpService: Ignored setUidMode call for runtime permission app op: uid = 1001, code = SEND_SMS, mode = allow, callingUid = 1000, oldMode = allow
11-19 18:01:21.708  1473  4178 W AppOpService: Ignored setUidMode call for runtime permission app op: uid = 1001, code = READ_CELL_BROADCASTS, mode = allow, callingUid = 1000, oldMode = allow
11-19 18:01:21.711  1473  4178 W AppOpService: Ignored setUidMode call for runtime permission app op: uid = 10174, code = READ_CELL_BROADCASTS, mode = allow, callingUid = 1000, oldMode = allow
11-19 18:01:21.712  1473  4178 W AppOpService: Ignored setUidMode call for runtime permission app op: uid = 1001, code = READ_SMS, mode = allow, callingUid = 1000, oldMode = allow
11-19 18:01:21.713  1473  4178 W AppOpService: Ignored setUidMode call for runtime permission app op: uid = 1001, code = RECEIVE_SMS, mode = allow, callingUid = 1000, oldMode = allow
11-19 18:01:21.713  1473  4178 W AppOpService: Ignored setUidMode call for runtime permission app op: uid = 1001, code = RECEIVE_WAP_PUSH, mode = allow, callingUid = 1000, oldMode = allow
11-19 18:01:21.713  1473  4178 W AppOpService: Ignored setUidMode call for runtime permission app op: uid = 1001, code = SEND_SMS, mode = allow, callingUid = 1000, oldMode = allow
11-19 18:01:21.713  1473  4178 W AppOpService: Ignored setUidMode call for runtime permission app op: uid = 1001, code = READ_CELL_BROADCASTS, mode = allow, callingUid = 1000, oldMode = allow
11-19 18:01:21.718  1473  4178 W AppOpService: Ignored setUidMode call for runtime permission app op: uid = 10174, code = READ_CELL_BROADCASTS, mode = allow, callingUid = 1000, oldMode = allow
11-19 18:01:21.719  1473  3875 W AppOpService: Ignored setUidMode call for runtime permission app op: uid = 1001, code = READ_SMS, mode = allow, callingUid = 1000, oldMode = allow
11-19 18:01:21.720  1473  3875 W AppOpService: Ignored setUidMode call for runtime permission app op: uid = 1001, code = RECEIVE_SMS, mode = allow, callingUid = 1000, oldMode = allow
11-19 18:01:21.720  1473  3875 W AppOpService: Ignored setUidMode call for runtime permission app op: uid = 1001, code = RECEIVE_WAP_PUSH, mode = allow, callingUid = 1000, oldMode = allow
11-19 18:01:21.720  1473  3875 W AppOpService: Ignored setUidMode call for runtime permission app op: uid = 1001, code = SEND_SMS, mode = allow, callingUid = 1000, oldMode = allow
11-19 18:01:21.720  1473  3875 W AppOpService: Ignored setUidMode call for runtime permission app op: uid = 1001, code = READ_CELL_BROADCASTS, mode = allow, callingUid = 1000, oldMode = allow
11-19 18:01:21.724  1473  3875 W AppOpService: Ignored setUidMode call for runtime permission app op: uid = 10174, code = READ_CELL_BROADCASTS, mode = allow, callingUid = 1000, oldMode = allow
11-19 18:01:21.725  1473  3875 W AppOpService: Ignored setUidMode call for runtime permission app op: uid = 1001, code = READ_SMS, mode = allow, callingUid = 1000, oldMode = allow
11-19 18:01:21.726  1473  4178 W AppOpService: Ignored setUidMode call for runtime permission app op: uid = 1001, code = RECEIVE_SMS, mode = allow, callingUid = 1000, oldMode = allow
11-19 18:01:21.726  1473  4178 W AppOpService: Ignored setUidMode call for runtime permission app op: uid = 1001, code = RECEIVE_WAP_PUSH, mode = allow, callingUid = 1000, oldMode = allow
11-19 18:01:21.726  1473  3875 W AppOpService: Ignored setUidMode call for runtime permission app op: uid = 1001, code = SEND_SMS, mode = allow, callingUid = 1000, oldMode = allow
11-19 18:01:21.727  1473  3875 W AppOpService: Ignored setUidMode call for runtime permission app op: uid = 1001, code = READ_CELL_BROADCASTS, mode = allow, callingUid = 1000, oldMode = allow
11-19 18:01:21.796  1473 12390 D HealthConnectRecordHelper: requestSize = 5000
11-19 18:01:21.948  1473 12390 D HealthConnectRecordHelper: requestSize = 5000
11-19 18:01:22.058  1473 12390 D HealthConnectRecordHelper: requestSize = 5000
11-19 18:01:22.197  1473 12390 D HealthConnectRecordHelper: requestSize = 5000
11-19 18:01:31.183  1473  2059 D ActivityManager: freezing 20478 com.google.android.flipendo
11-19 18:01:31.243  1473  2846 V VirtualDisplayAdapter: Update surface for VirtualDisplay studio.screen.sharing:0
11-19 18:01:31.244  1473  1714 I DisplayDeviceRepository: Display device changed state: "studio.screen.sharing:0", OFF
11-19 18:01:31.245  1473  1754 D BrightnessThermalClamper: Thermal status observer already started
11-19 18:01:31.246  1473  1712 D WindowManager: DeferredDisplayUpdater: applying DisplayInfo(608 x 1358) immediately
11-19 18:01:31.246  1473  1712 D WindowManager: Create SleepToken: tag=Display-off, displayId=38
11-19 18:01:31.247  1473  1712 V WindowManager: Content Recording: Display 38 state was (2), is now (1), so update recording?
11-19 18:01:31.247  1473  1712 V WindowManager: Content Recording: Display 38 has content (false) so pause recording
11-19 18:01:31.254  1473  1712 I DisplayDevice: [38] Layerstack set to -1 for virtual:com.android.shell,2000,studio.screen.sharing:0,36
11-19 18:01:31.259  1473  1714 E ModeChangeObserver: Changed display not found
11-19 18:01:31.301  1473  2846 V VirtualDisplayAdapter: Resize VirtualDisplay studio.screen.sharing:0 to 608 1358
11-19 18:01:31.302  1473  4178 V VirtualDisplayAdapter: Update surface for VirtualDisplay studio.screen.sharing:0
11-19 18:01:31.302  1473  1714 I DisplayDeviceRepository: Display device changed state: "studio.screen.sharing:0", ON
11-19 18:01:31.303  1473  1754 D BrightnessThermalClamper: Thermal status observer already started
11-19 18:01:31.303  1473  1712 D WindowManager: DeferredDisplayUpdater: applying DisplayInfo(608 x 1358) immediately
11-19 18:01:31.304  1473  1712 D WindowManager: Remove SleepToken: tag=Display-off, displayId=38
11-19 18:01:31.304  1473  1712 V WindowManager: Content Recording: Display 38 state was (1), is now (2), so update recording?
11-19 18:01:31.304  1473  1712 V WindowManager: Content Recording: Display 38 has no content and is on, so start recording for state 2
11-19 18:01:31.305  1473  1712 V WindowManager: Content Recording: Apply transformations of shift 0 x 0, scale 0.6333333253860474 x 0.6333333253860474, crop (aka recorded content size) 960 x 2142 for display 38; display has size 270 x 604; surface has size 608 x 1358
11-19 18:01:31.306  1473  1712 I MediaProjectionManagerService: Cannot log MediaProjectionTargetChanged atom due to null projection
11-19 18:01:31.307  1473  1712 I DisplayDevice: [38] Layerstack set to 38 for virtual:com.android.shell,2000,studio.screen.sharing:0,36
11-19 18:01:31.310  1473  1714 E ModeChangeObserver: Changed display not found
11-19 18:01:31.394  1473  2059 D ActivityManager: freezing 387 com.google.android.apps.pixel.dcservice
11-19 18:01:31.468  1473  2059 D ActivityManager: freezing 23738 com.google.android.apps.turbo:aab
11-19 18:01:31.557  1473 12390 D HealthConnectRecordHelper: requestSize = 5000
11-19 18:01:31.689  1473 12390 D HealthConnectRecordHelper: requestSize = 5000
11-19 18:01:31.780  1473 12390 D HealthConnectRecordHelper: requestSize = 5000
11-19 18:01:31.915  1473 12390 D HealthConnectRecordHelper: requestSize = 5000
11-19 18:01:31.983   507  8751 I keystore2: system/security/keystore2/watchdog/src/lib.rs:371 - Watchdog thread idle -> terminating. Have a great day.
11-19 18:01:40.675  1473  2059 D ActivityManager: freezing 14729 com.google.android.apps.fitness
11-19 18:01:46.447  1473  2059 D ActivityManager: freezing 25340 com.google.android.gms
11-19 18:01:48.348  1473  2059 D ActivityManager: freezing 24733 com.google.android.apps.turbo
11-19 18:01:55.852  1473  4158 W AppOps  : Noting op not finished: uid 10187 pkg com.google.android.gms code 79 startTime of in progress event=1763589494866
11-19 18:01:55.866  1473  3875 W AppOps  : Noting op not finished: uid 10187 pkg com.google.android.gms code 79 startTime of in progress event=1763589494866
11-19 18:01:55.873  1473  4158 W AppOps  : Noting op not finished: uid 10187 pkg com.google.android.gms code 113 startTime of in progress event=1763589494866
11-19 18:01:55.887  1473  2846 W AppOps  : Noting op not finished: uid 10187 pkg com.google.android.gms code 113 startTime of in progress event=1763589494866
11-19 18:01:56.855  1473  4178 W AppOps  : Noting op not finished: uid 10187 pkg com.google.android.gms code 113 startTime of in progress event=1763589494866
11-19 18:01:57.366  1473  2059 D ActivityManager: freezing 8803 com.android.settings
11-19 18:01:57.371  1473  2059 D ActivityManager: freezing 3314 com.google.android.apps.wellbeing
11-19 18:02:16.646  1473  1725 D ActivityManager: sync unfroze 31629 net.slickdeals.android for 3
11-19 18:02:16.679  1473  1725 W ProcessStats: Tracking association SourceState{183720e net.slickdeals.android/10444 Receivr #330006} whose proc state 10 is better than process ProcessState{68c042f com.google.android.webview:sandboxed_process0:org.chromium.content.app.SandboxedProcessService0:0/10444 pkg=net.slickdeals.android} proc state 15 (9 skipped)
11-19 18:02:16.707  1473  2175 D BackgroundInstallControlService: Package event received: 0
11-19 18:02:16.748  1473  2175 D BackgroundInstallControlService: Package event received: 0
11-19 18:02:22.007  1473  4167 D ActivityManager: sync unfroze 24733 com.google.android.apps.turbo for 7
11-19 18:02:22.008  1473  2175 D BackgroundInstallControlService: Package event received: 0
11-19 18:02:22.053  1473  1725 D ActivityManager: sync unfroze 20478 com.google.android.flipendo for 3
11-19 18:02:22.077  1473  1725 D ActivityManager: sync unfroze 387 com.google.android.apps.pixel.dcservice for 3
11-19 18:02:26.653  1473  4167 D CoreBackPreview: Window{6cd782 u0 com.example.vitruvianredux.debug/com.example.vitruvianredux.MainActivity}: Setting back callback OnBackInvokedCallbackInfo{mCallback=android.window.IOnBackInvokedCallback$Stub$Proxy@731e6d2, mPriority=0, mIsAnimationCallback=true, mOverrideBehavior=0}
11-19 18:02:26.693  1473  1714 I DisplayDeviceRepository: Display device changed render timings: "Built-in Screen", renderFrameRate=60.00001, presentationDeadlineNanos=11500000, appVsyncOffsetNanos=6233328, frameRateOverrides=[{uid=10507 frameRateHz=60.00001}]
11-19 18:02:26.778  1473  2059 D ActivityManager: freezing 31629 net.slickdeals.android
11-19 18:02:27.426  1473  1714 I DisplayDeviceRepository: Display device changed render timings: "Built-in Screen", renderFrameRate=60.00001, presentationDeadlineNanos=11500000, appVsyncOffsetNanos=6233328, frameRateOverrides=[]
11-19 18:02:27.855  1473  1714 I DisplayDeviceRepository: Display device changed render timings: "Built-in Screen", renderFrameRate=60.00001, presentationDeadlineNanos=11500000, appVsyncOffsetNanos=6233328, frameRateOverrides=[{uid=10507 frameRateHz=60.00001}]
11-19 18:02:28.206  1473  1714 I DisplayDeviceRepository: Display device changed render timings: "Built-in Screen", renderFrameRate=60.00001, presentationDeadlineNanos=11500000, appVsyncOffsetNanos=6233328, frameRateOverrides=[]
11-19 18:02:29.625  1473  1725 D ActivityManager: sync unfroze 13270 com.google.android.googlequicksearchbox:googleapp for 3
11-19 18:02:29.661  1473  1725 D ActivityManager: sync unfroze 10113 com.google.android.webview:sandboxed_process0:org.chromium.content.app.SandboxedProcessService0:0 for 3
11-19 18:02:29.672  1473  1725 D ActivityManager: sync unfroze 10189 com.google.android.webview:sandboxed_process0:org.chromium.content.app.SandboxedProcessService0:1 for 3
11-19 18:02:29.745  1473  2175 D BackgroundInstallControlService: Package event received: 0
11-19 18:02:29.757  1473  2175 D BackgroundInstallControlService: Package event received: 0
11-19 18:02:30.160  1473  2175 D BackgroundInstallControlService: Package event received: 0
11-19 18:02:30.313  1473  2175 D BackgroundInstallControlService: Package event received: 0
11-19 18:02:32.130  1473  2059 D ActivityManager: freezing 20478 com.google.android.flipendo
11-19 18:02:32.176  1473  2059 D ActivityManager: freezing 387 com.google.android.apps.pixel.dcservice
11-19 18:02:34.407  1473  1714 I DisplayDeviceRepository: Display device changed render timings: "Built-in Screen", renderFrameRate=60.00001, presentationDeadlineNanos=11500000, appVsyncOffsetNanos=6233328, frameRateOverrides=[{uid=10507 frameRateHz=60.00001}]
11-19 18:02:35.539  1473  1714 I DisplayDeviceRepository: Display device changed render timings: "Built-in Screen", renderFrameRate=60.00001, presentationDeadlineNanos=11500000, appVsyncOffsetNanos=6233328, frameRateOverrides=[]
11-19 18:02:36.355  1473  1714 I DisplayDeviceRepository: Display device changed render timings: "Built-in Screen", renderFrameRate=60.00001, presentationDeadlineNanos=11500000, appVsyncOffsetNanos=6233328, frameRateOverrides=[{uid=10507 frameRateHz=60.00001}]
11-19 18:02:38.337  1473  1714 I DisplayDeviceRepository: Display device changed render timings: "Built-in Screen", renderFrameRate=60.00001, presentationDeadlineNanos=11500000, appVsyncOffsetNanos=6233328, frameRateOverrides=[]
11-19 18:02:39.493  1473  1714 I DisplayDeviceRepository: Display device changed render timings: "Built-in Screen", renderFrameRate=60.00001, presentationDeadlineNanos=11500000, appVsyncOffsetNanos=6233328, frameRateOverrides=[{uid=10507 frameRateHz=60.00001}]
11-19 18:02:39.711  1473  1714 I DisplayDeviceRepository: Display device changed render timings: "Built-in Screen", renderFrameRate=60.00001, presentationDeadlineNanos=11500000, appVsyncOffsetNanos=6233328, frameRateOverrides=[]
11-19 18:02:40.218  1473  2059 D ActivityManager: freezing 10189 com.google.android.webview:sandboxed_process0:org.chromium.content.app.SandboxedProcessService0:1
11-19 18:02:48.415  1473  2175 D BackgroundInstallControlService: Package event received: 0
11-19 18:02:48.419  1473  2175 D BackgroundInstallControlService: Package event received: 0
11-19 18:02:49.599  1473  4167 W AppOps  : Noting op not finished: uid 10187 pkg com.google.android.gms code 79 startTime of in progress event=1763589494866
11-19 18:02:49.619  1473  4167 W AppOps  : Noting op not finished: uid 10187 pkg com.google.android.gms code 79 startTime of in progress event=1763589494866
11-19 18:02:49.625  1473  4167 W AppOps  : Noting op not finished: uid 10187 pkg com.google.android.gms code 113 startTime of in progress event=1763589494866
11-19 18:02:49.634  1473  4178 W AppOps  : Noting op not finished: uid 10187 pkg com.google.android.gms code 113 startTime of in progress event=1763589494866
11-19 18:02:49.641  1473  4167 E AppOps  : attributionTag IWLAN not declared in manifest of com.google.android.iwlan
11-19 18:02:50.210  1473  2059 D ActivityManager: freezing 13270 com.google.android.googlequicksearchbox:googleapp
11-19 18:02:50.600  1473  4167 W AppOps  : Noting op not finished: uid 10187 pkg com.google.android.gms code 113 startTime of in progress event=1763589494866
11-19 18:03:14.722  1473  1473 I SoundTriggerHelper: Recognition success
11-19 18:03:14.723  1473  2846 I SoundTriggerMiddlewareLogging: RECOGNITION (1, PhraseRecognitionEventSys{phraseRecognitionEvent: PhraseRecognitionEvent{common: RecognitionEvent{status: 0, type: 0, captureAvailable: true, captureDelayMs: 0, capturePreambleMs: 0, triggerInData: false, audioConfig: AudioConfig{base: AudioConfigBase{sampleRate: 16000, channelMask: AudioChannelLayout.layoutMask(3), format: AudioFormatDescription{type: 1, pcm: 1, encoding: }}, offloadInfo: AudioOffloadInfo{base: AudioConfigBase{sampleRate: 0, channelMask: AudioChannelLayout.none(0), format: AudioFormatDescription{type: 0, pcm: 0, encoding: }}, streamType: -2, bitRatePerSecond: 0, durationUs: 0, hasVideo: false, isStreaming: false, bitWidth: 16, offloadBufferSize: 0, usage: -1, encapsulationMode: -1, contentId: 0, syncId: 0}, frameCount: 0}, data: [], recognitionStillActive: false}, phraseExtras: [PhraseRecognitionExtra{id: 101, recognitionModes: 1, confidenceLevel: 0, levels: []}]}, halEventReceivedMillis: 335938304267138, token: android.os.Binder@6226ebf}, 3433)
11-19 18:03:16.146  4582  4594 I AlwaysOnHotwordDetector: onRejected
11-19 18:03:16.148  4582  4619 I AlwaysOnHotwordDetector: handle message 6
11-19 18:03:16.184  1473  2175 D BackgroundInstallControlService: Package event received: 0
11-19 18:03:16.218  1473  4158 I SoundTriggerMiddlewareLogging: START_RECOGNITION (1, RecognitionConfig{captureRequested: true, phraseRecognitionExtras: [PhraseRecognitionExtra{id: 101, recognitionModes: 1, confidenceLevel: 0, levels: []}], audioCapabilities: 0, data: []}) -> android.os.Binder@a7b5746
11-19 18:03:16.218  1473  4158 I SoundTriggerHelper: startRecognition successful.
11-19 18:03:28.453  1473  2175 D BackgroundInstallControlService: Package event received: 0
11-19 18:03:28.458  1473  2175 D BackgroundInstallControlService: Package event received: 0
11-19 18:03:31.131  1473  3875 V VirtualDisplayAdapter: Update surface for VirtualDisplay studio.screen.sharing:0
11-19 18:03:31.131  1473  1714 I DisplayDeviceRepository: Display device changed state: "studio.screen.sharing:0", OFF
11-19 18:03:31.133  1473  1754 D BrightnessThermalClamper: Thermal status observer already started
11-19 18:03:31.133  1473  1712 D WindowManager: DeferredDisplayUpdater: applying DisplayInfo(608 x 1358) immediately
11-19 18:03:31.134  1473  1712 D WindowManager: Create SleepToken: tag=Display-off, displayId=38
11-19 18:03:31.135  1473  1712 V WindowManager: Content Recording: Display 38 state was (2), is now (1), so update recording?
11-19 18:03:31.135  1473  1712 V WindowManager: Content Recording: Display 38 has content (false) so pause recording
11-19 18:03:31.143  1473  1712 I DisplayDevice: [38] Layerstack set to -1 for virtual:com.android.shell,2000,studio.screen.sharing:0,36
11-19 18:03:31.144  1473  1714 E ModeChangeObserver: Changed display not found
11-19 18:03:31.187  1473  4158 V VirtualDisplayAdapter: Resize VirtualDisplay studio.screen.sharing:0 to 608 1358
11-19 18:03:31.188  1473  4158 V VirtualDisplayAdapter: Update surface for VirtualDisplay studio.screen.sharing:0
11-19 18:03:31.188  1473  1714 I DisplayDeviceRepository: Display device changed state: "studio.screen.sharing:0", ON
11-19 18:03:31.190  1473  1712 D WindowManager: DeferredDisplayUpdater: applying DisplayInfo(608 x 1358) immediately
11-19 18:03:31.190  1473  1754 D BrightnessThermalClamper: Thermal status observer already started
11-19 18:03:31.190  1473  1712 D WindowManager: Remove SleepToken: tag=Display-off, displayId=38
11-19 18:03:31.191  1473  1712 V WindowManager: Content Recording: Display 38 state was (1), is now (2), so update recording?
11-19 18:03:31.192  1473  1712 V WindowManager: Content Recording: Display 38 has no content and is on, so start recording for state 2
11-19 18:03:31.193  1473  1712 V WindowManager: Content Recording: Apply transformations of shift 0 x 0, scale 0.6333333253860474 x 0.6333333253860474, crop (aka recorded content size) 960 x 2142 for display 38; display has size 270 x 604; surface has size 608 x 1358
11-19 18:03:31.194  1473  1712 I MediaProjectionManagerService: Cannot log MediaProjectionTargetChanged atom due to null projection
11-19 18:03:31.197  1473  1712 I DisplayDevice: [38] Layerstack set to 38 for virtual:com.android.shell,2000,studio.screen.sharing:0,36
11-19 18:03:31.200  1473  1714 E ModeChangeObserver: Changed display not found
--------- beginning of main
11-19 18:03:45.915  6778  6778 V VitruvianBleManager: Emitted metric to flow: success=true, subscribers=1
11-19 18:03:45.915  6778  6865 D BleRepositoryImpl$connectToDevice: BleRepository forwarding monitor metric: pos=(0,0)
11-19 18:03:45.916  6778  6778 V MainViewModel: Monitor metric received in ViewModel: pos=(0,0)
11-19 18:03:45.991  6778  6778 D VitruvianBLE: gatt.readCharacteristic(90e991a6-c548-44ed-969b-eb541014eae3)
11-19 18:03:46.018  6778  6778 I VitruvianBLE: Read Response received from 90e991a6-c548-44ed-969b-eb541014eae3, value: (0x) C0-43-08-00-00-00-00-00-FA-00-00-00-00-00-FA-00-00-00-00-2E-00-00-00-00-00-00
11-19 18:03:46.019  6778  6778 D VitruvianBleManager$startMonitorPolling: Monitor read callback fired!
11-19 18:03:46.019  6778  6778 V VitruvianBleManager: handleMonitorData called
11-19 18:03:46.020  6778  6778 V VitruvianBleManager: Emitted metric to flow: success=true, subscribers=1
11-19 18:03:46.021  6778  6865 D BleRepositoryImpl$connectToDevice: BleRepository forwarding monitor metric: pos=(0,0)
11-19 18:03:46.022  6778  6778 V MainViewModel: Monitor metric received in ViewModel: pos=(0,0)
11-19 18:03:46.095  6778  6778 D VitruvianBLE: gatt.readCharacteristic(90e991a6-c548-44ed-969b-eb541014eae3)
11-19 18:03:46.123  6778  6778 I VitruvianBLE: Read Response received from 90e991a6-c548-44ed-969b-eb541014eae3, value: (0x) 24-44-08-00-00-00-00-00-FA-00-00-00-00-00-FA-00-00-00-00-14-00-00-00-00-00-00
11-19 18:03:46.124  6778  6778 D VitruvianBleManager$startMonitorPolling: Monitor read callback fired!
11-19 18:03:46.125  6778  6778 V VitruvianBleManager: handleMonitorData called
11-19 18:03:46.125  6778  6778 V VitruvianBleManager: Emitted metric to flow: success=true, subscribers=1
11-19 18:03:46.126  6778  6865 D BleRepositoryImpl$connectToDevice: BleRepository forwarding monitor metric: pos=(0,0)
11-19 18:03:46.127  6778  6778 V MainViewModel: Monitor metric received in ViewModel: pos=(0,0)
11-19 18:03:46.167 19106  8709 I NearbyMediums: No BLE Fast/GATT advertisements found in the latest cycle.
11-19 18:03:46.167 19106  8709 I NearbyMediums: Current Tracked Scanning Clients are : {NearbyConnections.EnvironmentMonitor, NearbySharing, NearbyConnections.TxAdvertisement}
11-19 18:03:46.178  6778  6778 D VitruvianBLE: gatt.readCharacteristic(c7b73007-b245-4503-a1ed-9e4e97eb9802)
11-19 18:03:46.214  6778  6778 I VitruvianBLE: Read Response received from c7b73007-b245-4503-a1ed-9e4e97eb9802, value: (0x) 00-00-00-00-00-00-00-00-00-00-00-00-00-00-00-00-00-00-00-00-00-00-00-00-00-00-00-00-00-00-00-00-00-00-00-00-00-00-00-00-00-00-00-00-00-00-00-00-00-00-00-00-00-00-00-00-00-00-00-00-00-00-00-00-00-00-00-00-00-00-00-00-00-00-00-00-00-00-00-00-00-00-00-00-00-00-00-00-00-00-00-00-00-00-00-00-00
11-19 18:03:46.215  6778  6778 D VitruvianBLE: gatt.readCharacteristic(90e991a6-c548-44ed-969b-eb541014eae3)
11-19 18:03:46.218  6778  6865 V BleRepositoryImpl$connectToDevice: BleRepository forwarding heuristic data: HeuristicStatistics(concentric=HeuristicPhaseStatistics(kgAvg=0.0, kgMax=0.0, velAvg=0.0, velMax=0.0, wattAvg=0.0, wattMax=0.0), eccentric=HeuristicPhaseStatistics(kgAvg=0.0, kgMax=0.0, velAvg=0.0, velMax=0.0, wattAvg=0.0, wattMax=0.0), timestamp=1763593426216)
11-19 18:03:46.243  6778  6778 I VitruvianBLE: Read Response received from 90e991a6-c548-44ed-969b-eb541014eae3, value: (0x) 9C-44-08-00-00-00-00-00-FA-00-00-00-00-00-FA-00-00-00-00-03-00-00-00-00-00-00
11-19 18:03:46.243  6778  6778 D VitruvianBleManager$startMonitorPolling: Monitor read callback fired!
11-19 18:03:46.244  6778  6778 V VitruvianBleManager: handleMonitorData called
11-19 18:03:46.244  6778  6778 V VitruvianBleManager: Emitted metric to flow: success=true, subscribers=1
11-19 18:03:46.245  6778  6865 D BleRepositoryImpl$connectToDevice: BleRepository forwarding monitor metric: pos=(0,0)
11-19 18:03:46.247  6778  6778 V MainViewModel: Monitor metric received in ViewModel: pos=(0,0)
11-19 18:03:46.301  6778  6778 D VitruvianBLE: gatt.readCharacteristic(90e991a6-c548-44ed-969b-eb541014eae3)
11-19 18:03:46.342   922  2733 I bthal.activity: bt_power: LeAdvStat: 18:03:45:339 - 18:03:46:342, duration: 1002, le_adv_count: 2, total_le_adv_count: 89061, total_event_count: 5209
11-19 18:03:46.349  6778  6778 I VitruvianBLE: Read Response received from 90e991a6-c548-44ed-969b-eb541014eae3, value: (0x) 00-45-08-00-00-00-FF-FF-FA-00-00-00-00-00-FA-00-00-00-00-00-00-00-00-00-00-00
11-19 18:03:46.349  6778  6778 D VitruvianBleManager$startMonitorPolling: Monitor read callback fired!
11-19 18:03:46.350  6778  6778 V VitruvianBleManager: handleMonitorData called
11-19 18:03:46.351  6778  6778 V VitruvianBleManager: Emitted metric to flow: success=true, subscribers=1
11-19 18:03:46.351  6778  6865 D BleRepositoryImpl$connectToDevice: BleRepository forwarding monitor metric: pos=(0,0)
11-19 18:03:46.352  6778  6778 V MainViewModel: Monitor metric received in ViewModel: pos=(0,0)
11-19 18:03:46.404  6778  6778 D VitruvianBLE: gatt.readCharacteristic(90e991a6-c548-44ed-969b-eb541014eae3)
11-19 18:03:46.439  6778  6778 I VitruvianBLE: Read Response received from 90e991a6-c548-44ed-969b-eb541014eae3, value: (0x) 64-45-08-00-00-00-00-00-FA-00-00-00-00-00-FA-00-00-00-00-09-00-00-00-00-00-00
11-19 18:03:46.440  6778  6778 D VitruvianBleManager$startMonitorPolling: Monitor read callback fired!
11-19 18:03:46.440  6778  6778 V VitruvianBleManager: handleMonitorData called
11-19 18:03:46.441  6778  6778 V VitruvianBleManager: Emitted metric to flow: success=true, subscribers=1
11-19 18:03:46.441  6778  7981 D BleRepositoryImpl$connectToDevice: BleRepository forwarding monitor metric: pos=(0,0)
11-19 18:03:46.442  6778  6778 V MainViewModel: Monitor metric received in ViewModel: pos=(0,0)
11-19 18:03:46.507  6778  6778 D VitruvianBLE: gatt.readCharacteristic(90e991a6-c548-44ed-969b-eb541014eae3)
11-19 18:03:46.544  6778  6778 I VitruvianBLE: Read Response received from 90e991a6-c548-44ed-969b-eb541014eae3, value: (0x) C8-45-08-00-00-00-FF-FF-FA-00-00-00-00-00-FA-00-00-00-00-1C-00-00-00-00-00-00
11-19 18:03:46.544  6778  6778 D VitruvianBleManager$startMonitorPolling: Monitor read callback fired!
11-19 18:03:46.545  6778  6778 V VitruvianBleManager: handleMonitorData called
11-19 18:03:46.545  6778  6778 D ConnectionLogger: [BLE] DATA_RECEIVED [Vee_0000943D_386F6480]: Monitor data | PosA=0, PosB=0, LoadA=2.5kg, LoadB=2.5kg
11-19 18:03:46.547  6778  6778 V VitruvianBleManager: Emitted metric to flow: success=true, subscribers=1
11-19 18:03:46.547  6778  7981 D BleRepositoryImpl$connectToDevice: BleRepository forwarding monitor metric: pos=(0,0)
11-19 18:03:46.549  6778  6778 V MainViewModel: Monitor metric received in ViewModel: pos=(0,0)
11-19 18:03:46.557   932   932 W TracingMuxer: type=1400 audit(0.0:46079): avc:  denied  { write } for  name="traced_producer" dev="tmpfs" ino=1295 scontext=u:r:hal_neuralnetworks_darwinn:s0 tcontext=u:object_r:traced_producer_socket:s0 tclass=sock_file permissive=0
11-19 18:03:46.611  6778  6778 D VitruvianBLE: gatt.readCharacteristic(90e991a6-c548-44ed-969b-eb541014eae3)
11-19 18:03:46.649  6778  6778 I VitruvianBLE: Read Response received from 90e991a6-c548-44ed-969b-eb541014eae3, value: (0x) 2C-46-08-00-00-00-FF-FF-FA-00-00-00-00-00-FA-00-00-00-00-38-00-00-00-00-00-00
11-19 18:03:46.650  6778  6778 D VitruvianBleManager$startMonitorPolling: Monitor read callback fired!
11-19 18:03:46.650  6778  6778 V VitruvianBleManager: handleMonitorData called
11-19 18:03:46.651  6778  6778 V VitruvianBleManager: Emitted metric to flow: success=true, subscribers=1
11-19 18:03:46.651  6778  6865 D BleRepositoryImpl$connectToDevice: BleRepository forwarding monitor metric: pos=(0,0)
11-19 18:03:46.652  6778  6778 V MainViewModel: Monitor metric received in ViewModel: pos=(0,0)
11-19 18:03:46.714  6778  6778 D VitruvianBLE: gatt.readCharacteristic(90e991a6-c548-44ed-969b-eb541014eae3)
11-19 18:03:46.739  6778  6778 I VitruvianBLE: Read Response received from 90e991a6-c548-44ed-969b-eb541014eae3, value: (0x) 90-46-08-00-00-00-00-00-FA-00-00-00-00-00-FA-00-00-00-00-5B-00-00-00-00-00-00
11-19 18:03:46.740  6778  6778 D VitruvianBleManager$startMonitorPolling: Monitor read callback fired!
11-19 18:03:46.740  6778  6778 V VitruvianBleManager: handleMonitorData called
11-19 18:03:46.741  6778  6778 V VitruvianBleManager: Emitted metric to flow: success=true, subscribers=1
