--------- beginning of system
11-19 17:51:57.831  1473  2175 D BackgroundInstallControlService: Package event received: 0
11-19 17:51:57.833  1473  2175 D BackgroundInstallControlService: Package event received: 0
11-19 17:52:00.812  1473  1725 D ActivityManager: sync unfroze 31629 net.slickdeals.android for 3
11-19 17:52:00.817  1473  1725 W ProcessStats: Tracking association SourceState{183720e net.slickdeals.android/10444 Receivr #329330} whose proc state 10 is better than process ProcessState{68c042f com.google.android.webview:sandboxed_process0:org.chromium.content.app.SandboxedProcessService0:0/10444 pkg=net.slickdeals.android} proc state 15 (0 skipped)
11-19 17:52:00.865  1473  2175 D BackgroundInstallControlService: Package event received: 0
11-19 17:52:05.733  1473  2059 D ActivityManager: freezing 3544 .ShannonImsService
11-19 17:52:05.758  1473  1763 W PackageManager: Not removing package com.google.android.libraries.internal.sampleads_20009 hosting lib com.google.android.libraries.internal.sampleads version 20009 used by [VersionedPackage[com.google.android.play.games/618434440]] for user 0
11-19 17:52:10.388  1473  4178 W AppOps  : Noting op not finished: uid 10187 pkg com.google.android.gms code 79 startTime of in progress event=1763589494866
11-19 17:52:10.401  1473  4178 W AppOps  : Noting op not finished: uid 10187 pkg com.google.android.gms code 79 startTime of in progress event=1763589494866
11-19 17:52:10.407  1473  4797 W AppOps  : Noting op not finished: uid 10187 pkg com.google.android.gms code 113 startTime of in progress event=1763589494866
11-19 17:52:10.414  1473  3100 W AppOps  : Noting op not finished: uid 10187 pkg com.google.android.gms code 113 startTime of in progress event=1763589494866
11-19 17:52:10.919  1473  2059 D ActivityManager: freezing 31629 net.slickdeals.android
11-19 17:52:11.392  1473  3100 W AppOps  : Noting op not finished: uid 10187 pkg com.google.android.gms code 113 startTime of in progress event=1763589494866
11-19 17:52:27.861  1473  2175 D BackgroundInstallControlService: Package event received: 0
11-19 17:52:27.863  1473  2175 D BackgroundInstallControlService: Package event received: 0
11-19 17:52:31.127  1473  4178 V VirtualDisplayAdapter: Update surface for VirtualDisplay studio.screen.sharing:0
11-19 17:52:31.128  1473  1714 I DisplayDeviceRepository: Display device changed state: "studio.screen.sharing:0", OFF
11-19 17:52:31.129  1473  1754 D BrightnessThermalClamper: Thermal status observer already started
11-19 17:52:31.130  1473  1712 D WindowManager: DeferredDisplayUpdater: applying DisplayInfo(608 x 1358) immediately
11-19 17:52:31.131  1473  1712 D WindowManager: Create SleepToken: tag=Display-off, displayId=38
11-19 17:52:31.131  1473  1712 V WindowManager: Content Recording: Display 38 state was (2), is now (1), so update recording?
11-19 17:52:31.131  1473  1712 V WindowManager: Content Recording: Display 38 has content (false) so pause recording
11-19 17:52:31.136  1473  1712 I DisplayDevice: [38] Layerstack set to -1 for virtual:com.android.shell,2000,studio.screen.sharing:0,36
11-19 17:52:31.139  1473  1714 E ModeChangeObserver: Changed display not found
11-19 17:52:31.186  1473  4178 V VirtualDisplayAdapter: Resize VirtualDisplay studio.screen.sharing:0 to 608 1358
11-19 17:52:31.187  1473  4178 V VirtualDisplayAdapter: Update surface for VirtualDisplay studio.screen.sharing:0
11-19 17:52:31.187  1473  1714 I DisplayDeviceRepository: Display device changed state: "studio.screen.sharing:0", ON
11-19 17:52:31.188  1473  1712 D WindowManager: DeferredDisplayUpdater: applying DisplayInfo(608 x 1358) immediately
11-19 17:52:31.188  1473  1754 D BrightnessThermalClamper: Thermal status observer already started
11-19 17:52:31.188  1473  1712 D WindowManager: Remove SleepToken: tag=Display-off, displayId=38
11-19 17:52:31.189  1473  1712 V WindowManager: Content Recording: Display 38 state was (1), is now (2), so update recording?
11-19 17:52:31.190  1473  1712 V WindowManager: Content Recording: Display 38 has no content and is on, so start recording for state 2
11-19 17:52:31.191  1473  1712 V WindowManager: Content Recording: Apply transformations of shift 0 x 0, scale 0.6333333253860474 x 0.6333333253860474, crop (aka recorded content size) 960 x 2142 for display 38; display has size 270 x 604; surface has size 608 x 1358
11-19 17:52:31.192  1473  1712 I MediaProjectionManagerService: Cannot log MediaProjectionTargetChanged atom due to null projection
11-19 17:52:31.192  1473  1712 I DisplayDevice: [38] Layerstack set to 38 for virtual:com.android.shell,2000,studio.screen.sharing:0,36
11-19 17:52:31.194  1473  1714 E ModeChangeObserver: Changed display not found
11-19 17:53:17.975  1473  2845 W AppOps  : Noting op not finished: uid 10187 pkg com.google.android.gms code 79 startTime of in progress event=1763589494866
11-19 17:53:17.987  1473  2845 W AppOps  : Noting op not finished: uid 10187 pkg com.google.android.gms code 79 startTime of in progress event=1763589494866
11-19 17:53:17.993  1473  3100 W AppOps  : Noting op not finished: uid 10187 pkg com.google.android.gms code 113 startTime of in progress event=1763589494866
11-19 17:53:18.000  1473  2846 W AppOps  : Noting op not finished: uid 10187 pkg com.google.android.gms code 113 startTime of in progress event=1763589494866
11-19 17:53:18.978  1473  2845 W AppOps  : Noting op not finished: uid 10187 pkg com.google.android.gms code 113 startTime of in progress event=1763589494866
11-19 17:53:31.140  1473  2846 V VirtualDisplayAdapter: Update surface for VirtualDisplay studio.screen.sharing:0
11-19 17:53:31.141  1473  1714 I DisplayDeviceRepository: Display device changed state: "studio.screen.sharing:0", OFF
11-19 17:53:31.142  1473  1754 D BrightnessThermalClamper: Thermal status observer already started
11-19 17:53:31.143  1473  1712 D WindowManager: DeferredDisplayUpdater: applying DisplayInfo(608 x 1358) immediately
11-19 17:53:31.144  1473  1712 D WindowManager: Create SleepToken: tag=Display-off, displayId=38
11-19 17:53:31.144  1473  1712 V WindowManager: Content Recording: Display 38 state was (2), is now (1), so update recording?
11-19 17:53:31.144  1473  1712 V WindowManager: Content Recording: Display 38 has content (false) so pause recording
11-19 17:53:31.149  1473  1712 I DisplayDevice: [38] Layerstack set to -1 for virtual:com.android.shell,2000,studio.screen.sharing:0,36
11-19 17:53:31.152  1473  1714 E ModeChangeObserver: Changed display not found
11-19 17:53:31.182  1473  2846 V VirtualDisplayAdapter: Resize VirtualDisplay studio.screen.sharing:0 to 608 1358
11-19 17:53:31.184  1473  2846 V VirtualDisplayAdapter: Update surface for VirtualDisplay studio.screen.sharing:0
11-19 17:53:31.185  1473  1714 I DisplayDeviceRepository: Display device changed state: "studio.screen.sharing:0", ON
11-19 17:53:31.185  1473  1754 D BrightnessThermalClamper: Thermal status observer already started
11-19 17:53:31.186  1473  1712 D WindowManager: DeferredDisplayUpdater: applying DisplayInfo(608 x 1358) immediately
11-19 17:53:31.187  1473  1712 D WindowManager: Remove SleepToken: tag=Display-off, displayId=38
11-19 17:53:31.187  1473  1712 V WindowManager: Content Recording: Display 38 state was (1), is now (2), so update recording?
11-19 17:53:31.190  1473  1712 V WindowManager: Content Recording: Display 38 has no content and is on, so start recording for state 2
11-19 17:53:31.191  1473  1712 V WindowManager: Content Recording: Apply transformations of shift 0 x 0, scale 0.6333333253860474 x 0.6333333253860474, crop (aka recorded content size) 960 x 2142 for display 38; display has size 270 x 604; surface has size 608 x 1358
11-19 17:53:31.191  1473  1712 I MediaProjectionManagerService: Cannot log MediaProjectionTargetChanged atom due to null projection
11-19 17:53:31.192  1473  1712 I DisplayDevice: [38] Layerstack set to 38 for virtual:com.android.shell,2000,studio.screen.sharing:0,36
11-19 17:53:31.194  1473  1714 E ModeChangeObserver: Changed display not found
11-19 17:53:35.372  1473  1725 D ActivityManager: sync unfroze 31629 net.slickdeals.android for 3
11-19 17:53:35.380  1473  1725 W ProcessStats: Tracking association SourceState{183720e net.slickdeals.android/10444 Receivr #329380} whose proc state 10 is better than process ProcessState{68c042f com.google.android.webview:sandboxed_process0:org.chromium.content.app.SandboxedProcessService0:0/10444 pkg=net.slickdeals.android} proc state 15 (0 skipped)
11-19 17:53:35.461  1473  2175 D BackgroundInstallControlService: Package event received: 0
11-19 17:53:35.493  1473  2175 D BackgroundInstallControlService: Package event received: 0
11-19 17:53:45.550  1473  2059 D ActivityManager: freezing 31629 net.slickdeals.android
11-19 17:53:47.664   971  1039 I vendor.google.wifi_ext-service-vendor: Wifi: Setting SAR Scenario to 3
11-19 17:53:47.931  1473  2059 D ActivityManager: freezing 24733 com.google.android.apps.turbo
11-19 17:54:14.416  1473  4178 D CoreBackPreview: Window{ae22082 u0 VolumeDialog}: Setting back callback OnBackInvokedCallbackInfo{mCallback=android.window.IOnBackInvokedCallback$Stub$Proxy@ccf3dda, mPriority=-1, mIsAnimationCallback=false, mOverrideBehavior=0}
11-19 17:54:15.140  1473  3100 D CoreBackPreview: Window{ae22082 u0 VolumeDialog}: Setting back callback null
11-19 17:54:15.582  1473  1714 I DisplayDeviceRepository: Display device changed render timings: "Built-in Screen", renderFrameRate=60.00001, presentationDeadlineNanos=11500000, appVsyncOffsetNanos=6233328, frameRateOverrides=[{uid=10507 frameRateHz=60.00001}]
11-19 17:54:15.750  1473  1714 I DisplayDeviceRepository: Display device changed render timings: "Built-in Screen", renderFrameRate=60.00001, presentationDeadlineNanos=11500000, appVsyncOffsetNanos=6233328, frameRateOverrides=[]
11-19 17:54:16.516  1473  1714 I DisplayDeviceRepository: Display device changed render timings: "Built-in Screen", renderFrameRate=60.00001, presentationDeadlineNanos=11500000, appVsyncOffsetNanos=6233328, frameRateOverrides=[{uid=10507 frameRateHz=60.00001}]
11-19 17:54:16.523  1473  3100 D CoreBackPreview: Window{eea6773 u0 com.example.vitruvianredux.debug/com.example.vitruvianredux.MainActivity}: Setting back callback OnBackInvokedCallbackInfo{mCallback=android.window.IOnBackInvokedCallback$Stub$Proxy@bd921c7, mPriority=-1, mIsAnimationCallback=false, mOverrideBehavior=0}
11-19 17:54:16.524  1473  3100 D CoreBackPreview: Window{eea6773 u0 com.example.vitruvianredux.debug/com.example.vitruvianredux.MainActivity}: Setting back callback OnBackInvokedCallbackInfo{mCallback=android.window.IOnBackInvokedCallback$Stub$Proxy@aa833f4, mPriority=0, mIsAnimationCallback=true, mOverrideBehavior=0}
11-19 17:54:16.549  1473  1725 D ActivityManager: sync unfroze 16383 com.android.systemui:screenshot for 10
11-19 17:54:16.555 16383 16383 D ActivityThread: Package [com.example.vitruvianredux.debug] reported as REPLACED, but missing application info. Assuming REMOVED.
11-19 17:54:16.558 16383 16383 D ActivityThread: Package [com.example.vitruvianredux.debug] reported as REPLACED, but missing application info. Assuming REMOVED.
11-19 17:54:16.566  1473  1714 I DisplayDeviceRepository: Display device changed render timings: "Built-in Screen", renderFrameRate=60.00001, presentationDeadlineNanos=11500000, appVsyncOffsetNanos=6233328, frameRateOverrides=[{uid=10234 frameRateHz=60.00001}, {uid=10245 frameRateHz=60.00001}, {uid=10507 frameRateHz=60.00001}]
11-19 17:54:16.599  1473  1714 I DisplayDeviceRepository: Display device changed render timings: "Built-in Screen", renderFrameRate=60.00001, presentationDeadlineNanos=11500000, appVsyncOffsetNanos=6233328, frameRateOverrides=[{uid=1000 frameRateHz=60.00001}, {uid=10234 frameRateHz=60.00001}, {uid=10245 frameRateHz=60.00001}, {uid=10507 frameRateHz=60.00001}]
11-19 17:54:16.609  1473  4797 D ActivityManager: sync unfroze 27249 com.google.android.aicore for 4
11-19 17:54:16.612  1473  3100 W PackageConfigPersister: App-specific configuration not found for packageName: com.example.vitruvianredux.debug and userId: 0
11-19 17:54:16.675  1473  2845 W ProcessStats: Tracking association SourceState{b9df1e4 com.google.android.inputmethod.latin/10208 ImpBg #329396} whose proc state 6 is better than process ProcessState{63dde97 com.google.android.aicore/10177 pkg=com.google.android.aicore} proc state 14 (0 skipped)
11-19 17:54:16.817  1473  1714 I DisplayDeviceRepository: Display device changed render timings: "Built-in Screen", renderFrameRate=60.00001, presentationDeadlineNanos=11500000, appVsyncOffsetNanos=6233328, frameRateOverrides=[]
11-19 17:54:19.565  1473  1714 I DisplayDeviceRepository: Display device changed render timings: "Built-in Screen", renderFrameRate=60.00001, presentationDeadlineNanos=11500000, appVsyncOffsetNanos=6233328, frameRateOverrides=[{uid=10507 frameRateHz=60.00001}]
11-19 17:54:20.432  1473  1754 I DisplayPowerController[0]: BrightnessEvent: brt=5.611469E-4(8.0%), nits=3.1480498, lux=0.015419668, reason=automatic, strat=AutomaticBrightnessStrategy, state=ON, stateReason=DEFAULT_POLICY, policy=BRIGHT, flags=, initBrt=0.0019548081, rcmdBrt=5.611469E-4, preBrt=0.0019548081, preLux=0.25514632, lastReadLux=0.015419667, wasShortTermModelActive=false, autoBrightness=true (default), unclampedBrt=5.611469E-4, hbmMax=0.2922917, hbmMode=off, thrmMax=1.0, rbcStrength=35, powerFactor=1.0, physDisp=Built-in Screen(local:4619827359057144832), logicalId=0, slowChange=true, rampSpeed=0.05
11-19 17:54:20.674  1473  1714 I DisplayDeviceRepository: Display device changed render timings: "Built-in Screen", renderFrameRate=60.00001, presentationDeadlineNanos=11500000, appVsyncOffsetNanos=6233328, frameRateOverrides=[]
11-19 17:54:20.681  1473  1714 I DisplayDeviceRepository: Display device changed render timings: "Built-in Screen", renderFrameRate=60.00001, presentationDeadlineNanos=11500000, appVsyncOffsetNanos=6233328, frameRateOverrides=[{uid=10507 frameRateHz=60.000004}]
11-19 17:54:20.689  1473  1714 I DisplayDeviceRepository: Display device changed render timings: "Built-in Screen", renderFrameRate=60.000004, presentationDeadlineNanos=11500002, appVsyncOffsetNanos=6233328, frameRateOverrides=[{uid=10507 frameRateHz=60.000004}]
11-19 17:54:20.692  1473  1712 D WindowManager: DeferredDisplayUpdater: partially applying DisplayInfo(960 x 2142) immediately
11-19 17:54:20.870  1473  1725 D ActivityManager: sync unfroze 31629 net.slickdeals.android for 3
11-19 17:54:20.935  1473  2175 D BackgroundInstallControlService: Package event received: 0
11-19 17:54:20.964  1473  2175 D BackgroundInstallControlService: Package event received: 0
11-19 17:54:25.569  1473  2845 W AppOps  : Noting op not finished: uid 10187 pkg com.google.android.gms code 79 startTime of in progress event=1763589494866
11-19 17:54:25.581  1473  2845 W AppOps  : Noting op not finished: uid 10187 pkg com.google.android.gms code 79 startTime of in progress event=1763589494866
11-19 17:54:25.592  1473  3100 W AppOps  : Noting op not finished: uid 10187 pkg com.google.android.gms code 113 startTime of in progress event=1763589494866
11-19 17:54:25.604  1473  2846 W AppOps  : Noting op not finished: uid 10187 pkg com.google.android.gms code 113 startTime of in progress event=1763589494866
11-19 17:54:26.571  1473  3100 W AppOps  : Noting op not finished: uid 10187 pkg com.google.android.gms code 113 startTime of in progress event=1763589494866
11-19 17:54:26.703  1473  2059 D ActivityManager: freezing 27249 com.google.android.aicore
11-19 17:54:29.249  1473  1754 I DisplayPowerController[0]: BrightnessEvent: brt=0.03337704(57.0%), nits=70.28149, lux=34.23233, reason=automatic, strat=AutomaticBrightnessStrategy, state=ON, stateReason=DEFAULT_POLICY, policy=BRIGHT, flags=, initBrt=5.611469E-4, rcmdBrt=0.03337704, preBrt=5.611469E-4, preLux=0.015419668, lastReadLux=34.23233, wasShortTermModelActive=false, autoBrightness=true (default), unclampedBrt=0.03337704, hbmMax=0.2922917, hbmMode=off, thrmMax=1.0, rbcStrength=35, powerFactor=1.0, physDisp=Built-in Screen(local:4619827359057144832), logicalId=0, slowChange=true, rampSpeed=0.05
11-19 17:54:29.251  1473  1714 I BrightnessSynchronizer: [3580] New Update 0.03337704(f) set brightness values:  9(i)
11-19 17:54:29.253  1473  1714 I BrightnessSynchronizer: Swallowing update of 9(i) by update: {[3580] 0.03337704(f), mUpdatedTypes=1, mConfirmedTypes=1, mTimeUpdated=144276773}
11-19 17:54:29.253  1473  1714 I BrightnessSynchronizer: Completed Update: {[3580] 0.03337704(f), mUpdatedTypes=1, mConfirmedTypes=1, mTimeUpdated=144276773}
11-19 17:54:29.452  1473  2846 D SystemRequestObserver: binder unlinking to death: android.os.BinderProxy@344a6f9
11-19 17:54:29.453  1473  2846 D SystemRequestObserver: unlinking to death failed: android.os.BinderProxy@344a6f9
11-19 17:54:29.453  1473  2846 D SystemRequestObserver: java.util.NoSuchElementException: Death link does not exist (NAME_NOT_FOUND)
11-19 17:54:29.453  1473  2846 D SystemRequestObserver: 	at android.os.BinderProxy.unlinkToDeathNative(Native Method)
11-19 17:54:29.453  1473  2846 D SystemRequestObserver: 	at android.os.BinderProxy.unlinkToDeath(BinderProxy.java:646)
11-19 17:54:29.453  1473  2846 D SystemRequestObserver: 	at com.android.server.display.mode.SystemRequestObserver.removeSystemRequestedVote(SystemRequestObserver.java:113)
11-19 17:54:29.453  1473  2846 D SystemRequestObserver: 	at com.android.server.display.mode.SystemRequestObserver.requestDisplayModes(SystemRequestObserver.java:66)
11-19 17:54:29.453  1473  2846 D SystemRequestObserver: 	at com.android.server.display.mode.DisplayModeDirector.requestDisplayModes(DisplayModeDirector.java:582)
11-19 17:54:29.453  1473  2846 D SystemRequestObserver: 	at com.android.server.display.DisplayManagerService$BinderService.requestDisplayModes(DisplayManagerService.java:5734)
11-19 17:54:29.453  1473  2846 D SystemRequestObserver: 	at android.hardware.display.IDisplayManager$Stub.onTransact(IDisplayManager.java:1246)
11-19 17:54:29.453  1473  2846 D SystemRequestObserver: 	at android.os.Binder.execTransactInternal(Binder.java:1441)
11-19 17:54:29.453  1473  2846 D SystemRequestObserver: 	at android.os.Binder.execTransact(Binder.java:1385)
11-19 17:54:29.465  1473  1714 I DisplayDeviceRepository: Display device changed render timings: "Built-in Screen", renderFrameRate=60.000004, presentationDeadlineNanos=11500002, appVsyncOffsetNanos=6233328, frameRateOverrides=[]
11-19 17:54:29.468  1473  1714 I DisplayDeviceRepository: Display device changed render timings: "Built-in Screen", renderFrameRate=60.000004, presentationDeadlineNanos=11500002, appVsyncOffsetNanos=6233328, frameRateOverrides=[{uid=10507 frameRateHz=60.00001}]
11-19 17:54:29.477  1473  1714 I DisplayDeviceRepository: Display device changed render timings: "Built-in Screen", renderFrameRate=60.00001, presentationDeadlineNanos=11500000, appVsyncOffsetNanos=6233328, frameRateOverrides=[{uid=10507 frameRateHz=60.00001}]
11-19 17:54:29.479  1473  1712 D WindowManager: DeferredDisplayUpdater: partially applying DisplayInfo(960 x 2142) immediately
11-19 17:54:30.993  1473  2059 D ActivityManager: freezing 31629 net.slickdeals.android
11-19 17:54:36.252  1473  1754 I DisplayPowerController[0]: BrightnessEvent: brt=0.022691539(48.0%), nits=48.422466, lux=5.7326994, reason=automatic, strat=AutomaticBrightnessStrategy, state=ON, stateReason=DEFAULT_POLICY, policy=BRIGHT, flags=, initBrt=0.03337704, rcmdBrt=0.022691539, preBrt=0.03337704, preLux=34.23233, lastReadLux=5.7326994, wasShortTermModelActive=false, autoBrightness=true (default), unclampedBrt=0.022691539, hbmMax=0.2922917, hbmMode=off, thrmMax=1.0, rbcStrength=35, powerFactor=1.0, physDisp=Built-in Screen(local:4619827359057144832), logicalId=0, slowChange=true, rampSpeed=0.05
11-19 17:54:36.257  1473  1714 I BrightnessSynchronizer: [3581] New Update 0.022691539(f) set brightness values:  7(i)
11-19 17:54:36.260  1473  1714 I BrightnessSynchronizer: Swallowing update of 7(i) by update: {[3581] 0.022691539(f), mUpdatedTypes=1, mConfirmedTypes=1, mTimeUpdated=144283779}
11-19 17:54:36.260  1473  1714 I BrightnessSynchronizer: Completed Update: {[3581] 0.022691539(f), mUpdatedTypes=1, mConfirmedTypes=1, mTimeUpdated=144283779}
11-19 17:54:36.547  1473  1714 I DisplayDeviceRepository: Display device changed render timings: "Built-in Screen", renderFrameRate=60.00001, presentationDeadlineNanos=11500000, appVsyncOffsetNanos=6233328, frameRateOverrides=[]
11-19 17:54:36.590  1473  3100 D CoreBackPreview: Window{eea6773 u0 com.example.vitruvianredux.debug/com.example.vitruvianredux.MainActivity}: Setting back callback null
11-19 17:54:36.619  1473  1714 V WindowManager: Unknown focus tokens, dropping reportFocusChanged
11-19 17:54:36.629  1473  1714 I DisplayDeviceRepository: Display device changed render timings: "Built-in Screen", renderFrameRate=60.00001, presentationDeadlineNanos=11500000, appVsyncOffsetNanos=6233328, frameRateOverrides=[{uid=1000 frameRateHz=60.00001}, {uid=10234 frameRateHz=60.00001}, {uid=10245 frameRateHz=60.00001}, {uid=10507 frameRateHz=60.00001}]
11-19 17:54:36.650  1473  3875 W PackageConfigPersister: App-specific configuration not found for packageName: com.example.vitruvianredux.debug and userId: 0
11-19 17:54:36.747  1473  1714 I DisplayDeviceRepository: Display device changed render timings: "Built-in Screen", renderFrameRate=60.00001, presentationDeadlineNanos=11500000, appVsyncOffsetNanos=6233328, frameRateOverrides=[{uid=10234 frameRateHz=60.00001}, {uid=10245 frameRateHz=60.00001}, {uid=10507 frameRateHz=60.00001}]
11-19 17:54:36.795  1473  1714 I DisplayDeviceRepository: Display device changed render timings: "Built-in Screen", renderFrameRate=60.00001, presentationDeadlineNanos=11500000, appVsyncOffsetNanos=6233328, frameRateOverrides=[{uid=10507 frameRateHz=60.00001}]
11-19 17:54:37.380  1473  1714 I DisplayDeviceRepository: Display device changed render timings: "Built-in Screen", renderFrameRate=60.00001, presentationDeadlineNanos=11500000, appVsyncOffsetNanos=6233328, frameRateOverrides=[]
11-19 17:54:38.687  1473  3875 D CoreBackPreview: Window{6cd782 u0 com.example.vitruvianredux.debug/com.example.vitruvianredux.MainActivity}: Setting back callback OnBackInvokedCallbackInfo{mCallback=android.window.IOnBackInvokedCallback$Stub$Proxy@ab95cc2, mPriority=-1, mIsAnimationCallback=false, mOverrideBehavior=0}
11-19 17:54:38.727  1473  1714 I DisplayDeviceRepository: Display device changed render timings: "Built-in Screen", renderFrameRate=60.00001, presentationDeadlineNanos=11500000, appVsyncOffsetNanos=6233328, frameRateOverrides=[{uid=10507 frameRateHz=60.00001}]
11-19 17:54:38.794  1473  1714 I DisplayDeviceRepository: Display device changed render timings: "Built-in Screen", renderFrameRate=60.00001, presentationDeadlineNanos=11500000, appVsyncOffsetNanos=6233328, frameRateOverrides=[]
11-19 17:54:41.301  1473  1754 I DisplayPowerController[0]: BrightnessEvent: brt=0.004609824(22.0%), nits=11.431153, lux=0.7421566, reason=automatic, strat=AutomaticBrightnessStrategy, state=ON, stateReason=DEFAULT_POLICY, policy=BRIGHT, flags=, initBrt=0.022691539, rcmdBrt=0.004609824, preBrt=0.022691539, preLux=5.7326994, lastReadLux=0.7421566, wasShortTermModelActive=false, autoBrightness=true (default), unclampedBrt=0.004609824, hbmMax=0.2922917, hbmMode=off, thrmMax=1.0, rbcStrength=35, powerFactor=1.0, physDisp=Built-in Screen(local:4619827359057144832), logicalId=0, slowChange=true, rampSpeed=0.05
11-19 17:54:41.305  1473  1714 I BrightnessSynchronizer: [3582] New Update 0.004609824(f) set brightness values:  2(i)
11-19 17:54:41.307  1473  1714 I BrightnessSynchronizer: Swallowing update of 2(i) by update: {[3582] 0.004609824(f), mUpdatedTypes=1, mConfirmedTypes=1, mTimeUpdated=144288827}
11-19 17:54:41.307  1473  1714 I BrightnessSynchronizer: Completed Update: {[3582] 0.004609824(f), mUpdatedTypes=1, mConfirmedTypes=1, mTimeUpdated=144288827}
11-19 17:54:44.851  1473  1754 I DisplayPowerController[0]: BrightnessEvent: brt=0.0010320126(10.0%), nits=4.1113915, lux=0.096258126, reason=automatic, strat=AutomaticBrightnessStrategy, state=ON, stateReason=DEFAULT_POLICY, policy=BRIGHT, flags=, initBrt=0.004609824, rcmdBrt=0.0010320126, preBrt=0.004609824, preLux=0.7421566, lastReadLux=0.096258126, wasShortTermModelActive=false, autoBrightness=true (default), unclampedBrt=0.0010320126, hbmMax=0.2922917, hbmMode=off, thrmMax=1.0, rbcStrength=35, powerFactor=1.0, physDisp=Built-in Screen(local:4619827359057144832), logicalId=0, slowChange=true, rampSpeed=0.05
11-19 17:54:44.855  1473  1714 I BrightnessSynchronizer: [3583] New Update 0.0010320126(f) set brightness values:  1(i)
11-19 17:54:44.859  1473  1714 I BrightnessSynchronizer: Swallowing update of 1(i) by update: {[3583] 0.0010320126(f), mUpdatedTypes=1, mConfirmedTypes=1, mTimeUpdated=144292377}
11-19 17:54:44.859  1473  1714 I BrightnessSynchronizer: Completed Update: {[3583] 0.0010320126(f), mUpdatedTypes=1, mConfirmedTypes=1, mTimeUpdated=144292377}
11-19 17:54:45.922  1473  1714 I DisplayDeviceRepository: Display device changed render timings: "Built-in Screen", renderFrameRate=60.000004, presentationDeadlineNanos=11500002, appVsyncOffsetNanos=6233328, frameRateOverrides=[]
11-19 17:54:45.924  1473  1712 D WindowManager: DeferredDisplayUpdater: partially applying DisplayInfo(960 x 2142) immediately
11-19 17:54:47.286  1473  1725 D ActivityManager: sync unfroze 25340 com.google.android.gms for 3
11-19 17:54:47.288  1473  1725 D ActivityManager: sync unfroze 19532 com.google.android.apps.privacy.wildlife for 3
11-19 17:54:47.295  1473  2175 D BackgroundInstallControlService: Package event received: 0
11-19 17:54:47.314 19532 19532 D ActivityThread: Package [com.example.vitruvianredux.debug] reported as REPLACED, but missing application info. Assuming REMOVED.
11-19 17:54:47.318 19532 19532 D ActivityThread: Package [com.example.vitruvianredux.debug] reported as REPLACED, but missing application info. Assuming REMOVED.
11-19 17:54:47.335 25340 25357 W Looper  : Slow delivery took 254285ms android.bg app=com.google.android.gms main=false group=BACKGROUND h=android.database.sqlite.SQLiteConnectionPool$IdleConnectionHandler c=null m=18
11-19 17:54:50.626  1473  1714 I DisplayDeviceRepository: Display device changed render timings: "Built-in Screen", renderFrameRate=60.000004, presentationDeadlineNanos=11500002, appVsyncOffsetNanos=6233328, frameRateOverrides=[{uid=10507 frameRateHz=60.000004}]
11-19 17:54:50.633  1473  3875 D CoreBackPreview: Window{3f602e2 u0 com.example.vitruvianredux.debug/com.example.vitruvianredux.MainActivity}: Setting back callback OnBackInvokedCallbackInfo{mCallback=android.window.IOnBackInvokedCallback$Stub$Proxy@f53b206, mPriority=-1, mIsAnimationCallback=false, mOverrideBehavior=0}
11-19 17:54:50.633  1473  3875 D CoreBackPreview: Window{3f602e2 u0 com.example.vitruvianredux.debug/com.example.vitruvianredux.MainActivity}: Setting back callback OnBackInvokedCallbackInfo{mCallback=android.window.IOnBackInvokedCallback$Stub$Proxy@d84d0c7, mPriority=0, mIsAnimationCallback=true, mOverrideBehavior=0}
11-19 17:54:50.675  1473  1714 I DisplayDeviceRepository: Display device changed render timings: "Built-in Screen", renderFrameRate=60.000004, presentationDeadlineNanos=11500002, appVsyncOffsetNanos=6233328, frameRateOverrides=[{uid=10234 frameRateHz=60.000004}, {uid=10245 frameRateHz=60.000004}, {uid=10507 frameRateHz=60.000004}]
11-19 17:54:50.709  1473  1714 I DisplayDeviceRepository: Display device changed render timings: "Built-in Screen", renderFrameRate=60.000004, presentationDeadlineNanos=11500002, appVsyncOffsetNanos=6233328, frameRateOverrides=[{uid=1000 frameRateHz=60.000004}, {uid=10234 frameRateHz=60.000004}, {uid=10245 frameRateHz=60.000004}, {uid=10507 frameRateHz=60.000004}]
11-19 17:54:50.715  1473  3875 W PackageConfigPersister: App-specific configuration not found for packageName: com.example.vitruvianredux.debug and userId: 0
11-19 17:54:50.880  1473  1725 D ActivityManager: sync unfroze 7715 com.google.android.projection.gearhead:shared for 3
11-19 17:54:50.887  1473  1725 D ActivityManager: sync unfroze 8692 com.google.android.projection.gearhead:car for 10
11-19 17:54:50.888  1473  1725 D ActivityManager: sync unfroze 7222 com.google.android.projection.gearhead:provider for 10
11-19 17:54:50.889  1473  1725 D ActivityManager: sync unfroze 16081 com.google.android.projection.gearhead:projection for 10
11-19 17:54:50.892  1473  1725 D ActivityManager: sync unfroze 9298 com.google.android.apps.wearables.maestro.companion for 3
11-19 17:54:50.899  1473  1725 D ActivityManager: sync unfroze 1019 com.google.android.gms.unstable for 10
11-19 17:54:50.900  1473  1725 D ActivityManager: sync unfroze 26862 com.google.android.gms.learning for 10
11-19 17:54:50.902  1473  1725 D ActivityManager: sync unfroze 18019 com.google.android.gms:snet for 10
11-19 17:54:50.904  1473  1725 D ActivityManager: sync unfroze 15602 com.google.android.gms.ui for 10
11-19 17:54:50.905  9298  9298 D ActivityThread: Package [com.example.vitruvianredux.debug] reported as REPLACED, but missing application info. Assuming REMOVED.
11-19 17:54:50.905  8692  8692 D ActivityThread: Package [com.example.vitruvianredux.debug] reported as REPLACED, but missing application info. Assuming REMOVED.
11-19 17:54:50.906  8692  8692 D ActivityThread: Package [com.example.vitruvianredux.debug] reported as REPLACED, but missing application info. Assuming REMOVED.
11-19 17:54:50.907  7222  7222 D ActivityThread: Package [com.example.vitruvianredux.debug] reported as REPLACED, but missing application info. Assuming REMOVED.
11-19 17:54:50.907 16081 16081 D ActivityThread: Package [com.example.vitruvianredux.debug] reported as REPLACED, but missing application info. Assuming REMOVED.
11-19 17:54:50.907  7222  7222 D ActivityThread: Package [com.example.vitruvianredux.debug] reported as REPLACED, but missing application info. Assuming REMOVED.
11-19 17:54:50.911 16081 16081 D ActivityThread: Package [com.example.vitruvianredux.debug] reported as REPLACED, but missing application info. Assuming REMOVED.
11-19 17:54:50.917  7715  7715 D ActivityThread: Package [com.example.vitruvianredux.debug] reported as REPLACED, but missing application info. Assuming REMOVED.
11-19 17:54:50.919 18019 18019 D ActivityThread: Package [com.example.vitruvianredux.debug] reported as REPLACED, but missing application info. Assuming REMOVED.
11-19 17:54:50.920 18019 18019 D ActivityThread: Package [com.example.vitruvianredux.debug] reported as REPLACED, but missing application info. Assuming REMOVED.
11-19 17:54:50.921 15602 15602 D ActivityThread: Package [com.example.vitruvianredux.debug] reported as REPLACED, but missing application info. Assuming REMOVED.
11-19 17:54:50.921 15602 15602 D ActivityThread: Package [com.example.vitruvianredux.debug] reported as REPLACED, but missing application info. Assuming REMOVED.
11-19 17:54:50.921  7715  7715 D ActivityThread: Package [com.example.vitruvianredux.debug] reported as REPLACED, but missing application info. Assuming REMOVED.
11-19 17:54:50.925  1473  1725 D ActivityManager: sync unfroze 13270 com.google.android.googlequicksearchbox:googleapp for 10
11-19 17:54:50.928  9298  9298 D ActivityThread: Package [com.example.vitruvianredux.debug] reported as REPLACED, but missing application info. Assuming REMOVED.
11-19 17:54:50.929  1473  1725 D ActivityManager: sync unfroze 10189 com.google.android.webview:sandboxed_process0:org.chromium.content.app.SandboxedProcessService0:1 for 10
11-19 17:54:50.931  1473  1714 I DisplayDeviceRepository: Display device changed render timings: "Built-in Screen", renderFrameRate=60.000004, presentationDeadlineNanos=11500002, appVsyncOffsetNanos=6233328, frameRateOverrides=[{uid=10507 frameRateHz=60.000004}]
11-19 17:54:50.941 26862 26862 D ActivityThread: Package [com.example.vitruvianredux.debug] reported as REPLACED, but missing application info. Assuming REMOVED.
11-19 17:54:50.944 10189 10189 D ActivityThread: Package [com.example.vitruvianredux.debug] reported as REPLACED, but missing application info. Assuming REMOVED.
11-19 17:54:50.944  1019  1019 D ActivityThread: Package [com.example.vitruvianredux.debug] reported as REPLACED, but missing application info. Assuming REMOVED.
11-19 17:54:50.946 10189 10189 D ActivityThread: Package [com.example.vitruvianredux.debug] reported as REPLACED, but missing application info. Assuming REMOVED.
11-19 17:54:50.948  1019  1019 D ActivityThread: Package [com.example.vitruvianredux.debug] reported as REPLACED, but missing application info. Assuming REMOVED.
11-19 17:54:50.948 26862 26862 D ActivityThread: Package [com.example.vitruvianredux.debug] reported as REPLACED, but missing application info. Assuming REMOVED.
11-19 17:54:50.957  1473  1725 D CompatChangeReporter: Compat change id reported: 151861875; UID 10466; state: ENABLED
11-19 17:54:50.963 13270 13270 D ActivityThread: Package [com.example.vitruvianredux.debug] reported as REPLACED, but missing application info. Assuming REMOVED.
11-19 17:54:50.971 13270 13270 D ActivityThread: Package [com.example.vitruvianredux.debug] reported as REPLACED, but missing application info. Assuming REMOVED.
11-19 17:54:50.980  1473  1727 I ActivityManager: Start proc 7997:com.microsoft.teams/u0a466 for broadcast {com.microsoft.teams/com.microsoft.skype.teams.app.BluetoothBroadcastReceiver}
11-19 17:54:51.378  1473  2175 D BackgroundInstallControlService: Package event received: 0
11-19 17:54:51.411  1473  2846 D ActivityManager: sync unfroze 13231 com.microsoft.windowsintune.companyportal:omadm_client_process for 7
11-19 17:54:51.475  1473  1714 I DisplayDeviceRepository: Display device changed render timings: "Built-in Screen", renderFrameRate=60.000004, presentationDeadlineNanos=11500002, appVsyncOffsetNanos=6233328, frameRateOverrides=[]
11-19 17:54:51.822  1473  2175 D BackgroundInstallControlService: Package event received: 0
11-19 17:54:52.023  1473  1728 I ActivityManager: Process PhantomProcessRecord {72fbd81 8079:13231:com.microsoft.windowsintune.companyportal:omadm_client_process/u0a464} died
11-19 17:54:52.133  1473  4797 D CompatChangeReporter: Compat change id reported: 311208629; UID 10466; state: ENABLED
11-19 17:54:52.183  1473  1728 I ActivityManager: Process PhantomProcessRecord {60b3a75 8096:7997:com.microsoft.teams/u0a466} died
11-19 17:54:52.415  1473  2845 D ActivityManager: sync unfroze 22879 com.azure.authenticator:auth for 7
11-19 17:54:52.557  1473  2846 D CompatChangeReporter: Compat change id reported: 311402873; UID 10466; state: ENABLED
11-19 17:54:52.557  1473  2846 D CompatChangeReporter: Compat change id reported: 323349338; UID 10466; state: ENABLED
11-19 17:54:52.618  1473  4231 D ActivityManager: sync unfroze 28192 com.microsoft.windowsintune.companyportal.omadm_client_process for 7
11-19 17:54:53.459  1473  1763 I AppsFilter: interaction: PackageSetting{ac8d84f com.dasblueeyeddevil.vppconnectotron/10509} -> PackageSetting{b7f531a com.microsoft.teams/10466} BLOCKED
11-19 17:54:53.459  1473  1763 I AppsFilter: interaction: PackageSetting{d01e2b2 com.example.vitruvianredux.debug/10507} -> PackageSetting{b7f531a com.microsoft.teams/10466} BLOCKED
11-19 17:54:53.461  1473  1763 I AppsFilter: interaction: PackageSetting{4721bba com.google.android.microdroid.empty_payload/10268} -> PackageSetting{b7f531a com.microsoft.teams/10466} BLOCKED
11-19 17:54:53.461  1473  1763 I AppsFilter: interaction: PackageSetting{4e4aa6b com.pitpulse.app/10397} -> PackageSetting{b7f531a com.microsoft.teams/10466} BLOCKED
11-19 17:54:53.461  1473  1763 I AppsFilter: interaction: PackageSetting{b0b59c8 com.example.pitpulseandroid.debug/10479} -> PackageSetting{b7f531a com.microsoft.teams/10466} BLOCKED
11-19 17:54:53.490  1473  2172 D ShortcutService: received package broadcast intent: Intent { act=android.intent.action.PACKAGE_CHANGED dat=package: flg=0x45000010 (has extras) }
11-19 17:54:53.490  1473  2172 D ShortcutService: changing package: com.microsoft.teams userId=0
11-19 17:54:53.496  1473  2175 D BackgroundInstallControlService: Package event received: 0
11-19 17:54:53.499  1473  4167 D ActivityManager: sync unfroze 31865 com.google.android.euicc for 6
11-19 17:54:53.501  1473  4797 W AppOpService: Ignored setUidMode call for runtime permission app op: uid = 10174, code = READ_CELL_BROADCASTS, mode = allow, callingUid = 1001, oldMode = allow
11-19 17:54:53.502  1473  2175 D BackgroundInstallControlService: Package event received: 0
11-19 17:54:53.504  1473  4167 W AppOpService: Ignored setUidMode call for runtime permission app op: uid = 1001, code = READ_SMS, mode = allow, callingUid = 1001, oldMode = allow
11-19 17:54:53.505  1473  4797 W AppOpService: Ignored setUidMode call for runtime permission app op: uid = 1001, code = RECEIVE_SMS, mode = allow, callingUid = 1001, oldMode = allow
11-19 17:54:53.505  1473  4797 W AppOpService: Ignored setUidMode call for runtime permission app op: uid = 1001, code = RECEIVE_WAP_PUSH, mode = allow, callingUid = 1001, oldMode = allow
11-19 17:54:53.506  1473  4797 W AppOpService: Ignored setUidMode call for runtime permission app op: uid = 1001, code = SEND_SMS, mode = allow, callingUid = 1001, oldMode = allow
11-19 17:54:53.506  1473  4167 W AppOpService: Ignored setUidMode call for runtime permission app op: uid = 1001, code = READ_CELL_BROADCASTS, mode = allow, callingUid = 1001, oldMode = allow
11-19 17:54:53.519  1473  2175 D BackgroundInstallControlService: Package event received: 0
11-19 17:54:53.521  1473  3100 W AppOpService: Ignored setUidMode call for runtime permission app op: uid = 10174, code = READ_CELL_BROADCASTS, mode = allow, callingUid = 1001, oldMode = allow
11-19 17:54:53.522  1473  4167 W AppOpService: Ignored setUidMode call for runtime permission app op: uid = 1001, code = READ_SMS, mode = allow, callingUid = 1001, oldMode = allow
11-19 17:54:53.523  1473  4167 W AppOpService: Ignored setUidMode call for runtime permission app op: uid = 1001, code = RECEIVE_SMS, mode = allow, callingUid = 1001, oldMode = allow
11-19 17:54:53.523  1473  4167 W AppOpService: Ignored setUidMode call for runtime permission app op: uid = 1001, code = RECEIVE_WAP_PUSH, mode = allow, callingUid = 1001, oldMode = allow
11-19 17:54:53.523  1473  4167 W AppOpService: Ignored setUidMode call for runtime permission app op: uid = 1001, code = SEND_SMS, mode = allow, callingUid = 1001, oldMode = allow
11-19 17:54:53.523  1473  4167 W AppOpService: Ignored setUidMode call for runtime permission app op: uid = 1001, code = READ_CELL_BROADCASTS, mode = allow, callingUid = 1001, oldMode = allow
11-19 17:54:53.529  1473  2196 D ActivityManager: sync unfroze 15983 com.google.android.permissioncontroller for 6
11-19 17:54:53.530  1473  2175 D BackgroundInstallControlService: Package event received: 0
11-19 17:54:53.536  1473  4797 W ProcessStats: Tracking association SourceState{288875c system/1000 ImpFg #329475} whose proc state 5 is better than process ProcessState{b65cc29 com.google.android.permissioncontroller/10272 pkg=com.google.android.permissioncontroller} proc state 15 (1 skipped)
11-19 17:54:53.570  1473  2087 W AccessibilitySecurityPolicy: Skipping accessibility service com.vzw.hss.myverizon/com.vz.assisttouch.services.AssistiveTouchService: it does not require the permission android.permission.BIND_ACCESSIBILITY_SERVICE
11-19 17:54:53.581  1473  2087 V AccessibilityUserState: updateShortcutTargets: type:accessibility_shortcut_target_service, current:{}, new:{}
11-19 17:54:53.581  1473  2087 V AccessibilityUserState: updateShortcutTargets: type:accessibility_qs_targets, current:{com.android.server.accessibility/ReduceBrightColors}, new:{com.android.server.accessibility/ReduceBrightColors}
11-19 17:54:53.581  1473  2087 V AccessibilityUserState: updateShortcutTargets: type:accessibility_button_targets, current:{}, new:{}
11-19 17:54:53.581  1473  2087 V AccessibilityUserState: updateShortcutTargets: type:accessibility_gesture_targets, current:{}, new:{}
11-19 17:54:53.581  1473  2087 V AccessibilityUserState: updateShortcutTargets: type:accessibility_key_gesture_targets, current:{}, new:{}
11-19 17:54:53.581  1473  2087 V AccessibilityManagerService: onUserStateChangedLocked for userId: 0, forceUpdate: false
11-19 17:54:53.582  1473  2087 V AccessibilityUserState: updateShortcutTargets: type:accessibility_shortcut_target_service, current:{}, new:{}
11-19 17:54:53.582  1473  2087 V AccessibilityUserState: updateShortcutTargets: type:accessibility_button_targets, current:{}, new:{}
11-19 17:54:53.582  1473  2087 V AccessibilityUserState: updateShortcutTargets: type:accessibility_gesture_targets, current:{}, new:{}
11-19 17:54:53.582  1473  2087 V AccessibilityUserState: updateShortcutTargets: type:accessibility_qs_targets, current:{com.android.server.accessibility/ReduceBrightColors}, new:{com.android.server.accessibility/ReduceBrightColors}
11-19 17:54:53.582  1473  2087 V AccessibilityUserState: updateShortcutTargets: type:accessibility_key_gesture_targets, current:{}, new:{}
11-19 17:54:53.582  1473  2087 W MagnificationConnectionManager: requestConnection duplicated request: connect=false, mConnectionState=DISCONNECTED
11-19 17:54:53.591  1473  1714 I DisplayDeviceRepository: Display device changed render timings: "Built-in Screen", renderFrameRate=60.000004, presentationDeadlineNanos=11500002, appVsyncOffsetNanos=6233328, frameRateOverrides=[{uid=10507 frameRateHz=60.000004}]
11-19 17:54:54.811  1473  3100 D CoreBackPreview: Window{3f602e2 u0 com.example.vitruvianredux.debug/com.example.vitruvianredux.MainActivity}: Setting back callback null
11-19 17:54:54.833  1473  1714 V WindowManager: Unknown focus tokens, dropping reportFocusChanged
11-19 17:54:54.840  1473  1714 I DisplayDeviceRepository: Display device changed render timings: "Built-in Screen", renderFrameRate=60.000004, presentationDeadlineNanos=11500002, appVsyncOffsetNanos=6233328, frameRateOverrides=[{uid=1000 frameRateHz=60.000004}, {uid=10234 frameRateHz=60.000004}, {uid=10245 frameRateHz=60.000004}, {uid=10507 frameRateHz=60.000004}]
11-19 17:54:54.864  1473  4167 W PackageConfigPersister: App-specific configuration not found for packageName: com.example.vitruvianredux.debug and userId: 0
11-19 17:54:54.958  1473  1714 I DisplayDeviceRepository: Display device changed render timings: "Built-in Screen", renderFrameRate=60.000004, presentationDeadlineNanos=11500002, appVsyncOffsetNanos=6233328, frameRateOverrides=[{uid=10234 frameRateHz=60.000004}, {uid=10245 frameRateHz=60.000004}, {uid=10507 frameRateHz=60.000004}]
11-19 17:54:55.010  1473  1714 I DisplayDeviceRepository: Display device changed render timings: "Built-in Screen", renderFrameRate=60.000004, presentationDeadlineNanos=11500002, appVsyncOffsetNanos=6233328, frameRateOverrides=[{uid=10507 frameRateHz=60.000004}]
11-19 17:54:55.141  1473  1728 I ActivityManager: Process PhantomProcessRecord {8768a1d 8094:13231:zygote_reactjs/u0a464} died
11-19 17:54:55.174  1473  1728 I ActivityManager: Process PhantomProcessRecord {7fbd492 8097:13231:zygote_reactjs/u0a464} died
11-19 17:54:55.395  1473  1728 I ActivityManager: Process PhantomProcessRecord {d1ab007 8107:7997:com.microsoft.teams/u0a466} died
11-19 17:54:55.591  1473  1714 I DisplayDeviceRepository: Display device changed render timings: "Built-in Screen", renderFrameRate=60.000004, presentationDeadlineNanos=11500002, appVsyncOffsetNanos=6233328, frameRateOverrides=[]
11-19 17:54:56.184  1473  2846 D CoreBackPreview: Window{6cd782 u0 com.example.vitruvianredux.debug/com.example.vitruvianredux.MainActivity}: Setting back callback OnBackInvokedCallbackInfo{mCallback=android.window.IOnBackInvokedCallback$Stub$Proxy@dda4e, mPriority=0, mIsAnimationCallback=true, mOverrideBehavior=0}
11-19 17:54:56.222  1473  1714 I DisplayDeviceRepository: Display device changed render timings: "Built-in Screen", renderFrameRate=60.000004, presentationDeadlineNanos=11500002, appVsyncOffsetNanos=6233328, frameRateOverrides=[{uid=10507 frameRateHz=60.000004}]
11-19 17:54:56.225  1473  4167 D CoreBackPreview: Window{398c7c u0 com.example.vitruvianredux.debug/com.example.vitruvianredux.MainActivity}: Setting back callback OnBackInvokedCallbackInfo{mCallback=android.window.IOnBackInvokedCallback$Stub$Proxy@bbbe880, mPriority=-1, mIsAnimationCallback=false, mOverrideBehavior=0}
11-19 17:54:56.226  1473  4167 D CoreBackPreview: Window{398c7c u0 com.example.vitruvianredux.debug/com.example.vitruvianredux.MainActivity}: Setting back callback OnBackInvokedCallbackInfo{mCallback=android.window.IOnBackInvokedCallback$Stub$Proxy@2d92eb9, mPriority=0, mIsAnimationCallback=true, mOverrideBehavior=0}
11-19 17:54:56.290  1473  1714 I DisplayDeviceRepository: Display device changed render timings: "Built-in Screen", renderFrameRate=60.000004, presentationDeadlineNanos=11500002, appVsyncOffsetNanos=6233328, frameRateOverrides=[{uid=10234 frameRateHz=60.000004}, {uid=10245 frameRateHz=60.000004}, {uid=10507 frameRateHz=60.000004}]
11-19 17:54:56.322  1473  1714 I DisplayDeviceRepository: Display device changed render timings: "Built-in Screen", renderFrameRate=60.000004, presentationDeadlineNanos=11500002, appVsyncOffsetNanos=6233328, frameRateOverrides=[{uid=1000 frameRateHz=60.000004}, {uid=10234 frameRateHz=60.000004}, {uid=10245 frameRateHz=60.000004}, {uid=10507 frameRateHz=60.000004}]
11-19 17:54:56.348  1473  2846 W PackageConfigPersister: App-specific configuration not found for packageName: com.example.vitruvianredux.debug and userId: 0
11-19 17:54:56.556  1473  1714 I DisplayDeviceRepository: Display device changed render timings: "Built-in Screen", renderFrameRate=60.000004, presentationDeadlineNanos=11500002, appVsyncOffsetNanos=6233328, frameRateOverrides=[]
11-19 17:54:57.355  1473  2059 D ActivityManager: freezing 19532 com.google.android.apps.privacy.wildlife
11-19 17:54:58.018  1473  2175 D BackgroundInstallControlService: Package event received: 0
11-19 17:54:58.029  1473  4167 D ActivityManager: sync unfroze 24733 com.google.android.apps.turbo for 6
11-19 17:54:58.033  1473  2175 D BackgroundInstallControlService: Package event received: 0
11-19 17:54:58.413  6778  6778 D InsetsController: Setting requestedVisibleTypes to -1 (was -9)
11-19 17:54:58.417  1473  2846 W PackageConfigPersister: App-specific configuration not found for packageName: com.example.vitruvianredux.debug and userId: 0
11-19 17:54:58.422  1473  4178 W PackageConfigPersister: App-specific configuration not found for packageName: com.example.vitruvianredux.debug and userId: 0
11-19 17:54:58.424  1473  2175 D BackgroundInstallControlService: Package event received: 0
11-19 17:54:58.451  1473  2175 D BackgroundInstallControlService: Package event received: 0
11-19 17:54:58.451  1473  4178 D CoreBackPreview: Window{398c7c u0 com.example.vitruvianredux.debug/com.example.vitruvianredux.MainActivity}: Setting back callback OnBackInvokedCallbackInfo{mCallback=android.window.IOnBackInvokedCallback$Stub$Proxy@5424127, mPriority=0, mIsAnimationCallback=true, mOverrideBehavior=0}
11-19 17:54:58.458  2215  2247 D WindowManagerShell: onKeepClearAreasChanged: restricted={}, unrestricted={Rect(0, 1188 - 960, 2142)}
11-19 17:54:58.538  1473  1714 I DisplayDeviceRepository: Display device changed render timings: "Built-in Screen", renderFrameRate=60.000004, presentationDeadlineNanos=11500002, appVsyncOffsetNanos=6233328, frameRateOverrides=[{uid=10208 frameRateHz=60.000004}]
11-19 17:54:58.785  1473  4158 D ActivityManager: sync unfroze 7019 android.process.acore for 7
11-19 17:54:58.786  1473  2175 D BackgroundInstallControlService: Package event received: 0
11-19 17:54:58.786  1473  2175 D BackgroundInstallControlService: Package event received: 0
11-19 17:54:58.786  1473  2175 D BackgroundInstallControlService: Package event received: 0
11-19 17:54:58.789  1473  2175 D BackgroundInstallControlService: Package event received: 0
11-19 17:54:59.171  1473  1714 I DisplayDeviceRepository: Display device changed render timings: "Built-in Screen", renderFrameRate=60.000004, presentationDeadlineNanos=11500002, appVsyncOffsetNanos=6233328, frameRateOverrides=[{uid=10208 frameRateHz=60.000004}, {uid=10507 frameRateHz=60.000004}]
11-19 17:55:01.414  1473  1714 I DisplayDeviceRepository: Display device changed render timings: "Built-in Screen", renderFrameRate=60.000004, presentationDeadlineNanos=11500002, appVsyncOffsetNanos=6233328, frameRateOverrides=[{uid=10208 frameRateHz=60.000004}]
11-19 17:55:01.463  1473  1714 I DisplayDeviceRepository: Display device changed render timings: "Built-in Screen", renderFrameRate=60.000004, presentationDeadlineNanos=11500002, appVsyncOffsetNanos=6233328, frameRateOverrides=[]
11-19 17:55:01.870  1473  1714 I DisplayDeviceRepository: Display device changed render timings: "Built-in Screen", renderFrameRate=60.000004, presentationDeadlineNanos=11500002, appVsyncOffsetNanos=6233328, frameRateOverrides=[{uid=10507 frameRateHz=60.000004}]
11-19 17:55:02.675  1473  1725 D ActivityManager: sync unfroze 19532 com.google.android.apps.privacy.wildlife for 3
11-19 17:55:02.683  1473  2175 D BackgroundInstallControlService: Package event received: 0
11-19 17:55:03.844   507  8082 I keystore2: system/security/keystore2/watchdog/src/lib.rs:371 - Watchdog thread idle -> terminating. Have a great day.
11-19 17:55:04.844  1473  1722 W ProcessStats: Tracking association SourceState{a4c0558 com.google.android.inputmethod.latin/10208 BFgs #329507} whose proc state 4 is better than process ProcessState{c98530c android.process.acore/10085 pkg=com.android.providers.contacts (sub)} proc state 14 (3 skipped)
