11-17 17:55:02.105   518   631 D hwc-display: Voter name : TEST single TE mode ? false
11-17 17:55:02.105   518   631 D hwc-display: Voter name : LHBM single TE mode ? false
11-17 17:55:02.105   518   631 D hwc-display: Voter name : BRIGHTNESS single TE mode ? false
11-17 17:55:02.105   518   631 D hwc-display: ]
11-17 17:55:02.119   971  2956 I WifiHAL : Creating message to get link statistics; iface = 47
11-17 17:55:02.122   518   631 I hwc-display: path=drm, id=0, level=569, nits=26.722021, brightness=0.012075, DimmingOn=0, Hbm=0, LhbmOn=0, OpRate=120
11-17 17:55:02.122   518   631 D hwc-display: setMinIdleRefreshRate requester = BRIGHTNESS, brightness = 26.770222 nits, vote minimum refresh rate to 1
11-17 17:55:02.122   518   631 I hwc-display: ExynosPrimaryDisplay: onProximitySensorStateChanged: 0
11-17 17:55:02.122   518   631 D hwc-display: Single TE mode votes: [
11-17 17:55:02.122   518   631 D hwc-display: Voter name : PIXEL_DISP single TE mode ? false
11-17 17:55:02.122   518   631 D hwc-display: Voter name : TEST single TE mode ? false
11-17 17:55:02.122   518   631 D hwc-display: Voter name : LHBM single TE mode ? false
11-17 17:55:02.122   518   631 D hwc-display: Voter name : BRIGHTNESS single TE mode ? false
11-17 17:55:02.122   518   631 D hwc-display: ]
11-17 17:55:02.139   518   631 I hwc-display: path=drm, id=0, level=566, nits=26.506346, brightness=0.011970, DimmingOn=0, Hbm=0, LhbmOn=0, OpRate=120
11-17 17:55:02.139   518   631 D hwc-display: setMinIdleRefreshRate requester = BRIGHTNESS, brightness = 26.462900 nits, vote minimum refresh rate to 1
11-17 17:55:02.139   518   631 I hwc-display: ExynosPrimaryDisplay: onProximitySensorStateChanged: 0
11-17 17:55:02.139   518   631 D hwc-display: Single TE mode votes: [
11-17 17:55:02.139   518   631 D hwc-display: Voter name : PIXEL_DISP single TE mode ? false
11-17 17:55:02.139   518   631 D hwc-display: Voter name : TEST single TE mode ? false
11-17 17:55:02.139   518   631 D hwc-display: Voter name : LHBM single TE mode ? false
11-17 17:55:02.139   518   631 D hwc-display: Voter name : BRIGHTNESS single TE mode ? false
11-17 17:55:02.139   518   631 D hwc-display: ]
11-17 17:55:02.153  3606  3606 I VitruvianBLE: Read Response received from 90e991a6-c548-44ed-969b-eb541014eae3, value: (0x) F6-84-3D-00-00-00-FF-FF-90-01-00-00-00-00-90-01-18-00-FF-C8-00-00-00-00-00-00
11-17 17:55:02.154  3606  3606 D VitruvianBLE: gatt.readCharacteristic(90e991a6-c548-44ed-969b-eb541014eae3)
11-17 17:55:02.155   518   631 I hwc-display: path=drm, id=0, level=564, nits=26.291656, brightness=0.011865, DimmingOn=0, Hbm=0, LhbmOn=0, OpRate=120
11-17 17:55:02.155   518   631 D hwc-display: setMinIdleRefreshRate requester = BRIGHTNESS, brightness = 26.258018 nits, vote minimum refresh rate to 1
11-17 17:55:02.155   518   631 I hwc-display: ExynosPrimaryDisplay: onProximitySensorStateChanged: 0
11-17 17:55:02.155   518   631 D hwc-display: Single TE mode votes: [
11-17 17:55:02.155   518   631 D hwc-display: Voter name : PIXEL_DISP single TE mode ? false
11-17 17:55:02.155   518   631 D hwc-display: Voter name : TEST single TE mode ? false
11-17 17:55:02.155   518   631 D hwc-display: Voter name : LHBM single TE mode ? false
11-17 17:55:02.155   518   631 D hwc-display: Voter name : BRIGHTNESS single TE mode ? false
11-17 17:55:02.155   518   631 D hwc-display: ]
11-17 17:55:02.159  3606  3606 D VitruvianBleManager$startMonitorPolling: Monitor read callback fired!
11-17 17:55:02.160  3606  3606 V VitruvianBleManager: handleMonitorData called
11-17 17:55:02.161  3606  3606 V VitruvianBleManager: Emitted metric to flow: success=true, subscribers=1
11-17 17:55:02.162  3606  3643 D BleRepositoryImpl$connectToDevice$2$newBleManager: BleRepository forwarding monitor metric: pos=(0,0)
11-17 17:55:02.163  3606  3606 V MainViewModel: Monitor metric received in ViewModel: pos=(0,0)
11-17 17:55:02.171   971  2956 I WifiHAL : index: 0 per_rate_size 32, data_rem_len 1152
11-17 17:55:02.171   971  2956 I WifiHAL : index: 1 per_rate_size 32, data_rem_len 1120
11-17 17:55:02.171   971  2956 I WifiHAL : index: 2 per_rate_size 32, data_rem_len 1088
11-17 17:55:02.171   971  2956 I WifiHAL : index: 3 per_rate_size 32, data_rem_len 1056
11-17 17:55:02.171   971  2956 I WifiHAL : index: 4 per_rate_size 32, data_rem_len 1024
11-17 17:55:02.171   971  2956 I WifiHAL : index: 5 per_rate_size 32, data_rem_len 992
11-17 17:55:02.171   971  2956 I WifiHAL : index: 6 per_rate_size 32, data_rem_len 960
11-17 17:55:02.171   971  2956 I WifiHAL : index: 7 per_rate_size 32, data_rem_len 928
11-17 17:55:02.171   971  2956 I WifiHAL : index: 8 per_rate_size 32, data_rem_len 896
11-17 17:55:02.171   971  2956 I WifiHAL : index: 9 per_rate_size 32, data_rem_len 864
11-17 17:55:02.171   971  2956 I WifiHAL : index: 10 per_rate_size 32, data_rem_len 832
11-17 17:55:02.171   971  2956 I WifiHAL : index: 11 per_rate_size 32, data_rem_len 800
11-17 17:55:02.171   971  2956 I WifiHAL : index: 12 per_rate_size 32, data_rem_len 768
11-17 17:55:02.171   971  2956 I WifiHAL : index: 13 per_rate_size 32, data_rem_len 736
11-17 17:55:02.171   971  2956 I WifiHAL : index: 14 per_rate_size 32, data_rem_len 704
11-17 17:55:02.171   971  2956 I WifiHAL : index: 15 per_rate_size 32, data_rem_len 672
11-17 17:55:02.171   971  2956 I WifiHAL : index: 16 per_rate_size 32, data_rem_len 640
11-17 17:55:02.171   971  2956 I WifiHAL : index: 17 per_rate_size 32, data_rem_len 608
11-17 17:55:02.171   971  2956 I WifiHAL : index: 18 per_rate_size 32, data_rem_len 576
11-17 17:55:02.171   971  2956 I WifiHAL : index: 19 per_rate_size 32, data_rem_len 544
11-17 17:55:02.171   971  2956 I WifiHAL : index: 20 per_rate_size 32, data_rem_len 512
11-17 17:55:02.171   971  2956 I WifiHAL : index: 21 per_rate_size 32, data_rem_len 480
11-17 17:55:02.171   971  2956 I WifiHAL : index: 22 per_rate_size 32, data_rem_len 448
11-17 17:55:02.171   971  2956 I WifiHAL : index: 23 per_rate_size 32, data_rem_len 416
11-17 17:55:02.171   971  2956 I WifiHAL : index: 24 per_rate_size 32, data_rem_len 384
11-17 17:55:02.172   971  2956 I WifiHAL : index: 25 per_rate_size 32, data_rem_len 352
11-17 17:55:02.172   971  2956 I WifiHAL : index: 26 per_rate_size 32, data_rem_len 320
11-17 17:55:02.172   971  2956 I WifiHAL : index: 27 per_rate_size 32, data_rem_len 288
11-17 17:55:02.172   971  2956 I WifiHAL : index: 28 per_rate_size 32, data_rem_len 256
11-17 17:55:02.172   971  2956 I WifiHAL : index: 29 per_rate_size 32, data_rem_len 224
11-17 17:55:02.172   971  2956 I WifiHAL : index: 30 per_rate_size 32, data_rem_len 192
11-17 17:55:02.172   971  2956 I WifiHAL : index: 31 per_rate_size 32, data_rem_len 160
11-17 17:55:02.172   971  2956 I WifiHAL : index: 32 per_rate_size 32, data_rem_len 128
11-17 17:55:02.172   971  2956 I WifiHAL : index: 33 per_rate_size 32, data_rem_len 96
11-17 17:55:02.172   971  2956 I WifiHAL : index: 34 per_rate_size 32, data_rem_len 64
11-17 17:55:02.172   971  2956 I WifiHAL : index: 35 per_rate_size 32, data_rem_len 32
11-17 17:55:02.172   518   631 I hwc-display: path=drm, id=0, level=562, nits=26.077860, brightness=0.011761, DimmingOn=0, Hbm=0, LhbmOn=0, OpRate=120
11-17 17:55:02.172   518   631 D hwc-display: setMinIdleRefreshRate requester = BRIGHTNESS, brightness = 26.053141 nits, vote minimum refresh rate to 1
11-17 17:55:02.172   518   631 I hwc-display: ExynosPrimaryDisplay: onProximitySensorStateChanged: 0
11-17 17:55:02.173   518   631 D hwc-display: Single TE mode votes: [
11-17 17:55:02.173   518   631 D hwc-display: Voter name : PIXEL_DISP single TE mode ? false
11-17 17:55:02.173   518   631 D hwc-display: Voter name : TEST single TE mode ? false
11-17 17:55:02.173   518   631 D hwc-display: Voter name : LHBM single TE mode ? false
11-17 17:55:02.173   518   631 D hwc-display: Voter name : BRIGHTNESS single TE mode ? false
11-17 17:55:02.173   518   631 D hwc-display: ]
11-17 17:55:02.174   971  2956 I WifiHAL : Getting cached scan results, iface handle = 0xb4000070e08aa2d0
11-17 17:55:02.174   971  2956 E WifiHAL : Creating message to get cached scan results
11-17 17:55:02.179   971  2956 I WifiHAL : In GetCachedScanResultsCommand::handleResponse
11-17 17:55:02.189   518   631 I hwc-display: path=drm, id=0, level=560, nits=25.864939, brightness=0.011657, DimmingOn=0, Hbm=0, LhbmOn=0, OpRate=120
11-17 17:55:02.189   518   631 D hwc-display: setMinIdleRefreshRate requester = BRIGHTNESS, brightness = 25.848259 nits, vote minimum refresh rate to 1
11-17 17:55:02.189   518   631 I hwc-display: ExynosPrimaryDisplay: onProximitySensorStateChanged: 0
11-17 17:55:02.189   518   631 D hwc-display: Single TE mode votes: [
11-17 17:55:02.189   518   631 D hwc-display: Voter name : PIXEL_DISP single TE mode ? false
11-17 17:55:02.189   518   631 D hwc-display: Voter name : TEST single TE mode ? false
11-17 17:55:02.189   518   631 D hwc-display: Voter name : LHBM single TE mode ? false
11-17 17:55:02.189   518   631 D hwc-display: Voter name : BRIGHTNESS single TE mode ? false
11-17 17:55:02.189   518   631 D hwc-display: ]
11-17 17:55:02.205   518   631 I hwc-display: path=drm, id=0, level=558, nits=25.653072, brightness=0.011553, DimmingOn=0, Hbm=0, LhbmOn=0, OpRate=120
11-17 17:55:02.205   518   631 D hwc-display: setMinIdleRefreshRate requester = BRIGHTNESS, brightness = 25.643377 nits, vote minimum refresh rate to 1
11-17 17:55:02.205   518   631 I hwc-display: ExynosPrimaryDisplay: onProximitySensorStateChanged: 0
11-17 17:55:02.206   518   631 D hwc-display: Single TE mode votes: [
11-17 17:55:02.206   518   631 D hwc-display: Voter name : PIXEL_DISP single TE mode ? false
11-17 17:55:02.206   518   631 D hwc-display: Voter name : TEST single TE mode ? false
11-17 17:55:02.206   518   631 D hwc-display: Voter name : LHBM single TE mode ? false
11-17 17:55:02.206   518   631 D hwc-display: Voter name : BRIGHTNESS single TE mode ? false
11-17 17:55:02.206   518   631 D hwc-display: ]
11-17 17:55:02.208  1155  1155 D AOC     : A3:MSG: tmd3733_device.cc, 3051: USF: TMD3733: [ALS]sync_delay_adjustment: 1300000
11-17 17:55:02.222   518   631 I hwc-display: path=drm, id=0, level=556, nits=25.442070, brightness=0.011450, DimmingOn=0, Hbm=0, LhbmOn=0, OpRate=120
11-17 17:55:02.222   518   631 D hwc-display: setMinIdleRefreshRate requester = BRIGHTNESS, brightness = 25.438496 nits, vote minimum refresh rate to 1
11-17 17:55:02.222   518   631 I hwc-display: ExynosPrimaryDisplay: onProximitySensorStateChanged: 0
11-17 17:55:02.222   518   631 D hwc-display: Single TE mode votes: [
11-17 17:55:02.222   518   631 D hwc-display: Voter name : PIXEL_DISP single TE mode ? false
11-17 17:55:02.222   518   631 D hwc-display: Voter name : TEST single TE mode ? false
11-17 17:55:02.222   518   631 D hwc-display: Voter name : LHBM single TE mode ? false
11-17 17:55:02.222   518   631 D hwc-display: Voter name : BRIGHTNESS single TE mode ? false
11-17 17:55:02.222   518   631 D hwc-display: ]
11-17 17:55:02.239   518   631 I hwc-display: path=drm, id=0, level=554, nits=25.231997, brightness=0.011347, DimmingOn=0, Hbm=0, LhbmOn=0, OpRate=120
11-17 17:55:02.239   518   631 D hwc-display: setMinIdleRefreshRate requester = BRIGHTNESS, brightness = 25.233616 nits, vote minimum refresh rate to 1
11-17 17:55:02.239   518   631 I hwc-display: ExynosPrimaryDisplay: onProximitySensorStateChanged: 0
11-17 17:55:02.239   518   631 D hwc-display: Single TE mode votes: [
11-17 17:55:02.239   518   631 D hwc-display: Voter name : PIXEL_DISP single TE mode ? false
11-17 17:55:02.239   518   631 D hwc-display: Voter name : TEST single TE mode ? false
11-17 17:55:02.239   518   631 D hwc-display: Voter name : LHBM single TE mode ? false
11-17 17:55:02.239   518   631 D hwc-display: Voter name : BRIGHTNESS single TE mode ? false
11-17 17:55:02.239   518   631 D hwc-display: ]
11-17 17:55:02.242  1473  2120 D ConnectivityService: NetReassign [no changes] [c 6] [a 7] [i 15]
11-17 17:55:02.255  3606  3606 I VitruvianBLE: Read Response received from 90e991a6-c548-44ed-969b-eb541014eae3, value: (0x) 82-85-3D-00-00-00-00-00-90-01-00-00-00-00-90-01-18-00-FF-C8-00-00-00-00-00-00
11-17 17:55:02.255   518   631 I hwc-display: path=drm, id=0, level=552, nits=25.022808, brightness=0.011245, DimmingOn=0, Hbm=0, LhbmOn=0, OpRate=120
11-17 17:55:02.255   518   631 D hwc-display: setMinIdleRefreshRate requester = BRIGHTNESS, brightness = 25.028736 nits, vote minimum refresh rate to 1
11-17 17:55:02.255   518   631 I hwc-display: ExynosPrimaryDisplay: onProximitySensorStateChanged: 0
11-17 17:55:02.255  3606  3606 D VitruvianBLE: gatt.readCharacteristic(90e991a6-c548-44ed-969b-eb541014eae3)
11-17 17:55:02.255   518   631 D hwc-display: Single TE mode votes: [
11-17 17:55:02.255   518   631 D hwc-display: Voter name : PIXEL_DISP single TE mode ? false
11-17 17:55:02.255   518   631 D hwc-display: Voter name : TEST single TE mode ? false
11-17 17:55:02.255   518   631 D hwc-display: Voter name : LHBM single TE mode ? false
11-17 17:55:02.255   518   631 D hwc-display: Voter name : BRIGHTNESS single TE mode ? false
11-17 17:55:02.255   518   631 D hwc-display: ]
11-17 17:55:02.260  3606  3606 D VitruvianBleManager$startMonitorPolling: Monitor read callback fired!
11-17 17:55:02.261  3606  3606 V VitruvianBleManager: handleMonitorData called
11-17 17:55:02.262  3606  3606 V VitruvianBleManager: Emitted metric to flow: success=true, subscribers=1
11-17 17:55:02.263  3606  3643 D BleRepositoryImpl$connectToDevice$2$newBleManager: BleRepository forwarding monitor metric: pos=(0,0)
11-17 17:55:02.264  3606  3606 V MainViewModel: Monitor metric received in ViewModel: pos=(0,0)
11-17 17:55:02.272   518   631 I hwc-display: path=drm, id=0, level=550, nits=24.814585, brightness=0.011143, DimmingOn=0, Hbm=0, LhbmOn=0, OpRate=120
11-17 17:55:02.272   518   631 D hwc-display: setMinIdleRefreshRate requester = BRIGHTNESS, brightness = 24.823856 nits, vote minimum refresh rate to 1
11-17 17:55:02.272   518   631 I hwc-display: ExynosPrimaryDisplay: onProximitySensorStateChanged: 0
11-17 17:55:02.272   518   631 D hwc-display: Single TE mode votes: [
11-17 17:55:02.272   518   631 D hwc-display: Voter name : PIXEL_DISP single TE mode ? false
11-17 17:55:02.272   518   631 D hwc-display: Voter name : TEST single TE mode ? false
11-17 17:55:02.272   518   631 D hwc-display: Voter name : LHBM single TE mode ? false
11-17 17:55:02.272   518   631 D hwc-display: Voter name : BRIGHTNESS single TE mode ? false
11-17 17:55:02.272   518   631 D hwc-display: ]
11-17 17:55:02.289   518   631 I hwc-display: path=drm, id=0, level=548, nits=24.607336, brightness=0.011042, DimmingOn=0, Hbm=0, LhbmOn=0, OpRate=120
11-17 17:55:02.289   518   631 D hwc-display: setMinIdleRefreshRate requester = BRIGHTNESS, brightness = 24.618975 nits, vote minimum refresh rate to 1
11-17 17:55:02.289   518   631 I hwc-display: ExynosPrimaryDisplay: onProximitySensorStateChanged: 0
11-17 17:55:02.289   518   631 D hwc-display: Single TE mode votes: [
11-17 17:55:02.289   518   631 D hwc-display: Voter name : PIXEL_DISP single TE mode ? false
11-17 17:55:02.289   518   631 D hwc-display: Voter name : TEST single TE mode ? false
11-17 17:55:02.289   518   631 D hwc-display: Voter name : LHBM single TE mode ? false
11-17 17:55:02.289   518   631 D hwc-display: Voter name : BRIGHTNESS single TE mode ? false
11-17 17:55:02.289   518   631 D hwc-display: ]
11-17 17:55:02.305   518   631 I hwc-display: path=drm, id=0, level=546, nits=24.401012, brightness=0.010941, DimmingOn=0, Hbm=0, LhbmOn=0, OpRate=120
11-17 17:55:02.305   518   631 D hwc-display: setMinIdleRefreshRate requester = BRIGHTNESS, brightness = 24.414095 nits, vote minimum refresh rate to 1
11-17 17:55:02.305   518   631 I hwc-display: ExynosPrimaryDisplay: onProximitySensorStateChanged: 0
11-17 17:55:02.305   518   631 D hwc-display: Single TE mode votes: [
11-17 17:55:02.305   518   631 D hwc-display: Voter name : PIXEL_DISP single TE mode ? false
11-17 17:55:02.305   518   631 D hwc-display: Voter name : TEST single TE mode ? false
11-17 17:55:02.305   518   631 D hwc-display: Voter name : LHBM single TE mode ? false
11-17 17:55:02.305   518   631 D hwc-display: Voter name : BRIGHTNESS single TE mode ? false
11-17 17:55:02.305   518   631 D hwc-display: ]
11-17 17:55:02.322   518   631 I hwc-display: path=drm, id=0, level=544, nits=24.195627, brightness=0.010841, DimmingOn=0, Hbm=0, LhbmOn=0, OpRate=120
11-17 17:55:02.322   518   631 D hwc-display: setMinIdleRefreshRate requester = BRIGHTNESS, brightness = 24.209211 nits, vote minimum refresh rate to 1
11-17 17:55:02.322   518   631 I hwc-display: ExynosPrimaryDisplay: onProximitySensorStateChanged: 0
11-17 17:55:02.322   518   631 D hwc-display: Single TE mode votes: [
11-17 17:55:02.322   518   631 D hwc-display: Voter name : PIXEL_DISP single TE mode ? false
11-17 17:55:02.322   518   631 D hwc-display: Voter name : TEST single TE mode ? false
11-17 17:55:02.322   518   631 D hwc-display: Voter name : LHBM single TE mode ? false
11-17 17:55:02.322   518   631 D hwc-display: Voter name : BRIGHTNESS single TE mode ? false
11-17 17:55:02.322   518   631 D hwc-display: ]
11-17 17:55:02.338   518   631 I hwc-display: path=drm, id=0, level=542, nits=23.991096, brightness=0.010741, DimmingOn=0, Hbm=0, LhbmOn=0, OpRate=120
11-17 17:55:02.338   518   631 D hwc-display: setMinIdleRefreshRate requester = BRIGHTNESS, brightness = 24.004333 nits, vote minimum refresh rate to 1
11-17 17:55:02.338   518   631 I hwc-display: ExynosPrimaryDisplay: onProximitySensorStateChanged: 0
11-17 17:55:02.339   518   631 D hwc-display: Single TE mode votes: [
11-17 17:55:02.339   518   631 D hwc-display: Voter name : PIXEL_DISP single TE mode ? false
11-17 17:55:02.339   518   631 D hwc-display: Voter name : TEST single TE mode ? false
11-17 17:55:02.339   518   631 D hwc-display: Voter name : LHBM single TE mode ? false
11-17 17:55:02.339   518   631 D hwc-display: Voter name : BRIGHTNESS single TE mode ? false
11-17 17:55:02.339   518   631 D hwc-display: ]
11-17 17:55:02.354  3606  3606 I VitruvianBLE: Read Response received from 90e991a6-c548-44ed-969b-eb541014eae3, value: (0x) E6-85-3D-00-00-00-00-00-90-01-00-00-00-00-90-01-18-00-FF-C8-00-00-00-00-00-00
11-17 17:55:02.354  3606  3606 D VitruvianBLE: gatt.readCharacteristic(90e991a6-c548-44ed-969b-eb541014eae3)
11-17 17:55:02.355   518   631 I hwc-display: path=drm, id=0, level=540, nits=23.787498, brightness=0.010641, DimmingOn=0, Hbm=0, LhbmOn=0, OpRate=120
11-17 17:55:02.355   518   631 D hwc-display: setMinIdleRefreshRate requester = BRIGHTNESS, brightness = 23.799452 nits, vote minimum refresh rate to 1
11-17 17:55:02.355   518   631 I hwc-display: ExynosPrimaryDisplay: onProximitySensorStateChanged: 0
11-17 17:55:02.356   518   631 D hwc-display: Single TE mode votes: [
11-17 17:55:02.356   518   631 D hwc-display: Voter name : PIXEL_DISP single TE mode ? false
11-17 17:55:02.356   518   631 D hwc-display: Voter name : TEST single TE mode ? false
11-17 17:55:02.356   518   631 D hwc-display: Voter name : LHBM single TE mode ? false
11-17 17:55:02.356   518   631 D hwc-display: Voter name : BRIGHTNESS single TE mode ? false
11-17 17:55:02.356   518   631 D hwc-display: ]
11-17 17:55:02.358  3606  3606 D VitruvianBleManager$startMonitorPolling: Monitor read callback fired!
11-17 17:55:02.358  3606  3606 V VitruvianBleManager: handleMonitorData called
11-17 17:55:02.359  3606  3606 D ConnectionLogger: [BLE] DATA_RECEIVED [Vee_0000943D_386F6480]: Monitor data | PosA=0, PosB=0, LoadA=4.0kg, LoadB=4.0kg
11-17 17:55:02.360  3606  3606 V VitruvianBleManager: Emitted metric to flow: success=true, subscribers=1
11-17 17:55:02.361  3606  3667 D BleRepositoryImpl$connectToDevice$2$newBleManager: BleRepository forwarding monitor metric: pos=(0,0)
11-17 17:55:02.362  3606  3606 V MainViewModel: Monitor metric received in ViewModel: pos=(0,0)
11-17 17:55:02.373   518   631 I hwc-display: path=drm, id=0, level=538, nits=23.584961, brightness=0.010542, DimmingOn=0, Hbm=0, LhbmOn=0, OpRate=120
11-17 17:55:02.373   518   631 D hwc-display: setMinIdleRefreshRate requester = BRIGHTNESS, brightness = 23.594572 nits, vote minimum refresh rate to 1
11-17 17:55:02.373   518   631 I hwc-display: ExynosPrimaryDisplay: onProximitySensorStateChanged: 0
11-17 17:55:02.373   518   631 D hwc-display: Single TE mode votes: [
11-17 17:55:02.373   518   631 D hwc-display: Voter name : PIXEL_DISP single TE mode ? false
11-17 17:55:02.373   518   631 D hwc-display: Voter name : TEST single TE mode ? false
11-17 17:55:02.373   518   631 D hwc-display: Voter name : LHBM single TE mode ? false
11-17 17:55:02.373   518   631 D hwc-display: Voter name : BRIGHTNESS single TE mode ? false
11-17 17:55:02.373   518   631 D hwc-display: ]
11-17 17:55:02.389   518   631 I hwc-display: path=drm, id=0, level=536, nits=23.383371, brightness=0.010444, DimmingOn=0, Hbm=0, LhbmOn=0, OpRate=120
11-17 17:55:02.389   518   631 D hwc-display: setMinIdleRefreshRate requester = BRIGHTNESS, brightness = 23.389690 nits, vote minimum refresh rate to 1
11-17 17:55:02.389   518   631 I hwc-display: ExynosPrimaryDisplay: onProximitySensorStateChanged: 0
11-17 17:55:02.389   518   631 D hwc-display: Single TE mode votes: [
11-17 17:55:02.389   518   631 D hwc-display: Voter name : PIXEL_DISP single TE mode ? false
11-17 17:55:02.389   518   631 D hwc-display: Voter name : TEST single TE mode ? false
11-17 17:55:02.389   518   631 D hwc-display: Voter name : LHBM single TE mode ? false
11-17 17:55:02.389   518   631 D hwc-display: Voter name : BRIGHTNESS single TE mode ? false
11-17 17:55:02.389   518   631 D hwc-display: ]
11-17 17:55:02.405   518   631 I hwc-display: path=drm, id=0, level=534, nits=23.182711, brightness=0.010345, DimmingOn=0, Hbm=0, LhbmOn=0, OpRate=120
11-17 17:55:02.405   518   631 D hwc-display: setMinIdleRefreshRate requester = BRIGHTNESS, brightness = 23.184811 nits, vote minimum refresh rate to 1
11-17 17:55:02.405   518   631 I hwc-display: ExynosPrimaryDisplay: onProximitySensorStateChanged: 0
11-17 17:55:02.406   518   631 D hwc-display: Single TE mode votes: [
11-17 17:55:02.406   518   631 D hwc-display: Voter name : PIXEL_DISP single TE mode ? false
11-17 17:55:02.406   518   631 D hwc-display: Voter name : TEST single TE mode ? false
11-17 17:55:02.406   518   631 D hwc-display: Voter name : LHBM single TE mode ? false
11-17 17:55:02.406   518   631 D hwc-display: Voter name : BRIGHTNESS single TE mode ? false
11-17 17:55:02.406   518   631 D hwc-display: ]
11-17 17:55:02.422   518   631 I hwc-display: path=drm, id=0, level=532, nits=22.982931, brightness=0.010248, DimmingOn=0, Hbm=0, LhbmOn=0, OpRate=120
11-17 17:55:02.422   518   631 D hwc-display: setMinIdleRefreshRate requester = BRIGHTNESS, brightness = 23.000616 nits, vote minimum refresh rate to 1
11-17 17:55:02.422   518   631 I hwc-display: ExynosPrimaryDisplay: onProximitySensorStateChanged: 0
11-17 17:55:02.422   518   631 D hwc-display: Single TE mode votes: [
11-17 17:55:02.422   518   631 D hwc-display: Voter name : PIXEL_DISP single TE mode ? false
11-17 17:55:02.422   518   631 D hwc-display: Voter name : TEST single TE mode ? false
11-17 17:55:02.422   518   631 D hwc-display: Voter name : LHBM single TE mode ? false
11-17 17:55:02.422   518   631 D hwc-display: Voter name : BRIGHTNESS single TE mode ? false
11-17 17:55:02.422   518   631 D hwc-display: ]
11-17 17:55:02.438   518   631 I hwc-display: path=drm, id=0, level=530, nits=22.784231, brightness=0.010151, DimmingOn=0, Hbm=0, LhbmOn=0, OpRate=120
11-17 17:55:02.439   518   631 D hwc-display: setMinIdleRefreshRate requester = BRIGHTNESS, brightness = 22.816422 nits, vote minimum refresh rate to 1
11-17 17:55:02.439   518   631 I hwc-display: ExynosPrimaryDisplay: onProximitySensorStateChanged: 0
11-17 17:55:02.439   518   631 D hwc-display: Single TE mode votes: [
11-17 17:55:02.439   518   631 D hwc-display: Voter name : PIXEL_DISP single TE mode ? false
11-17 17:55:02.439   518   631 D hwc-display: Voter name : TEST single TE mode ? false
11-17 17:55:02.439   518   631 D hwc-display: Voter name : LHBM single TE mode ? false
11-17 17:55:02.439   518   631 D hwc-display: Voter name : BRIGHTNESS single TE mode ? false
11-17 17:55:02.439   518   631 D hwc-display: ]
11-17 17:55:02.455  3606  3606 I VitruvianBLE: Read Response received from 90e991a6-c548-44ed-969b-eb541014eae3, value: (0x) 4A-86-3D-00-00-00-00-00-90-01-00-00-00-00-90-01-18-00-FF-C8-00-00-00-00-00-00
11-17 17:55:02.456   518   631 I hwc-display: path=drm, id=0, level=528, nits=22.586468, brightness=0.010054, DimmingOn=0, Hbm=0, LhbmOn=0, OpRate=120
11-17 17:55:02.456  3606  3606 D VitruvianBLE: gatt.readCharacteristic(90e991a6-c548-44ed-969b-eb541014eae3)
11-17 17:55:02.456   518   631 D hwc-display: setMinIdleRefreshRate requester = BRIGHTNESS, brightness = 22.632223 nits, vote minimum refresh rate to 1
11-17 17:55:02.456   518   631 I hwc-display: ExynosPrimaryDisplay: onProximitySensorStateChanged: 0
11-17 17:55:02.456   518   631 D hwc-display: Single TE mode votes: [
11-17 17:55:02.456   518   631 D hwc-display: Voter name : PIXEL_DISP single TE mode ? false
11-17 17:55:02.456   518   631 D hwc-display: Voter name : TEST single TE mode ? false
11-17 17:55:02.456   518   631 D hwc-display: Voter name : LHBM single TE mode ? false
11-17 17:55:02.456   518   631 D hwc-display: Voter name : BRIGHTNESS single TE mode ? false
11-17 17:55:02.456   518   631 D hwc-display: ]
11-17 17:55:02.460  3606  3606 D VitruvianBleManager$startMonitorPolling: Monitor read callback fired!
11-17 17:55:02.460  3606  3606 V VitruvianBleManager: handleMonitorData called
11-17 17:55:02.462  3606  3606 V VitruvianBleManager: Emitted metric to flow: success=true, subscribers=1
11-17 17:55:02.462  3606  3679 D BleRepositoryImpl$connectToDevice$2$newBleManager: BleRepository forwarding monitor metric: pos=(0,0)
11-17 17:55:02.464  3606  3606 V MainViewModel: Monitor metric received in ViewModel: pos=(0,0)
11-17 17:55:02.472   518   631 I hwc-display: path=drm, id=0, level=525, nits=22.389574, brightness=0.009958, DimmingOn=0, Hbm=0, LhbmOn=0, OpRate=120
11-17 17:55:02.472   518   631 D hwc-display: setMinIdleRefreshRate requester = BRIGHTNESS, brightness = 22.355932 nits, vote minimum refresh rate to 1
11-17 17:55:02.472   518   631 I hwc-display: ExynosPrimaryDisplay: onProximitySensorStateChanged: 0
11-17 17:55:02.473   518   631 D hwc-display: Single TE mode votes: [
11-17 17:55:02.473   518   631 D hwc-display: Voter name : PIXEL_DISP single TE mode ? false
11-17 17:55:02.473   518   631 D hwc-display: Voter name : TEST single TE mode ? false
11-17 17:55:02.473   518   631 D hwc-display: Voter name : LHBM single TE mode ? false
11-17 17:55:02.473   518   631 D hwc-display: Voter name : BRIGHTNESS single TE mode ? false
11-17 17:55:02.473   518   631 D hwc-display: ]
11-17 17:55:02.489   518   631 I hwc-display: path=drm, id=0, level=523, nits=22.193701, brightness=0.009862, DimmingOn=0, Hbm=0, LhbmOn=0, OpRate=120
11-17 17:55:02.489   518   631 D hwc-display: setMinIdleRefreshRate requester = BRIGHTNESS, brightness = 22.171738 nits, vote minimum refresh rate to 1
11-17 17:55:02.489   518   631 I hwc-display: ExynosPrimaryDisplay: onProximitySensorStateChanged: 0
11-17 17:55:02.489   518   631 D hwc-display: Single TE mode votes: [
11-17 17:55:02.489   518   631 D hwc-display: Voter name : PIXEL_DISP single TE mode ? false
11-17 17:55:02.489   518   631 D hwc-display: Voter name : TEST single TE mode ? false
11-17 17:55:02.489   518   631 D hwc-display: Voter name : LHBM single TE mode ? false
11-17 17:55:02.489   518   631 D hwc-display: Voter name : BRIGHTNESS single TE mode ? false
11-17 17:55:02.489   518   631 D hwc-display: ]
11-17 17:55:02.505   518   631 I hwc-display: path=drm, id=0, level=521, nits=21.998774, brightness=0.009767, DimmingOn=0, Hbm=0, LhbmOn=0, OpRate=120
11-17 17:55:02.505   518   631 D hwc-display: setMinIdleRefreshRate requester = BRIGHTNESS, brightness = 21.987543 nits, vote minimum refresh rate to 1
11-17 17:55:02.505   518   631 I hwc-display: ExynosPrimaryDisplay: onProximitySensorStateChanged: 0
11-17 17:55:02.506   518   631 D hwc-display: Single TE mode votes: [
11-17 17:55:02.506   518   631 D hwc-display: Voter name : PIXEL_DISP single TE mode ? false
11-17 17:55:02.506   518   631 D hwc-display: Voter name : TEST single TE mode ? false
11-17 17:55:02.506   518   631 D hwc-display: Voter name : LHBM single TE mode ? false
11-17 17:55:02.506   518   631 D hwc-display: Voter name : BRIGHTNESS single TE mode ? false
11-17 17:55:02.506   518   631 D hwc-display: ]
11-17 17:55:02.522   518   631 I hwc-display: path=drm, id=0, level=519, nits=21.804789, brightness=0.009672, DimmingOn=0, Hbm=0, LhbmOn=0, OpRate=120
11-17 17:55:02.522   518   631 D hwc-display: setMinIdleRefreshRate requester = BRIGHTNESS, brightness = 21.803349 nits, vote minimum refresh rate to 1
11-17 17:55:02.522   518   631 I hwc-display: ExynosPrimaryDisplay: onProximitySensorStateChanged: 0
11-17 17:55:02.522   518   631 D hwc-display: Single TE mode votes: [
11-17 17:55:02.522   518   631 D hwc-display: Voter name : PIXEL_DISP single TE mode ? false
11-17 17:55:02.522   518   631 D hwc-display: Voter name : TEST single TE mode ? false
11-17 17:55:02.522   518   631 D hwc-display: Voter name : LHBM single TE mode ? false
11-17 17:55:02.522   518   631 D hwc-display: Voter name : BRIGHTNESS single TE mode ? false
11-17 17:55:02.522   518   631 D hwc-display: ]
11-17 17:55:02.538   518   631 I hwc-display: path=drm, id=0, level=517, nits=21.611813, brightness=0.009578, DimmingOn=0, Hbm=0, LhbmOn=0, OpRate=120
11-17 17:55:02.539   518   631 D hwc-display: setMinIdleRefreshRate requester = BRIGHTNESS, brightness = 21.619154 nits, vote minimum refresh rate to 1
11-17 17:55:02.539   518   631 I hwc-display: ExynosPrimaryDisplay: onProximitySensorStateChanged: 0
11-17 17:55:02.539   518   631 D hwc-display: Single TE mode votes: [
11-17 17:55:02.539   518   631 D hwc-display: Voter name : PIXEL_DISP single TE mode ? false
11-17 17:55:02.539   518   631 D hwc-display: Voter name : TEST single TE mode ? false
11-17 17:55:02.539   518   631 D hwc-display: Voter name : LHBM single TE mode ? false
11-17 17:55:02.539   518   631 D hwc-display: Voter name : BRIGHTNESS single TE mode ? false
11-17 17:55:02.539   518   631 D hwc-display: ]
11-17 17:55:02.555   518   631 I hwc-display: path=drm, id=0, level=515, nits=21.419731, brightness=0.009484, DimmingOn=0, Hbm=0, LhbmOn=0, OpRate=120
11-17 17:55:02.555   518   631 D hwc-display: setMinIdleRefreshRate requester = BRIGHTNESS, brightness = 21.434958 nits, vote minimum refresh rate to 1
11-17 17:55:02.555   518   631 I hwc-display: ExynosPrimaryDisplay: onProximitySensorStateChanged: 0
11-17 17:55:02.555   518   631 D hwc-display: Single TE mode votes: [
11-17 17:55:02.555   518   631 D hwc-display: Voter name : PIXEL_DISP single TE mode ? false
11-17 17:55:02.555   518   631 D hwc-display: Voter name : TEST single TE mode ? false
11-17 17:55:02.555   518   631 D hwc-display: Voter name : LHBM single TE mode ? false
11-17 17:55:02.555   518   631 D hwc-display: Voter name : BRIGHTNESS single TE mode ? false
11-17 17:55:02.555   518   631 D hwc-display: ]
11-17 17:55:02.572   518   631 I hwc-display: path=drm, id=0, level=513, nits=21.228609, brightness=0.009390, DimmingOn=0, Hbm=0, LhbmOn=0, OpRate=120
11-17 17:55:02.572   518   631 D hwc-display: setMinIdleRefreshRate requester = BRIGHTNESS, brightness = 21.250763 nits, vote minimum refresh rate to 1
11-17 17:55:02.572   518   631 I hwc-display: ExynosPrimaryDisplay: onProximitySensorStateChanged: 0
11-17 17:55:02.572   518   631 D hwc-display: Single TE mode votes: [
11-17 17:55:02.572   518   631 D hwc-display: Voter name : PIXEL_DISP single TE mode ? false
11-17 17:55:02.572   518   631 D hwc-display: Voter name : TEST single TE mode ? false
11-17 17:55:02.572   518   631 D hwc-display: Voter name : LHBM single TE mode ? false
11-17 17:55:02.572   518   631 D hwc-display: Voter name : BRIGHTNESS single TE mode ? false
11-17 17:55:02.572   518   631 D hwc-display: ]
11-17 17:55:02.588   518   631 I hwc-display: path=drm, id=0, level=511, nits=21.038433, brightness=0.009297, DimmingOn=0, Hbm=0, LhbmOn=0, OpRate=120
11-17 17:55:02.589   518   631 D hwc-display: setMinIdleRefreshRate requester = BRIGHTNESS, brightness = 21.066566 nits, vote minimum refresh rate to 1
11-17 17:55:02.589   518   631 I hwc-display: ExynosPrimaryDisplay: onProximitySensorStateChanged: 0
11-17 17:55:02.589   518   631 D hwc-display: Single TE mode votes: [
11-17 17:55:02.589   518   631 D hwc-display: Voter name : PIXEL_DISP single TE mode ? false
11-17 17:55:02.589   518   631 D hwc-display: Voter name : TEST single TE mode ? false
11-17 17:55:02.589   518   631 D hwc-display: Voter name : LHBM single TE mode ? false
11-17 17:55:02.589   518   631 D hwc-display: Voter name : BRIGHTNESS single TE mode ? false
11-17 17:55:02.589   518   631 D hwc-display: ]
11-17 17:55:02.593 20365 20367 I pixel-thermal: VIRTUAL-SKIN-SPEAKER:33.8063 raw data: VIRTUAL-SKIN-SPEAKER:33806.3 VIRTUAL-SKIN-SPEAKER-SUB-0:33806.3 btmspkr_therm:29546 charging_therm:31527 disp_therm:29813 north_therm:32796 quiet_therm:31104 rfpa_therm:30570 soc_therm:31817 usb_pwr_therm:29591 
11-17 17:55:02.602 20365 20367 I pixel-thermal: north_therm:32.796 raw data: north_therm:32796 
11-17 17:55:02.602 20365 20367 I pixel-thermal: Power data LPM_ACTIVE_RAILS_TRANS is under collecting
11-17 17:55:02.602 20365 20367 I pixel-thermal: ShutdownModePowerTrans data is under collecting
11-17 17:55:02.602 20365 20367 I pixel-thermal: Thermal sensor ShutdownModePowerTrans is under collecting
11-17 17:55:02.602 20365 20367 I pixel-thermal: thermalWatcherCallbackFunc: data under collecting for sensor: ShutdownModePowerTrans
11-17 17:55:02.603 20365 20367 I pixel-thermal: VIRTUAL-SKIN-MODEL: model_input: [29546.00 31527.00 29813.00 32796.00 31104.00 30570.00 31817.00 29591.00 ]
11-17 17:55:02.603 20365 20367 I native  : I0000 00:00:1763420102.603159   20367 thermal_tflite_wrapper.cc:261] ThermalTfliteInvoke
11-17 17:55:02.603 20365 20367 I pixel-thermal: VIRTUAL-SKIN-MODEL: model_output: [28818.9 ]
11-17 17:55:02.603 20365 20367 I pixel-thermal: VIRTUAL-SKIN-MODEL: predicted_value: [28818.9 ]
11-17 17:55:02.603 20365 20367 I pixel-thermal: Power data LPM_ACTIVE_RAILS_TRANS is under collecting
11-17 17:55:02.603 20365 20367 I pixel-thermal: ShutdownModePowerTrans data is under collecting
11-17 17:55:02.603 20365 20367 I pixel-thermal: Thermal sensor ShutdownModePowerTrans is under collecting
11-17 17:55:02.603 20365 20367 I pixel-thermal: Power data LPM_ACTIVE_RAILS_STEADY is under collecting
11-17 17:55:02.603 20365 20367 I pixel-thermal: ShutdownModePowerSteady data is under collecting
11-17 17:55:02.603 20365 20367 I pixel-thermal: Thermal sensor ShutdownModePowerSteady is under collecting
11-17 17:55:02.603  3606  3606 I VitruvianBLE: Read Response received from 90e991a6-c548-44ed-969b-eb541014eae3, value: (0x) EA-86-3D-00-00-00-01-00-90-01-00-00-00-00-90-01-18-00-FF-C8-00-00-00-00-00-00
11-17 17:55:02.603 20365 20367 I pixel-thermal: VIRTUAL-SKIN:28.8778 raw data: VIRTUAL-SKIN:28877.8 VIRTUAL-SKIN-LEGACY:30127.2 VIRTUAL-SKIN-LEGACY-MODEL-DIFF:1308.32 VIRTUAL-SKIN-LEGACY-SHUTDOWN:0 VIRTUAL-SKIN-MODEL:28818.9 VIRTUAL-SKIN-MODEL-CLAMPED:28818.9 VIRTUAL-SKIN-MODEL-LEGACY-DIFF:-1308.32 VIRTUAL-SKIN-MODEL-UPDATED:28877.8 VIRTUAL-SKIN-MODEL-UPPER-CLAMPED:28818.9 VIRTUAL-SKIN-SUB-0:26082.7 VIRTUAL-SKIN-SUB-1:28507.9 VIRTUAL-SKIN-SUB-2:30083.9 VIRTUAL-SKIN-SUB-3:29557.6 VIRTUAL-SKIN-SUB-4:27393.1 VIRTUAL-SKIN-SUB-5:29728.6 VIRTUAL-SKIN-SUB-6:30127.2 VT_LEGACY_WEIGHT:0 VT_MODEL_WEIGHT:1 btmspkr_therm:29546 charging_therm:31527 disp_therm:29813 north_therm:32796 quiet_therm:31104 rfpa_therm:30570 soc_therm:31817 usb_pwr_therm:29591 
11-17 17:55:02.604 20365 20367 I pixel-thermal: VIRTUAL-SKIN-LSTM-MODEL: model_input: [32796.00 31817.00 31527.00 29813.00 31104.00 29591.00 30570.00 29546.00 ]
11-17 17:55:02.604 20365 20367 I native  : I0000 00:00:1763420102.604111   20367 thermal_tflite_wrapper.cc:261] ThermalTfliteInvoke
11-17 17:55:02.604  3606  3606 D VitruvianBLE: gatt.readCharacteristic(90e991a6-c548-44ed-969b-eb541014eae3)
11-17 17:55:02.605 20365 20367 I pixel-thermal: VIRTUAL-SKIN-LSTM-MODEL: model_output: [31394.6 31408.6 31426.6 31443.8 31465.6 31490.6 ]
11-17 17:55:02.605 20365 20367 I pixel-thermal: VIRTUAL-SKIN-LSTM-MODEL: predicted_value: [31394.6 31408.6 31426.6 31443.8 31465.6 31490.6 ]
11-17 17:55:02.605   518   631 I hwc-display: path=drm, id=0, level=509, nits=20.849247, brightness=0.009205, DimmingOn=0, Hbm=0, LhbmOn=0, OpRate=120
11-17 17:55:02.605   518   631 D hwc-display: setMinIdleRefreshRate requester = BRIGHTNESS, brightness = 20.882372 nits, vote minimum refresh rate to 1
11-17 17:55:02.605   518   631 I hwc-display: ExynosPrimaryDisplay: onProximitySensorStateChanged: 0
11-17 17:55:02.606   518   631 D hwc-display: Single TE mode votes: [
11-17 17:55:02.606   518   631 D hwc-display: Voter name : PIXEL_DISP single TE mode ? false
11-17 17:55:02.606   518   631 D hwc-display: Voter name : TEST single TE mode ? false
11-17 17:55:02.606   518   631 D hwc-display: Voter name : LHBM single TE mode ? false
11-17 17:55:02.606   518   631 D hwc-display: Voter name : BRIGHTNESS single TE mode ? false
11-17 17:55:02.606   518   631 D hwc-display: ]
11-17 17:55:02.606 20365 20367 I pixel-thermal: STATS-UPDATOR-LSTM:0 raw data: LSTM-VT-PREDICTION-14SEC-BACK:31559.2 LSTM-VT-PREDICTION-21SEC-BACK:31514.5 LSTM-VT-PREDICTION-28SEC-BACK:32476.6 LSTM-VT-PREDICTION-35SEC-BACK:32743.7 LSTM-VT-PREDICTION-7SEC-BACK:31477.9 LSTM-VT-PREDICTION-ERROR-14SEC:164.568 LSTM-VT-PREDICTION-ERROR-21SEC:119.869 LSTM-VT-PREDICTION-ERROR-28SEC:1081.96 LSTM-VT-PREDICTION-ERROR-35SEC:1349.09 LSTM-VT-PREDICTION-ERROR-7SEC:83.2246 LSTM-VT-PREDICTION-NOW:31394.6 STATS-UPDATOR-LSTM:0 VIRTUAL-SKIN-LSTM-MODEL:31394.6 btmspkr_therm:29546 charging_therm:31527 disp_therm:29813 north_therm:32796 quiet_therm:31104 rfpa_therm:30570 soc_therm:31817 usb_pwr_therm:29591 
11-17 17:55:02.606 20365 20367 I pixel-thermal: STATS-UPDATOR:0 raw data: STATS-UPDATOR:0 VIRTUAL-SKIN-LEGACY:30127.2 VIRTUAL-SKIN-MODEL:28818.9 VIRTUAL-SKIN-MODEL-LEGACY-DIFF:-1308.32 
11-17 17:55:02.607 20365 20367 I pixel-thermal: VIRTUAL-SKIN-CHARGE-WIRED:30.1272 raw data: NO_WLC:1 VIRTUAL-SKIN-CHARGE:30127.2 VIRTUAL-SKIN-CHARGE-SUB-0:26082.7 VIRTUAL-SKIN-CHARGE-SUB-1:27393.1 VIRTUAL-SKIN-CHARGE-SUB-2:29595.1 VIRTUAL-SKIN-CHARGE-SUB-3:29915.8 VIRTUAL-SKIN-CHARGE-SUB-4:29533.9 VIRTUAL-SKIN-CHARGE-SUB-5:30127.2 VIRTUAL-SKIN-CHARGE-WIRED:30127.2 WLC_CHECK:1 btmspkr_therm:29546 charging_therm:31527 disp_therm:29813 north_therm:32796 quiet_therm:31104 rfpa_therm:30570 soc_therm:31817 thb_hda:0 usb_pwr_therm:29591 
11-17 17:55:02.607 20365 20367 I pixel-thermal: VIRTUAL-SKIN-HINT:28.8778 raw data: VIRTUAL-SKIN:28877.8 VIRTUAL-SKIN-HINT:28877.8 
11-17 17:55:02.607 20365 20367 I pixel-thermal: VIRTUAL-SKIN-CPU-LIGHT-ODPM:28.8778 raw data: VIRTUAL-SKIN:28877.8 VIRTUAL-SKIN-CPU-LIGHT-ODPM:28877.8 
11-17 17:55:02.608 20365 20367 I pixel-thermal: VIRTUAL-SKIN-GPU:28.8778 raw data: VIRTUAL-SKIN:28877.8 VIRTUAL-SKIN-GPU:28877.8 
11-17 17:55:02.608 20365 20367 I pixel-thermal: VIRTUAL-SKIN-CPU-MID:28.8778 raw data: VIRTUAL-SKIN:28877.8 VIRTUAL-SKIN-CPU-MID:28877.8 
11-17 17:55:02.608 20365 20367 I pixel-thermal: VIRTUAL-SKIN-CPU-ODPM:28.8778 raw data: VIRTUAL-SKIN:28877.8 VIRTUAL-SKIN-CPU-ODPM:28877.8 
11-17 17:55:02.608 20365 20367 I pixel-thermal: VIRTUAL-SKIN-CPU-HIGH:28.8778 raw data: VIRTUAL-SKIN:28877.8 VIRTUAL-SKIN-CPU-HIGH:28877.8 
11-17 17:55:02.608 20365 20367 I pixel-thermal: VIRTUAL-SKIN-SOC:28.8778 raw data: VIRTUAL-SKIN:28877.8 VIRTUAL-SKIN-SOC:28877.8 
11-17 17:55:02.608 20365 20367 I pixel-thermal: cellular-emergency:28.8778 raw data: VIRTUAL-SKIN:28877.8 cellular-emergency:28877.8 
11-17 17:55:02.608  3606  3606 D VitruvianBleManager$startMonitorPolling: Monitor read callback fired!
11-17 17:55:02.609  3606  3606 V VitruvianBleManager: handleMonitorData called
11-17 17:55:02.609 20365 20367 I pixel-thermal: CHARGING-STATS-UPDATOR:0 raw data: CHARGING-STATS-UPDATOR:0 IS_WIRED_15W:0 IS_WIRED_15W_CHECK:1 IS_WIRED_18W:0 IS_WIRED_18W_CHECK:1 IS_WIRED_5W:0 IS_WIRED_5W_CHECK:1 IS_WIRED_7_5W:0 IS_WIRED_7_5W_CHECK:1 IS_WIRED_GT18W:0 IS_WIRED_GT18W_CHECK:1 IS_WIRED_SUB5W:0 IS_WIRED_SUB5W_CHECK:1 IS_WLC:0 NO_WIRED_15W:1 NO_WIRED_18W:1 NO_WIRED_5W:1 NO_WIRED_7_5W:1 NO_WIRED_GT18W:1 NO_WIRED_SUB5W:1 NO_WLC:1 VIRTUAL-SKIN-CHARGE:30127.2 VIRTUAL-SKIN-CHARGE-DURING-WIRED-15W-STATS:-1e+06 VIRTUAL-SKIN-CHARGE-DURING-WIRED-18W-STATS:-1e+06 VIRTUAL-SKIN-CHARGE-DURING-WIRED-5W-STATS:-1e+06 VIRTUAL-SKIN-CHARGE-DURING-WIRED-7-5W-STATS:-1e+06 VIRTUAL-SKIN-CHARGE-DURING-WIRED-GT18W-STATS:-1e+06 VIRTUAL-SKIN-CHARGE-DURING-WIRED-SUB5W-STATS:-1e+06 VIRTUAL-SKIN-CHARGE-DURING-WLC-STATS:-1e+06 WLC_CHECK:1 thb_hda:0 
11-17 17:55:02.609 20365 20367 I pixel-thermal: VIRTUAL-SKIN-CHARGE-PERSIST:30.1272 raw data: VIRTUAL-SKIN-CHARGE:30127.2 VIRTUAL-SKIN-CHARGE-PERSIST:30127.2 
11-17 17:55:02.609 20365 20367 I pixel-thermal: Power data LPM_ACTIVE_RAILS_STEADY is under collecting
11-17 17:55:02.609 20365 20367 I pixel-thermal: ShutdownModePowerSteady data is under collecting
11-17 17:55:02.609 20365 20367 I pixel-thermal: Thermal sensor ShutdownModePowerSteady is under collecting
11-17 17:55:02.609 20365 20367 I pixel-thermal: thermalWatcherCallbackFunc: data under collecting for sensor: ShutdownModePowerSteady
11-17 17:55:02.610  3606  3606 V VitruvianBleManager: Emitted metric to flow: success=true, subscribers=1
11-17 17:55:02.611  3606  3679 D BleRepositoryImpl$connectToDevice$2$newBleManager: BleRepository forwarding monitor metric: pos=(0,0)
11-17 17:55:02.612  3606  3606 V MainViewModel: Monitor metric received in ViewModel: pos=(0,0)
11-17 17:55:02.622   518   579 I hwc-display: path=drm, id=0, level=507, nits=20.661001, brightness=0.009113, DimmingOn=0, Hbm=0, LhbmOn=0, OpRate=120
11-17 17:55:02.622   518   579 D hwc-display: setMinIdleRefreshRate requester = BRIGHTNESS, brightness = 20.698177 nits, vote minimum refresh rate to 1
11-17 17:55:02.622   518   579 I hwc-display: ExynosPrimaryDisplay: onProximitySensorStateChanged: 0
11-17 17:55:02.623   518   579 D hwc-display: Single TE mode votes: [
11-17 17:55:02.623   518   579 D hwc-display: Voter name : PIXEL_DISP single TE mode ? false
11-17 17:55:02.623   518   579 D hwc-display: Voter name : TEST single TE mode ? false
11-17 17:55:02.623   518   579 D hwc-display: Voter name : LHBM single TE mode ? false
11-17 17:55:02.623   518   579 D hwc-display: Voter name : BRIGHTNESS single TE mode ? false
11-17 17:55:02.623   518   579 D hwc-display: ]
11-17 17:55:02.638   518   631 I hwc-display: path=drm, id=0, level=505, nits=20.473652, brightness=0.009021, DimmingOn=0, Hbm=0, LhbmOn=0, OpRate=120
11-17 17:55:02.639   518   631 D hwc-display: setMinIdleRefreshRate requester = BRIGHTNESS, brightness = 20.513983 nits, vote minimum refresh rate to 1
11-17 17:55:02.639   518   631 I hwc-display: ExynosPrimaryDisplay: onProximitySensorStateChanged: 0
11-17 17:55:02.639   518   631 D hwc-display: Single TE mode votes: [
11-17 17:55:02.639   518   631 D hwc-display: Voter name : PIXEL_DISP single TE mode ? false
11-17 17:55:02.639   518   631 D hwc-display: Voter name : TEST single TE mode ? false
11-17 17:55:02.639   518   631 D hwc-display: Voter name : LHBM single TE mode ? false
11-17 17:55:02.639   518   631 D hwc-display: Voter name : BRIGHTNESS single TE mode ? false
11-17 17:55:02.639   518   631 D hwc-display: ]
11-17 17:55:02.655   518   631 I hwc-display: path=drm, id=0, level=503, nits=20.287258, brightness=0.008930, DimmingOn=0, Hbm=0, LhbmOn=0, OpRate=120
11-17 17:55:02.655   518   631 D hwc-display: setMinIdleRefreshRate requester = BRIGHTNESS, brightness = 20.329788 nits, vote minimum refresh rate to 1
11-17 17:55:02.655   518   631 I hwc-display: ExynosPrimaryDisplay: onProximitySensorStateChanged: 0
11-17 17:55:02.655   518   631 D hwc-display: Single TE mode votes: [
11-17 17:55:02.655   518   631 D hwc-display: Voter name : PIXEL_DISP single TE mode ? false
11-17 17:55:02.655   518   631 D hwc-display: Voter name : TEST single TE mode ? false
11-17 17:55:02.655   518   631 D hwc-display: Voter name : LHBM single TE mode ? false
11-17 17:55:02.655   518   631 D hwc-display: Voter name : BRIGHTNESS single TE mode ? false
11-17 17:55:02.655   518   631 D hwc-display: ]
11-17 17:55:02.672   518   631 I hwc-display: path=drm, id=0, level=500, nits=20.101711, brightness=0.008840, DimmingOn=0, Hbm=0, LhbmOn=0, OpRate=120
11-17 17:55:02.672   518   631 D hwc-display: setMinIdleRefreshRate requester = BRIGHTNESS, brightness = 20.072092 nits, vote minimum refresh rate to 1
11-17 17:55:02.672   518   631 I hwc-display: ExynosPrimaryDisplay: onProximitySensorStateChanged: 0
11-17 17:55:02.672   518   631 D hwc-display: Single TE mode votes: [
11-17 17:55:02.672   518   631 D hwc-display: Voter name : PIXEL_DISP single TE mode ? false
11-17 17:55:02.672   518   631 D hwc-display: Voter name : TEST single TE mode ? false
11-17 17:55:02.672   518   631 D hwc-display: Voter name : LHBM single TE mode ? false
11-17 17:55:02.672   518   631 D hwc-display: Voter name : BRIGHTNESS single TE mode ? false
11-17 17:55:02.672   518   631 D hwc-display: ]
11-17 17:55:02.688   518   631 I hwc-display: path=drm, id=0, level=498, nits=19.917147, brightness=0.008749, DimmingOn=0, Hbm=0, LhbmOn=0, OpRate=120
11-17 17:55:02.688   518   631 D hwc-display: setMinIdleRefreshRate requester = BRIGHTNESS, brightness = 19.906488 nits, vote minimum refresh rate to 1
11-17 17:55:02.688   518   631 I hwc-display: ExynosPrimaryDisplay: onProximitySensorStateChanged: 0
11-17 17:55:02.689   518   631 D hwc-display: Single TE mode votes: [
11-17 17:55:02.689   518   631 D hwc-display: Voter name : PIXEL_DISP single TE mode ? false
11-17 17:55:02.689   518   631 D hwc-display: Voter name : TEST single TE mode ? false
11-17 17:55:02.689   518   631 D hwc-display: Voter name : LHBM single TE mode ? false
11-17 17:55:02.689   518   631 D hwc-display: Voter name : BRIGHTNESS single TE mode ? false
11-17 17:55:02.689   518   631 D hwc-display: ]
11-17 17:55:02.703  3606  3606 I VitruvianBLE: Read Response received from 90e991a6-c548-44ed-969b-eb541014eae3, value: (0x) 4E-87-3D-00-00-00-00-00-90-01-00-00-00-00-90-01-18-00-FF-C8-00-00-00-00-00-00
11-17 17:55:02.704  3606  3606 D VitruvianBLE: gatt.readCharacteristic(90e991a6-c548-44ed-969b-eb541014eae3)
11-17 17:55:02.705   518   631 I hwc-display: path=drm, id=0, level=496, nits=19.733608, brightness=0.008660, DimmingOn=0, Hbm=0, LhbmOn=0, OpRate=120
11-17 17:55:02.705   518   631 D hwc-display: setMinIdleRefreshRate requester = BRIGHTNESS, brightness = 19.740891 nits, vote minimum refresh rate to 1
11-17 17:55:02.705   518   631 I hwc-display: ExynosPrimaryDisplay: onProximitySensorStateChanged: 0
11-17 17:55:02.705   518   631 D hwc-display: Single TE mode votes: [
11-17 17:55:02.705   518   631 D hwc-display: Voter name : PIXEL_DISP single TE mode ? false
11-17 17:55:02.705   518   631 D hwc-display: Voter name : TEST single TE mode ? false
11-17 17:55:02.705   518   631 D hwc-display: Voter name : LHBM single TE mode ? false
11-17 17:55:02.705   518   631 D hwc-display: Voter name : BRIGHTNESS single TE mode ? false
11-17 17:55:02.705   518   631 D hwc-display: ]
11-17 17:55:02.708  3606  3606 D VitruvianBleManager$startMonitorPolling: Monitor read callback fired!
11-17 17:55:02.708  3606  3606 V VitruvianBleManager: handleMonitorData called
11-17 17:55:02.709  3606  3606 V VitruvianBleManager: Emitted metric to flow: success=true, subscribers=1
11-17 17:55:02.710  3606  3676 D BleRepositoryImpl$connectToDevice$2$newBleManager: BleRepository forwarding monitor metric: pos=(0,0)
11-17 17:55:02.712  3606  3606 V MainViewModel: Monitor metric received in ViewModel: pos=(0,0)
11-17 17:55:02.722   518   631 I hwc-display: path=drm, id=0, level=494, nits=19.551029, brightness=0.008570, DimmingOn=0, Hbm=0, LhbmOn=0, OpRate=120
11-17 17:55:02.722   518   631 D hwc-display: setMinIdleRefreshRate requester = BRIGHTNESS, brightness = 19.575291 nits, vote minimum refresh rate to 1
11-17 17:55:02.722   518   631 I hwc-display: ExynosPrimaryDisplay: onProximitySensorStateChanged: 0
11-17 17:55:02.722   518   631 D hwc-display: Single TE mode votes: [
11-17 17:55:02.722   518   631 D hwc-display: Voter name : PIXEL_DISP single TE mode ? false
11-17 17:55:02.722   518   631 D hwc-display: Voter name : TEST single TE mode ? false
11-17 17:55:02.722   518   631 D hwc-display: Voter name : LHBM single TE mode ? false
11-17 17:55:02.722   518   631 D hwc-display: Voter name : BRIGHTNESS single TE mode ? false
11-17 17:55:02.722   518   631 D hwc-display: ]
11-17 17:55:02.738   518   631 I hwc-display: path=drm, id=0, level=492, nits=19.369341, brightness=0.008482, DimmingOn=0, Hbm=0, LhbmOn=0, OpRate=120
11-17 17:55:02.738   518   631 D hwc-display: setMinIdleRefreshRate requester = BRIGHTNESS, brightness = 19.409691 nits, vote minimum refresh rate to 1
11-17 17:55:02.738   518   631 I hwc-display: ExynosPrimaryDisplay: onProximitySensorStateChanged: 0
11-17 17:55:02.739   518   631 D hwc-display: Single TE mode votes: [
11-17 17:55:02.739   518   631 D hwc-display: Voter name : PIXEL_DISP single TE mode ? false
11-17 17:55:02.739   518   631 D hwc-display: Voter name : TEST single TE mode ? false
11-17 17:55:02.739   518   631 D hwc-display: Voter name : LHBM single TE mode ? false
11-17 17:55:02.739   518   631 D hwc-display: Voter name : BRIGHTNESS single TE mode ? false
11-17 17:55:02.739   518   631 D hwc-display: ]
