11-19 17:56:23.562  1473  2059 D ActivityManager: freezing 19532 com.google.android.apps.privacy.wildlife
11-19 17:56:23.577  1473  1725 D ActivityManager: sync unfroze 387 com.google.android.apps.pixel.dcservice for 3
11-19 17:56:25.880  1473  1725 D ActivityManager: sync unfroze 19532 com.google.android.apps.privacy.wildlife for 3
11-19 17:56:25.882  1473  2175 D BackgroundInstallControlService: Package event received: 0
11-19 17:56:27.654  1473  4167 W AppOps  : Noting op not finished: uid 10507 pkg com.example.vitruvianredux.debug code 154 startTime of in progress event=1763592978063
11-19 17:56:27.655  1473  4167 I AS.FadeOutManager: unfadeOutUid() uid:10507
11-19 17:56:27.660  1473  4178 E AppOps  : attributionTag  not declared in manifest of com.example.vitruvianredux.debug
11-19 17:56:27.661  1473  4178 E AppOps  : attributionTag  not declared in manifest of com.example.vitruvianredux.debug
11-19 17:56:27.817  1473  2846 W AppOps  : Noting op not finished: uid 10507 pkg com.example.vitruvianredux.debug code 154 startTime of in progress event=1763592978063
11-19 17:56:27.818  1473  2846 I AS.FadeOutManager: unfadeOutUid() uid:10507
11-19 17:56:27.821  1473  4178 E AppOps  : attributionTag  not declared in manifest of com.example.vitruvianredux.debug
11-19 17:56:27.821  1473  4178 E AppOps  : attributionTag  not declared in manifest of com.example.vitruvianredux.debug
11-19 17:56:27.834  1473  4178 E AppOps  : attributionTag  not declared in manifest of com.example.vitruvianredux.debug
11-19 17:56:27.835  1473  2846 E AppOps  : attributionTag  not declared in manifest of com.example.vitruvianredux.debug
11-19 17:56:27.983  1473  4178 W ForegroundServiceTypeLoggerModule: Logger should be tracking FGS types correctly for UID 10507 in package com.example.vitruvianredux.debug
11-19 17:56:27.983  1473  4178 W ForegroundServiceTypeLoggerModule: Logger should be tracking FGS types correctly for UID 10507 in package com.example.vitruvianredux.debug
11-19 17:56:27.984  1473  4178 W ForegroundServiceTypeLoggerModule: Logger should be tracking FGS types correctly for UID 10507 in package com.example.vitruvianredux.debug
11-19 17:56:27.985  1473  2846 E AppOps  : attributionTag  not declared in manifest of com.example.vitruvianredux.debug
11-19 17:56:27.986  1473  4167 E AppOps  : attributionTag  not declared in manifest of com.example.vitruvianredux.debug
11-19 17:56:28.004  1473  2175 D BackgroundInstallControlService: Package event received: 0
11-19 17:56:28.071  1473  4178 E AppOps  : attributionTag  not declared in manifest of com.example.vitruvianredux.debug
11-19 17:56:28.072  1473  2846 E AppOps  : attributionTag  not declared in manifest of com.example.vitruvianredux.debug
11-19 17:56:28.104  1473  4167 E AppOps  : attributionTag  not declared in manifest of com.example.vitruvianredux.debug
11-19 17:56:28.105  1473  2846 E AppOps  : attributionTag  not declared in manifest of com.example.vitruvianredux.debug
11-19 17:56:28.177  1473  2846 E AppOps  : attributionTag  not declared in manifest of com.example.vitruvianredux.debug
11-19 17:56:28.178  1473  3875 E AppOps  : attributionTag  not declared in manifest of com.example.vitruvianredux.debug
11-19 17:56:28.245  1473  1714 I DisplayDeviceRepository: Display device changed render timings: "Built-in Screen", renderFrameRate=60.00001, presentationDeadlineNanos=11500000, appVsyncOffsetNanos=6233328, frameRateOverrides=[{uid=10507 frameRateHz=60.00001}]
11-19 17:56:28.968  1473  2175 D BackgroundInstallControlService: Package event received: 0
11-19 17:56:29.045  1473  1714 I DisplayDeviceRepository: Display device changed render timings: "Built-in Screen", renderFrameRate=60.00001, presentationDeadlineNanos=11500000, appVsyncOffsetNanos=6233328, frameRateOverrides=[]
11-19 17:56:29.260  1473  1714 I DisplayDeviceRepository: Display device changed render timings: "Built-in Screen", renderFrameRate=60.00001, presentationDeadlineNanos=11500000, appVsyncOffsetNanos=6233328, frameRateOverrides=[{uid=10507 frameRateHz=60.00001}]
11-19 17:56:30.028  1473  1714 I DisplayDeviceRepository: Display device changed render timings: "Built-in Screen", renderFrameRate=60.00001, presentationDeadlineNanos=11500000, appVsyncOffsetNanos=6233328, frameRateOverrides=[]
11-19 17:56:30.260  1473  1714 I DisplayDeviceRepository: Display device changed render timings: "Built-in Screen", renderFrameRate=60.00001, presentationDeadlineNanos=11500000, appVsyncOffsetNanos=6233328, frameRateOverrides=[{uid=10507 frameRateHz=60.00001}]
11-19 17:56:31.012  1473  1714 I DisplayDeviceRepository: Display device changed render timings: "Built-in Screen", renderFrameRate=60.00001, presentationDeadlineNanos=11500000, appVsyncOffsetNanos=6233328, frameRateOverrides=[]
11-19 17:56:31.246  1473  1754 I DisplayPowerController[0]: BrightnessEvent: brt=9.741678E-4(10.0%), nits=3.9930472, lux=0.08629124, reason=automatic, strat=AutomaticBrightnessStrategy, state=ON, stateReason=DEFAULT_POLICY, policy=BRIGHT, flags=, initBrt=0.0027654723, rcmdBrt=9.741678E-4, preBrt=0.0027654723, preLux=0.39542997, lastReadLux=0.08629124, wasShortTermModelActive=false, autoBrightness=true (default), unclampedBrt=9.741678E-4, hbmMax=0.2922917, hbmMode=off, thrmMax=1.0, rbcStrength=35, powerFactor=1.0, physDisp=Built-in Screen(local:4619827359057144832), logicalId=0, slowChange=true, rampSpeed=0.05
11-19 17:56:31.251  1473  1714 I BrightnessSynchronizer: [3589] New Update 9.741678E-4(f) set brightness values:  1(i)
11-19 17:56:31.255  1473  1714 I BrightnessSynchronizer: Swallowing update of 1(i) by update: {[3589] 9.741678E-4(f), mUpdatedTypes=1, mConfirmedTypes=1, mTimeUpdated=144398773}
11-19 17:56:31.255  1473  1714 I BrightnessSynchronizer: Completed Update: {[3589] 9.741678E-4(f), mUpdatedTypes=1, mConfirmedTypes=1, mTimeUpdated=144398773}
11-19 17:56:31.261  1473  1714 I DisplayDeviceRepository: Display device changed render timings: "Built-in Screen", renderFrameRate=60.00001, presentationDeadlineNanos=11500000, appVsyncOffsetNanos=6233328, frameRateOverrides=[{uid=10507 frameRateHz=60.00001}]
11-19 17:56:31.714  1473  2059 D ActivityManager: freezing 17173 com.google.android.turboadapter
11-19 17:56:31.719  1473  2059 D ActivityManager: freezing 8803 com.android.settings
11-19 17:56:31.725  1473  2059 D ActivityManager: freezing 3314 com.google.android.apps.wellbeing
11-19 17:56:31.771  1473  1714 I DisplayDeviceRepository: Display device changed render timings: "Built-in Screen", renderFrameRate=60.00001, presentationDeadlineNanos=11500000, appVsyncOffsetNanos=6233328, frameRateOverrides=[]
11-19 17:56:31.777  1473  1714 I DisplayDeviceRepository: Display device changed render timings: "Built-in Screen", renderFrameRate=60.00001, presentationDeadlineNanos=11500000, appVsyncOffsetNanos=6233328, frameRateOverrides=[{uid=10507 frameRateHz=60.000004}]
11-19 17:56:31.785  1473  1714 I DisplayDeviceRepository: Display device changed render timings: "Built-in Screen", renderFrameRate=60.000004, presentationDeadlineNanos=11500002, appVsyncOffsetNanos=6233328, frameRateOverrides=[{uid=10507 frameRateHz=60.000004}]
11-19 17:56:31.786  1473  1712 D WindowManager: DeferredDisplayUpdater: partially applying DisplayInfo(960 x 2142) immediately
11-19 17:56:32.022  1473  1714 I DisplayDeviceRepository: Display device changed render timings: "Built-in Screen", renderFrameRate=60.000004, presentationDeadlineNanos=11500002, appVsyncOffsetNanos=6233328, frameRateOverrides=[]
11-19 17:56:32.285  1473  1714 I DisplayDeviceRepository: Display device changed render timings: "Built-in Screen", renderFrameRate=60.000004, presentationDeadlineNanos=11500002, appVsyncOffsetNanos=6233328, frameRateOverrides=[{uid=10507 frameRateHz=60.000004}]
11-19 17:56:33.036  1473  1714 I DisplayDeviceRepository: Display device changed render timings: "Built-in Screen", renderFrameRate=60.000004, presentationDeadlineNanos=11500002, appVsyncOffsetNanos=6233328, frameRateOverrides=[]
11-19 17:56:33.320  1473  1714 I DisplayDeviceRepository: Display device changed render timings: "Built-in Screen", renderFrameRate=60.000004, presentationDeadlineNanos=11500002, appVsyncOffsetNanos=6233328, frameRateOverrides=[{uid=10507 frameRateHz=60.000004}]
11-19 17:56:33.599  1473  2059 D ActivityManager: freezing 20478 com.google.android.flipendo
11-19 17:56:34.101  1473  1714 I DisplayDeviceRepository: Display device changed render timings: "Built-in Screen", renderFrameRate=60.000004, presentationDeadlineNanos=11500002, appVsyncOffsetNanos=6233328, frameRateOverrides=[]
11-19 17:56:34.285  1473  1714 I DisplayDeviceRepository: Display device changed render timings: "Built-in Screen", renderFrameRate=60.000004, presentationDeadlineNanos=11500002, appVsyncOffsetNanos=6233328, frameRateOverrides=[{uid=10507 frameRateHz=60.000004}]
11-19 17:56:35.035  1473  1714 I DisplayDeviceRepository: Display device changed render timings: "Built-in Screen", renderFrameRate=60.000004, presentationDeadlineNanos=11500002, appVsyncOffsetNanos=6233328, frameRateOverrides=[]
11-19 17:56:35.285  1473  1714 I DisplayDeviceRepository: Display device changed render timings: "Built-in Screen", renderFrameRate=60.000004, presentationDeadlineNanos=11500002, appVsyncOffsetNanos=6233328, frameRateOverrides=[{uid=10507 frameRateHz=60.000004}]
11-19 17:56:36.034  1473  1714 I DisplayDeviceRepository: Display device changed render timings: "Built-in Screen", renderFrameRate=60.000004, presentationDeadlineNanos=11500002, appVsyncOffsetNanos=6233328, frameRateOverrides=[]
11-19 17:56:36.284  1473  1714 I DisplayDeviceRepository: Display device changed render timings: "Built-in Screen", renderFrameRate=60.000004, presentationDeadlineNanos=11500002, appVsyncOffsetNanos=6233328, frameRateOverrides=[{uid=10507 frameRateHz=60.000004}]
11-19 17:56:36.909  1473  2045 W AppOps  : Noting op not finished: uid 10187 pkg com.google.android.gms code 79 startTime of in progress event=1763589494866
11-19 17:56:36.909  1473  2045 W AppOps  : Noting op not finished: uid 10187 pkg com.google.android.gms code 79 startTime of in progress event=1763589494866
11-19 17:56:36.909  1473  2045 W AppOps  : Noting op not finished: uid 10187 pkg com.google.android.gms code 79 startTime of in progress event=1763589494866
11-19 17:56:36.909  1473  2045 W AppOps  : Noting op not finished: uid 10187 pkg com.google.android.gms code 79 startTime of in progress event=1763589494866
11-19 17:56:36.909  1473  2045 W AppOps  : Noting op not finished: uid 10187 pkg com.google.android.gms code 79 startTime of in progress event=1763589494866
11-19 17:56:36.909  1473  2045 W AppOps  : Noting op not finished: uid 10187 pkg com.google.android.gms code 79 startTime of in progress event=1763589494866
11-19 17:56:36.909  1473  2045 W AppOps  : Noting op not finished: uid 10187 pkg com.google.android.gms code 79 startTime of in progress event=1763589494866
11-19 17:56:36.909  1473  2045 W AppOps  : Noting op not finished: uid 10187 pkg com.google.android.gms code 79 startTime of in progress event=1763589494866
11-19 17:56:36.909  1473  2045 W AppOps  : Noting op not finished: uid 10187 pkg com.google.android.gms code 79 startTime of in progress event=1763589494866
11-19 17:56:36.909  1473  2045 W AppOps  : Noting op not finished: uid 10187 pkg com.google.android.gms code 79 startTime of in progress event=1763589494866
11-19 17:56:36.909  1473  2045 W AppOps  : Noting op not finished: uid 10187 pkg com.google.android.gms code 79 startTime of in progress event=1763589494866
11-19 17:56:36.909  1473  2045 W AppOps  : Noting op not finished: uid 10187 pkg com.google.android.gms code 79 startTime of in progress event=1763589494866
11-19 17:56:36.909  1473  2045 W AppOps  : Noting op not finished: uid 10187 pkg com.google.android.gms code 79 startTime of in progress event=1763589494866
11-19 17:56:36.909  1473  2045 W AppOps  : Noting op not finished: uid 10187 pkg com.google.android.gms code 79 startTime of in progress event=1763589494866
11-19 17:56:36.909  1473  2045 W AppOps  : Noting op not finished: uid 10187 pkg com.google.android.gms code 79 startTime of in progress event=1763589494866
11-19 17:56:36.909  1473  2045 W AppOps  : Noting op not finished: uid 10187 pkg com.google.android.gms code 79 startTime of in progress event=1763589494866
11-19 17:56:36.909  1473  2045 W AppOps  : Noting op not finished: uid 10187 pkg com.google.android.gms code 79 startTime of in progress event=1763589494866
11-19 17:56:36.909  1473  2045 W AppOps  : Noting op not finished: uid 10187 pkg com.google.android.gms code 79 startTime of in progress event=1763589494866
11-19 17:56:36.909  1473  2045 W AppOps  : Noting op not finished: uid 10187 pkg com.google.android.gms code 79 startTime of in progress event=1763589494866
11-19 17:56:36.910  1473  2045 W AppOps  : Noting op not finished: uid 10187 pkg com.google.android.gms code 79 startTime of in progress event=1763589494866
11-19 17:56:36.910  1473  2045 W AppOps  : Noting op not finished: uid 10187 pkg com.google.android.gms code 79 startTime of in progress event=1763589494866
11-19 17:56:36.910  1473  2045 W AppOps  : Noting op not finished: uid 10187 pkg com.google.android.gms code 79 startTime of in progress event=1763589494866
11-19 17:56:36.910  1473  2045 W AppOps  : Noting op not finished: uid 10187 pkg com.google.android.gms code 79 startTime of in progress event=1763589494866
11-19 17:56:37.034  1473  1714 I DisplayDeviceRepository: Display device changed render timings: "Built-in Screen", renderFrameRate=60.000004, presentationDeadlineNanos=11500002, appVsyncOffsetNanos=6233328, frameRateOverrides=[]
11-19 17:56:37.283  1473  1714 I DisplayDeviceRepository: Display device changed render timings: "Built-in Screen", renderFrameRate=60.000004, presentationDeadlineNanos=11500002, appVsyncOffsetNanos=6233328, frameRateOverrides=[{uid=10507 frameRateHz=60.000004}]
11-19 17:56:38.034  1473  1714 I DisplayDeviceRepository: Display device changed render timings: "Built-in Screen", renderFrameRate=60.000004, presentationDeadlineNanos=11500002, appVsyncOffsetNanos=6233328, frameRateOverrides=[]
11-19 17:56:38.218  1473  2059 D ActivityManager: freezing 387 com.google.android.apps.pixel.dcservice
11-19 17:56:38.282  1473  1714 I DisplayDeviceRepository: Display device changed render timings: "Built-in Screen", renderFrameRate=60.000004, presentationDeadlineNanos=11500002, appVsyncOffsetNanos=6233328, frameRateOverrides=[{uid=10507 frameRateHz=60.000004}]
11-19 17:56:38.982  1473  2059 D ActivityManager: freezing 19532 com.google.android.apps.privacy.wildlife
11-19 17:56:39.033  1473  1714 I DisplayDeviceRepository: Display device changed render timings: "Built-in Screen", renderFrameRate=60.000004, presentationDeadlineNanos=11500002, appVsyncOffsetNanos=6233328, frameRateOverrides=[]
11-19 17:56:39.283  1473  1714 I DisplayDeviceRepository: Display device changed render timings: "Built-in Screen", renderFrameRate=60.000004, presentationDeadlineNanos=11500002, appVsyncOffsetNanos=6233328, frameRateOverrides=[{uid=10507 frameRateHz=60.000004}]
11-19 17:56:40.033  1473  1714 I DisplayDeviceRepository: Display device changed render timings: "Built-in Screen", renderFrameRate=60.000004, presentationDeadlineNanos=11500002, appVsyncOffsetNanos=6233328, frameRateOverrides=[]
11-19 17:56:40.283  1473  1714 I DisplayDeviceRepository: Display device changed render timings: "Built-in Screen", renderFrameRate=60.000004, presentationDeadlineNanos=11500002, appVsyncOffsetNanos=6233328, frameRateOverrides=[{uid=10507 frameRateHz=60.000004}]
11-19 17:56:41.032  1473  1714 I DisplayDeviceRepository: Display device changed render timings: "Built-in Screen", renderFrameRate=60.000004, presentationDeadlineNanos=11500002, appVsyncOffsetNanos=6233328, frameRateOverrides=[]
11-19 17:56:41.281  1473  1714 I DisplayDeviceRepository: Display device changed render timings: "Built-in Screen", renderFrameRate=60.000004, presentationDeadlineNanos=11500002, appVsyncOffsetNanos=6233328, frameRateOverrides=[{uid=10507 frameRateHz=60.000004}]
11-19 17:56:42.032  1473  1714 I DisplayDeviceRepository: Display device changed render timings: "Built-in Screen", renderFrameRate=60.000004, presentationDeadlineNanos=11500002, appVsyncOffsetNanos=6233328, frameRateOverrides=[]
11-19 17:56:42.281  1473  1714 I DisplayDeviceRepository: Display device changed render timings: "Built-in Screen", renderFrameRate=60.000004, presentationDeadlineNanos=11500002, appVsyncOffsetNanos=6233328, frameRateOverrides=[{uid=10507 frameRateHz=60.000004}]
11-19 17:56:43.033  1473  1714 I DisplayDeviceRepository: Display device changed render timings: "Built-in Screen", renderFrameRate=60.000004, presentationDeadlineNanos=11500002, appVsyncOffsetNanos=6233328, frameRateOverrides=[]
11-19 17:56:43.281  1473  1714 I DisplayDeviceRepository: Display device changed render timings: "Built-in Screen", renderFrameRate=60.000004, presentationDeadlineNanos=11500002, appVsyncOffsetNanos=6233328, frameRateOverrides=[{uid=10507 frameRateHz=60.000004}]
11-19 17:56:44.030  1473  1714 I DisplayDeviceRepository: Display device changed render timings: "Built-in Screen", renderFrameRate=60.000004, presentationDeadlineNanos=11500002, appVsyncOffsetNanos=6233328, frameRateOverrides=[]
11-19 17:56:44.280  1473  1714 I DisplayDeviceRepository: Display device changed render timings: "Built-in Screen", renderFrameRate=60.000004, presentationDeadlineNanos=11500002, appVsyncOffsetNanos=6233328, frameRateOverrides=[{uid=10507 frameRateHz=60.000004}]
11-19 17:56:45.030  1473  1714 I DisplayDeviceRepository: Display device changed render timings: "Built-in Screen", renderFrameRate=60.000004, presentationDeadlineNanos=11500002, appVsyncOffsetNanos=6233328, frameRateOverrides=[]
11-19 17:56:45.297  1473  1714 I DisplayDeviceRepository: Display device changed render timings: "Built-in Screen", renderFrameRate=60.000004, presentationDeadlineNanos=11500002, appVsyncOffsetNanos=6233328, frameRateOverrides=[{uid=10507 frameRateHz=60.000004}]
11-19 17:56:45.671  1473  2846 W AppOps  : Noting op not finished: uid 10187 pkg com.google.android.gms code 79 startTime of in progress event=1763589494866
11-19 17:56:45.685  1473  2846 W AppOps  : Noting op not finished: uid 10187 pkg com.google.android.gms code 79 startTime of in progress event=1763589494866
11-19 17:56:45.696  1473  3875 W AppOps  : Noting op not finished: uid 10187 pkg com.google.android.gms code 113 startTime of in progress event=1763589494866
11-19 17:56:45.702  1473  4231 W AppOps  : Noting op not finished: uid 10187 pkg com.google.android.gms code 113 startTime of in progress event=1763589494866
11-19 17:56:45.727  1473  3875 E AppOps  : attributionTag IWLAN not declared in manifest of com.google.android.iwlan
11-19 17:56:46.047  1473  1714 I DisplayDeviceRepository: Display device changed render timings: "Built-in Screen", renderFrameRate=60.000004, presentationDeadlineNanos=11500002, appVsyncOffsetNanos=6233328, frameRateOverrides=[]
11-19 17:56:46.296  1473  1714 I DisplayDeviceRepository: Display device changed render timings: "Built-in Screen", renderFrameRate=60.000004, presentationDeadlineNanos=11500002, appVsyncOffsetNanos=6233328, frameRateOverrides=[{uid=10507 frameRateHz=60.000004}]
11-19 17:56:46.672  1473  4167 W AppOps  : Noting op not finished: uid 10187 pkg com.google.android.gms code 113 startTime of in progress event=1763589494866
11-19 17:56:47.046  1473  1714 I DisplayDeviceRepository: Display device changed render timings: "Built-in Screen", renderFrameRate=60.000004, presentationDeadlineNanos=11500002, appVsyncOffsetNanos=6233328, frameRateOverrides=[]
11-19 17:56:47.297  1473  1714 I DisplayDeviceRepository: Display device changed render timings: "Built-in Screen", renderFrameRate=60.000004, presentationDeadlineNanos=11500002, appVsyncOffsetNanos=6233328, frameRateOverrides=[{uid=10507 frameRateHz=60.000004}]
11-19 17:56:48.046  1473  1714 I DisplayDeviceRepository: Display device changed render timings: "Built-in Screen", renderFrameRate=60.000004, presentationDeadlineNanos=11500002, appVsyncOffsetNanos=6233328, frameRateOverrides=[]
11-19 17:56:48.112  1473  2175 D BackgroundInstallControlService: Package event received: 0
11-19 17:56:48.112  1473  2175 D BackgroundInstallControlService: Package event received: 0
11-19 17:56:48.295  1473  1714 I DisplayDeviceRepository: Display device changed render timings: "Built-in Screen", renderFrameRate=60.000004, presentationDeadlineNanos=11500002, appVsyncOffsetNanos=6233328, frameRateOverrides=[{uid=10507 frameRateHz=60.000004}]
11-19 17:56:49.045  1473  1714 I DisplayDeviceRepository: Display device changed render timings: "Built-in Screen", renderFrameRate=60.000004, presentationDeadlineNanos=11500002, appVsyncOffsetNanos=6233328, frameRateOverrides=[]
11-19 17:56:49.295  1473  1714 I DisplayDeviceRepository: Display device changed render timings: "Built-in Screen", renderFrameRate=60.000004, presentationDeadlineNanos=11500002, appVsyncOffsetNanos=6233328, frameRateOverrides=[{uid=10507 frameRateHz=60.000004}]
11-19 17:56:50.045  1473  1714 I DisplayDeviceRepository: Display device changed render timings: "Built-in Screen", renderFrameRate=60.000004, presentationDeadlineNanos=11500002, appVsyncOffsetNanos=6233328, frameRateOverrides=[]
11-19 17:56:50.395  1473  3875 I ActivityManager: Background started FGS: Allowed [callingPackage: com.example.vitruvianredux.debug; callingUid: 10507; uidState: TOP ; uidBFSL: [BFSL]; intent: Intent { act=com.example.vitruvianredux.START_WORKOUT xflg=0x4 cmp=com.example.vitruvianredux.debug/com.example.vitruvianredux.service.WorkoutForegroundService (has extras) }; code:PROC_STATE_TOP; tempAllowListReason:<null>; allowWiu:12; targetSdkVersion:36; callerTargetSdkVersion:36; startForegroundCount:0; bindFromPackage:null: isBindService:false]
11-19 17:56:50.400  1473  4167 I AS.FadeOutManager: unfadeOutUid() uid:10507
11-19 17:56:50.402  1473  2846 E AppOps  : attributionTag  not declared in manifest of com.example.vitruvianredux.debug
11-19 17:56:50.403  1473  4167 E AppOps  : attributionTag  not declared in manifest of com.example.vitruvianredux.debug
11-19 17:56:50.562  1473  3875 W AppOps  : Noting op not finished: uid 10507 pkg com.example.vitruvianredux.debug code 154 startTime of in progress event=1763593010403
11-19 17:56:50.564  1473  3875 I AS.FadeOutManager: unfadeOutUid() uid:10507
11-19 17:56:50.569  1473  4167 E AppOps  : attributionTag  not declared in manifest of com.example.vitruvianredux.debug
11-19 17:56:50.570  1473  3875 E AppOps  : attributionTag  not declared in manifest of com.example.vitruvianredux.debug
11-19 17:56:50.683  1473  4167 E AppOps  : attributionTag  not declared in manifest of com.example.vitruvianredux.debug
11-19 17:56:50.684  1473  4167 E AppOps  : attributionTag  not declared in manifest of com.example.vitruvianredux.debug
11-19 17:56:50.732  1473  4167 E AppOps  : attributionTag  not declared in manifest of com.example.vitruvianredux.debug
11-19 17:56:50.733  1473  4167 E AppOps  : attributionTag  not declared in manifest of com.example.vitruvianredux.debug
11-19 17:56:50.777  1473  1714 I DisplayDeviceRepository: Display device changed render timings: "Built-in Screen", renderFrameRate=60.000004, presentationDeadlineNanos=11500002, appVsyncOffsetNanos=6233328, frameRateOverrides=[{uid=10507 frameRateHz=60.000004}]
11-19 17:56:50.778  1473  2175 D BackgroundInstallControlService: Package event received: 0
11-19 17:56:50.805  1473  4231 W PackageConfigPersister: App-specific configuration not found for packageName: com.example.vitruvianredux.debug and userId: 0
11-19 17:56:50.812  1473  4231 I AS.FadeOutManager: unfadeOutUid() uid:10507
11-19 17:56:51.367  1473  2846 E AppOps  : attributionTag  not declared in manifest of com.example.vitruvianredux.debug
11-19 17:56:51.368  1473  2846 E AppOps  : attributionTag  not declared in manifest of com.example.vitruvianredux.debug
11-19 17:56:51.394  1473  1714 I DisplayDeviceRepository: Display device changed render timings: "Built-in Screen", renderFrameRate=60.000004, presentationDeadlineNanos=11500002, appVsyncOffsetNanos=6233328, frameRateOverrides=[]
11-19 17:56:53.677  1473  1725 D ActivityManager: sync unfroze 19532 com.google.android.apps.privacy.wildlife for 3
11-19 17:56:53.682  1473  2175 D BackgroundInstallControlService: Package event received: 0
11-19 17:56:56.752  1473  2175 D BackgroundInstallControlService: Package event received: 0
11-19 17:56:59.265  1473  4158 W AppOps  : Noting op not finished: uid 10507 pkg com.example.vitruvianredux.debug code 154 startTime of in progress event=1763593011368
11-19 17:56:59.266  1473  4158 I AS.FadeOutManager: unfadeOutUid() uid:10507
11-19 17:56:59.269  1473  2846 E AppOps  : attributionTag  not declared in manifest of com.example.vitruvianredux.debug
11-19 17:56:59.270  1473  2846 E AppOps  : attributionTag  not declared in manifest of com.example.vitruvianredux.debug
11-19 17:56:59.341  1473  4158 E AppOps  : attributionTag  not declared in manifest of com.example.vitruvianredux.debug
11-19 17:56:59.342  1473  2846 E AppOps  : attributionTag  not declared in manifest of com.example.vitruvianredux.debug
11-19 17:56:59.374  1473  3875 W AppOps  : Noting op not finished: uid 10507 pkg com.example.vitruvianredux.debug code 154 startTime of in progress event=1763593011368
11-19 17:56:59.378  1473  3875 I AS.FadeOutManager: unfadeOutUid() uid:10507
11-19 17:56:59.380  1473  2846 E AppOps  : attributionTag  not declared in manifest of com.example.vitruvianredux.debug
11-19 17:56:59.380  1473  4158 E AppOps  : attributionTag  not declared in manifest of com.example.vitruvianredux.debug
11-19 17:56:59.433  1473  3875 E AppOps  : attributionTag  not declared in manifest of com.example.vitruvianredux.debug
11-19 17:56:59.434  1473  4158 E AppOps  : attributionTag  not declared in manifest of com.example.vitruvianredux.debug
11-19 17:56:59.811  1473  2175 D BackgroundInstallControlService: Package event received: 0
11-19 17:57:01.078  1473  3875 W AppOps  : Noting op not finished: uid 10507 pkg com.example.vitruvianredux.debug code 154 startTime of in progress event=1763593011368
11-19 17:57:01.078  1473  3875 I AS.FadeOutManager: unfadeOutUid() uid:10507
11-19 17:57:01.081  1473  2846 E AppOps  : attributionTag  not declared in manifest of com.example.vitruvianredux.debug
11-19 17:57:01.081  1473  4158 E AppOps  : attributionTag  not declared in manifest of com.example.vitruvianredux.debug
11-19 17:57:01.122  1473  2846 E AppOps  : attributionTag  not declared in manifest of com.example.vitruvianredux.debug
11-19 17:57:01.123  1473  3875 E AppOps  : attributionTag  not declared in manifest of com.example.vitruvianredux.debug
11-19 17:57:01.187  1473  2846 W AppOps  : Noting op not finished: uid 10507 pkg com.example.vitruvianredux.debug code 154 startTime of in progress event=1763593011368
11-19 17:57:01.188  1473  2846 I AS.FadeOutManager: unfadeOutUid() uid:10507
11-19 17:57:01.190  1473  2846 E AppOps  : attributionTag  not declared in manifest of com.example.vitruvianredux.debug
11-19 17:57:01.191  1473  3875 E AppOps  : attributionTag  not declared in manifest of com.example.vitruvianredux.debug
11-19 17:57:01.232  1473  3875 E AppOps  : attributionTag  not declared in manifest of com.example.vitruvianredux.debug
11-19 17:57:01.232  1473  2846 E AppOps  : attributionTag  not declared in manifest of com.example.vitruvianredux.debug
11-19 17:57:02.800  1473  2846 W AppOps  : Noting op not finished: uid 10507 pkg com.example.vitruvianredux.debug code 154 startTime of in progress event=1763593011368
11-19 17:57:02.801  1473  2846 I AS.FadeOutManager: unfadeOutUid() uid:10507
11-19 17:57:02.803  1473  4158 E AppOps  : attributionTag  not declared in manifest of com.example.vitruvianredux.debug
11-19 17:57:02.805  1473  2846 E AppOps  : attributionTag  not declared in manifest of com.example.vitruvianredux.debug
11-19 17:57:02.808  1473  2846 E AppOps  : attributionTag  not declared in manifest of com.example.vitruvianredux.debug
11-19 17:57:02.808  1473  4158 E AppOps  : attributionTag  not declared in manifest of com.example.vitruvianredux.debug
11-19 17:57:02.842  1473  4158 E AppOps  : attributionTag  not declared in manifest of com.example.vitruvianredux.debug
11-19 17:57:02.843  1473  2846 E AppOps  : attributionTag  not declared in manifest of com.example.vitruvianredux.debug
11-19 17:57:02.910  1473  4167 I AS.FadeOutManager: unfadeOutUid() uid:10507
11-19 17:57:02.910  1473  4167 E AppOps  : attributionTag  not declared in manifest of com.example.vitruvianredux.debug
11-19 17:57:02.911  1473  4158 E AppOps  : attributionTag  not declared in manifest of com.example.vitruvianredux.debug
11-19 17:57:03.102  1473  4167 E AppOps  : attributionTag  not declared in manifest of com.example.vitruvianredux.debug
11-19 17:57:03.103  1473  4167 E AppOps  : attributionTag  not declared in manifest of com.example.vitruvianredux.debug
11-19 17:57:03.122  1473  4158 I AS.FadeOutManager: unfadeOutUid() uid:10507
11-19 17:57:03.126  1473  4167 E AppOps  : attributionTag  not declared in manifest of com.example.vitruvianredux.debug
11-19 17:57:03.127  1473  4158 E AppOps  : attributionTag  not declared in manifest of com.example.vitruvianredux.debug
11-19 17:57:03.173  1473  4158 E AppOps  : attributionTag  not declared in manifest of com.example.vitruvianredux.debug
11-19 17:57:03.174  1473  4158 E AppOps  : attributionTag  not declared in manifest of com.example.vitruvianredux.debug
11-19 17:57:03.237  1473  4167 I AS.FadeOutManager: unfadeOutUid() uid:10507
11-19 17:57:03.256  1473  4167 E AppOps  : attributionTag  not declared in manifest of com.example.vitruvianredux.debug
11-19 17:57:03.257  1473  4158 E AppOps  : attributionTag  not declared in manifest of com.example.vitruvianredux.debug
11-19 17:57:03.276  1473  4167 E AppOps  : attributionTag  not declared in manifest of com.example.vitruvianredux.debug
11-19 17:57:03.277  1473  4167 E AppOps  : attributionTag  not declared in manifest of com.example.vitruvianredux.debug
11-19 17:57:03.280  1473  4167 E AppOps  : attributionTag  not declared in manifest of com.example.vitruvianredux.debug
11-19 17:57:03.280  1473  4167 E AppOps  : attributionTag  not declared in manifest of com.example.vitruvianredux.debug
11-19 17:57:03.344  1473  4167 E AppOps  : attributionTag  not declared in manifest of com.example.vitruvianredux.debug
11-19 17:57:03.345  1473  4158 E AppOps  : attributionTag  not declared in manifest of com.example.vitruvianredux.debug
11-19 17:57:03.454  1473  4167 E AppOps  : attributionTag  not declared in manifest of com.example.vitruvianredux.debug
11-19 17:57:03.455  1473  4158 E AppOps  : attributionTag  not declared in manifest of com.example.vitruvianredux.debug
11-19 17:57:04.824  1473  4167 W AppOps  : Noting op not finished: uid 10507 pkg com.example.vitruvianredux.debug code 154 startTime of in progress event=1763593023257
11-19 17:57:04.825  1473  4167 I AS.FadeOutManager: unfadeOutUid() uid:10507
11-19 17:57:04.827  1473  2846 E AppOps  : attributionTag  not declared in manifest of com.example.vitruvianredux.debug
11-19 17:57:04.827  1473  2846 E AppOps  : attributionTag  not declared in manifest of com.example.vitruvianredux.debug
11-19 17:57:04.862  1473  4158 E AppOps  : attributionTag  not declared in manifest of com.example.vitruvianredux.debug
11-19 17:57:04.863  1473  2846 E AppOps  : attributionTag  not declared in manifest of com.example.vitruvianredux.debug
11-19 17:57:04.935  1473  4167 W AppOps  : Noting op not finished: uid 10507 pkg com.example.vitruvianredux.debug code 154 startTime of in progress event=1763593023257
11-19 17:57:04.936  1473  4167 I AS.FadeOutManager: unfadeOutUid() uid:10507
11-19 17:57:04.944  1473  4158 E AppOps  : attributionTag  not declared in manifest of com.example.vitruvianredux.debug
11-19 17:57:04.944  1473  2846 E AppOps  : attributionTag  not declared in manifest of com.example.vitruvianredux.debug
11-19 17:57:04.988  1473  4167 E AppOps  : attributionTag  not declared in manifest of com.example.vitruvianredux.debug
11-19 17:57:04.989  1473  4167 E AppOps  : attributionTag  not declared in manifest of com.example.vitruvianredux.debug
11-19 17:57:06.790  1473  4167 W AppOps  : Noting op not finished: uid 10507 pkg com.example.vitruvianredux.debug code 154 startTime of in progress event=1763593023257
11-19 17:57:06.792  1473  4167 I AS.FadeOutManager: unfadeOutUid() uid:10507
11-19 17:57:06.795  1473  4178 E AppOps  : attributionTag  not declared in manifest of com.example.vitruvianredux.debug
11-19 17:57:06.795  1473  2846 E AppOps  : attributionTag  not declared in manifest of com.example.vitruvianredux.debug
11-19 17:57:06.832  1473  4231 E AppOps  : attributionTag  not declared in manifest of com.example.vitruvianredux.debug
11-19 17:57:06.833  1473  4167 E AppOps  : attributionTag  not declared in manifest of com.example.vitruvianredux.debug
11-19 17:57:06.899  1473  4178 W AppOps  : Noting op not finished: uid 10507 pkg com.example.vitruvianredux.debug code 154 startTime of in progress event=1763593023257
11-19 17:57:06.900  1473  4178 I AS.FadeOutManager: unfadeOutUid() uid:10507
11-19 17:57:06.908  1473  4167 E AppOps  : attributionTag  not declared in manifest of com.example.vitruvianredux.debug
11-19 17:57:06.908  1473  4178 E AppOps  : attributionTag  not declared in manifest of com.example.vitruvianredux.debug
11-19 17:57:06.942  1473  4178 E AppOps  : attributionTag  not declared in manifest of com.example.vitruvianredux.debug
11-19 17:57:06.943  1473  4231 E AppOps  : attributionTag  not declared in manifest of com.example.vitruvianredux.debug
11-19 17:57:08.602  1473  4231 W AppOps  : Noting op not finished: uid 10507 pkg com.example.vitruvianredux.debug code 154 startTime of in progress event=1763593023257
11-19 17:57:08.602  1473  4231 I AS.FadeOutManager: unfadeOutUid() uid:10507
11-19 17:57:08.605  1473  4167 E AppOps  : attributionTag  not declared in manifest of com.example.vitruvianredux.debug
11-19 17:57:08.605  1473  4167 E AppOps  : attributionTag  not declared in manifest of com.example.vitruvianredux.debug
11-19 17:57:08.642  1473  4178 E AppOps  : attributionTag  not declared in manifest of com.example.vitruvianredux.debug
11-19 17:57:08.651  1473  4158 E AppOps  : attributionTag  not declared in manifest of com.example.vitruvianredux.debug
11-19 17:57:08.712  1473  4231 W AppOps  : Noting op not finished: uid 10507 pkg com.example.vitruvianredux.debug code 154 startTime of in progress event=1763593023257
11-19 17:57:08.713  1473  4231 I AS.FadeOutManager: unfadeOutUid() uid:10507
11-19 17:57:08.716  1473  4158 E AppOps  : attributionTag  not declared in manifest of com.example.vitruvianredux.debug
11-19 17:57:08.717  1473  4178 E AppOps  : attributionTag  not declared in manifest of com.example.vitruvianredux.debug
11-19 17:57:08.752  1473  4158 E AppOps  : attributionTag  not declared in manifest of com.example.vitruvianredux.debug
11-19 17:57:08.753  1473  4178 E AppOps  : attributionTag  not declared in manifest of com.example.vitruvianredux.debug
11-19 17:57:09.852  1473  2059 D ActivityManager: freezing 19532 com.google.android.apps.privacy.wildlife
11-19 17:57:10.536  1473  4178 W AppOps  : Noting op not finished: uid 10507 pkg com.example.vitruvianredux.debug code 154 startTime of in progress event=1763593023257
11-19 17:57:10.540  1473  4178 I AS.FadeOutManager: unfadeOutUid() uid:10507
11-19 17:57:10.544  1473  4178 E AppOps  : attributionTag  not declared in manifest of com.example.vitruvianredux.debug
11-19 17:57:10.544  1473  4158 E AppOps  : attributionTag  not declared in manifest of com.example.vitruvianredux.debug
11-19 17:57:10.583  1473  4178 E AppOps  : attributionTag  not declared in manifest of com.example.vitruvianredux.debug
11-19 17:57:10.584  1473  4178 E AppOps  : attributionTag  not declared in manifest of com.example.vitruvianredux.debug
11-19 17:57:10.648  1473  2846 W AppOps  : Noting op not finished: uid 10507 pkg com.example.vitruvianredux.debug code 154 startTime of in progress event=1763593023257
11-19 17:57:10.649  1473  2846 I AS.FadeOutManager: unfadeOutUid() uid:10507
11-19 17:57:10.651  1473  4178 E AppOps  : attributionTag  not declared in manifest of com.example.vitruvianredux.debug
11-19 17:57:10.652  1473  4167 E AppOps  : attributionTag  not declared in manifest of com.example.vitruvianredux.debug
11-19 17:57:10.693  1473  2846 E AppOps  : attributionTag  not declared in manifest of com.example.vitruvianredux.debug
11-19 17:57:10.694  1473  4167 E AppOps  : attributionTag  not declared in manifest of com.example.vitruvianredux.debug
11-19 17:57:14.850  1473  2846 E AppOps  : attributionTag  not declared in manifest of com.example.vitruvianredux.debug
11-19 17:57:14.851  1473  4167 E AppOps  : attributionTag  not declared in manifest of com.example.vitruvianredux.debug
11-19 17:57:15.292  1473  2846 E AppOps  : attributionTag  not declared in manifest of com.example.vitruvianredux.debug
11-19 17:57:15.293  1473  2846 E AppOps  : attributionTag  not declared in manifest of com.example.vitruvianredux.debug
11-19 17:57:15.295  1473  2846 E AppOps  : attributionTag  not declared in manifest of com.example.vitruvianredux.debug
11-19 17:57:15.296  1473  2846 E AppOps  : attributionTag  not declared in manifest of com.example.vitruvianredux.debug
11-19 17:57:15.354  1473  4178 E AppOps  : attributionTag  not declared in manifest of com.example.vitruvianredux.debug
11-19 17:57:15.356  1473  2846 E AppOps  : attributionTag  not declared in manifest of com.example.vitruvianredux.debug
11-19 17:57:16.745  1473  4167 W AppOps  : Noting op not finished: uid 10507 pkg com.example.vitruvianredux.debug code 154 startTime of in progress event=1763593035356
11-19 17:57:16.747  1473  4167 I AS.FadeOutManager: unfadeOutUid() uid:10507
11-19 17:57:16.752  1473  4231 E AppOps  : attributionTag  not declared in manifest of com.example.vitruvianredux.debug
11-19 17:57:16.752  1473  4231 E AppOps  : attributionTag  not declared in manifest of com.example.vitruvianredux.debug
11-19 17:57:16.910  1473  4797 W AppOps  : Noting op not finished: uid 10507 pkg com.example.vitruvianredux.debug code 154 startTime of in progress event=1763593035356
11-19 17:57:16.912  1473  4797 I AS.FadeOutManager: unfadeOutUid() uid:10507
11-19 17:57:16.916  1473  4178 E AppOps  : attributionTag  not declared in manifest of com.example.vitruvianredux.debug
11-19 17:57:16.916  1473  4178 E AppOps  : attributionTag  not declared in manifest of com.example.vitruvianredux.debug
11-19 17:57:16.931  1473  4178 E AppOps  : attributionTag  not declared in manifest of com.example.vitruvianredux.debug
11-19 17:57:16.931  1473  4158 E AppOps  : attributionTag  not declared in manifest of com.example.vitruvianredux.debug
11-19 17:57:17.074  1473  4178 W ForegroundServiceTypeLoggerModule: Logger should be tracking FGS types correctly for UID 10507 in package com.example.vitruvianredux.debug
11-19 17:57:17.074  1473  4178 W ForegroundServiceTypeLoggerModule: Logger should be tracking FGS types correctly for UID 10507 in package com.example.vitruvianredux.debug
11-19 17:57:17.074  1473  4178 W ForegroundServiceTypeLoggerModule: Logger should be tracking FGS types correctly for UID 10507 in package com.example.vitruvianredux.debug
11-19 17:57:17.077  1473  2175 D BackgroundInstallControlService: Package event received: 0
11-19 17:57:17.081  1473  4158 E AppOps  : attributionTag  not declared in manifest of com.example.vitruvianredux.debug
11-19 17:57:17.082  1473  4178 E AppOps  : attributionTag  not declared in manifest of com.example.vitruvianredux.debug
11-19 17:57:17.148  1473  4178 E AppOps  : attributionTag  not declared in manifest of com.example.vitruvianredux.debug
11-19 17:57:17.149  1473  4178 E AppOps  : attributionTag  not declared in manifest of com.example.vitruvianredux.debug
11-19 17:57:17.171  1473  4178 E AppOps  : attributionTag  not declared in manifest of com.example.vitruvianredux.debug
11-19 17:57:17.171  1473  4158 E AppOps  : attributionTag  not declared in manifest of com.example.vitruvianredux.debug
11-19 17:57:17.215  1473  4158 E AppOps  : attributionTag  not declared in manifest of com.example.vitruvianredux.debug
11-19 17:57:17.215  1473  4167 E AppOps  : attributionTag  not declared in manifest of com.example.vitruvianredux.debug
11-19 17:57:17.237  1473  1725 D ActivityManager: sync unfroze 387 com.google.android.apps.pixel.dcservice for 3
11-19 17:57:17.266  1473  1714 I DisplayDeviceRepository: Display device changed render timings: "Built-in Screen", renderFrameRate=60.000004, presentationDeadlineNanos=11500002, appVsyncOffsetNanos=6233328, frameRateOverrides=[{uid=10507 frameRateHz=60.000004}]
11-19 17:57:18.084  1473  1714 I DisplayDeviceRepository: Display device changed render timings: "Built-in Screen", renderFrameRate=60.000004, presentationDeadlineNanos=11500002, appVsyncOffsetNanos=6233328, frameRateOverrides=[]
11-19 17:57:18.282  1473  1714 I DisplayDeviceRepository: Display device changed render timings: "Built-in Screen", renderFrameRate=60.000004, presentationDeadlineNanos=11500002, appVsyncOffsetNanos=6233328, frameRateOverrides=[{uid=10507 frameRateHz=60.000004}]
11-19 17:57:19.034  1473  1714 I DisplayDeviceRepository: Display device changed render timings: "Built-in Screen", renderFrameRate=60.000004, presentationDeadlineNanos=11500002, appVsyncOffsetNanos=6233328, frameRateOverrides=[]
11-19 17:57:19.298  1473  1714 I DisplayDeviceRepository: Display device changed render timings: "Built-in Screen", renderFrameRate=60.000004, presentationDeadlineNanos=11500002, appVsyncOffsetNanos=6233328, frameRateOverrides=[{uid=10507 frameRateHz=60.000004}]
11-19 17:57:20.065  1473  1714 I DisplayDeviceRepository: Display device changed render timings: "Built-in Screen", renderFrameRate=60.000004, presentationDeadlineNanos=11500002, appVsyncOffsetNanos=6233328, frameRateOverrides=[]
11-19 17:57:20.297  1473  1714 I DisplayDeviceRepository: Display device changed render timings: "Built-in Screen", renderFrameRate=60.000004, presentationDeadlineNanos=11500002, appVsyncOffsetNanos=6233328, frameRateOverrides=[{uid=10507 frameRateHz=60.000004}]
11-19 17:57:21.049  1473  1714 I DisplayDeviceRepository: Display device changed render timings: "Built-in Screen", renderFrameRate=60.000004, presentationDeadlineNanos=11500002, appVsyncOffsetNanos=6233328, frameRateOverrides=[]
11-19 17:57:21.297  1473  1714 I DisplayDeviceRepository: Display device changed render timings: "Built-in Screen", renderFrameRate=60.000004, presentationDeadlineNanos=11500002, appVsyncOffsetNanos=6233328, frameRateOverrides=[{uid=10507 frameRateHz=60.000004}]
11-19 17:57:22.049  1473  1714 I DisplayDeviceRepository: Display device changed render timings: "Built-in Screen", renderFrameRate=60.000004, presentationDeadlineNanos=11500002, appVsyncOffsetNanos=6233328, frameRateOverrides=[]
11-19 17:57:22.331  1473  1714 I DisplayDeviceRepository: Display device changed render timings: "Built-in Screen", renderFrameRate=60.000004, presentationDeadlineNanos=11500002, appVsyncOffsetNanos=6233328, frameRateOverrides=[{uid=10507 frameRateHz=60.000004}]
11-19 17:57:23.130  1473  1714 I DisplayDeviceRepository: Display device changed render timings: "Built-in Screen", renderFrameRate=60.000004, presentationDeadlineNanos=11500002, appVsyncOffsetNanos=6233328, frameRateOverrides=[]
11-19 17:57:23.313  1473  1714 I DisplayDeviceRepository: Display device changed render timings: "Built-in Screen", renderFrameRate=60.000004, presentationDeadlineNanos=11500002, appVsyncOffsetNanos=6233328, frameRateOverrides=[{uid=10507 frameRateHz=60.000004}]
11-19 17:57:24.063  1473  1714 I DisplayDeviceRepository: Display device changed render timings: "Built-in Screen", renderFrameRate=60.000004, presentationDeadlineNanos=11500002, appVsyncOffsetNanos=6233328, frameRateOverrides=[]
11-19 17:57:24.311  1473  1714 I DisplayDeviceRepository: Display device changed render timings: "Built-in Screen", renderFrameRate=60.000004, presentationDeadlineNanos=11500002, appVsyncOffsetNanos=6233328, frameRateOverrides=[{uid=10507 frameRateHz=60.000004}]
11-19 17:57:25.062  1473  1714 I DisplayDeviceRepository: Display device changed render timings: "Built-in Screen", renderFrameRate=60.000004, presentationDeadlineNanos=11500002, appVsyncOffsetNanos=6233328, frameRateOverrides=[]
11-19 17:57:25.312  1473  1714 I DisplayDeviceRepository: Display device changed render timings: "Built-in Screen", renderFrameRate=60.000004, presentationDeadlineNanos=11500002, appVsyncOffsetNanos=6233328, frameRateOverrides=[{uid=10507 frameRateHz=60.000004}]
11-19 17:57:26.062  1473  1714 I DisplayDeviceRepository: Display device changed render timings: "Built-in Screen", renderFrameRate=60.000004, presentationDeadlineNanos=11500002, appVsyncOffsetNanos=6233328, frameRateOverrides=[]
11-19 17:57:26.314  1473  1714 I DisplayDeviceRepository: Display device changed render timings: "Built-in Screen", renderFrameRate=60.000004, presentationDeadlineNanos=11500002, appVsyncOffsetNanos=6233328, frameRateOverrides=[{uid=10507 frameRateHz=60.000004}]
11-19 17:57:27.061  1473  1714 I DisplayDeviceRepository: Display device changed render timings: "Built-in Screen", renderFrameRate=60.000004, presentationDeadlineNanos=11500002, appVsyncOffsetNanos=6233328, frameRateOverrides=[]
11-19 17:57:27.311  1473  1714 I DisplayDeviceRepository: Display device changed render timings: "Built-in Screen", renderFrameRate=60.000004, presentationDeadlineNanos=11500002, appVsyncOffsetNanos=6233328, frameRateOverrides=[{uid=10507 frameRateHz=60.000004}]
11-19 17:57:27.358  1473  2059 D ActivityManager: freezing 387 com.google.android.apps.pixel.dcservice
11-19 17:57:28.061  1473  1714 I DisplayDeviceRepository: Display device changed render timings: "Built-in Screen", renderFrameRate=60.000004, presentationDeadlineNanos=11500002, appVsyncOffsetNanos=6233328, frameRateOverrides=[]
11-19 17:57:28.309  1473  1714 I DisplayDeviceRepository: Display device changed render timings: "Built-in Screen", renderFrameRate=60.000004, presentationDeadlineNanos=11500002, appVsyncOffsetNanos=6233328, frameRateOverrides=[{uid=10507 frameRateHz=60.000004}]
11-19 17:57:29.061  1473  1714 I DisplayDeviceRepository: Display device changed render timings: "Built-in Screen", renderFrameRate=60.000004, presentationDeadlineNanos=11500002, appVsyncOffsetNanos=6233328, frameRateOverrides=[]
11-19 17:57:29.310  1473  1714 I DisplayDeviceRepository: Display device changed render timings: "Built-in Screen", renderFrameRate=60.000004, presentationDeadlineNanos=11500002, appVsyncOffsetNanos=6233328, frameRateOverrides=[{uid=10507 frameRateHz=60.000004}]
11-19 17:57:30.060  1473  1714 I DisplayDeviceRepository: Display device changed render timings: "Built-in Screen", renderFrameRate=60.000004, presentationDeadlineNanos=11500002, appVsyncOffsetNanos=6233328, frameRateOverrides=[]
11-19 17:57:30.309  1473  1714 I DisplayDeviceRepository: Display device changed render timings: "Built-in Screen", renderFrameRate=60.000004, presentationDeadlineNanos=11500002, appVsyncOffsetNanos=6233328, frameRateOverrides=[{uid=10507 frameRateHz=60.000004}]
11-19 17:57:31.059  1473  1714 I DisplayDeviceRepository: Display device changed render timings: "Built-in Screen", renderFrameRate=60.000004, presentationDeadlineNanos=11500002, appVsyncOffsetNanos=6233328, frameRateOverrides=[]
11-19 17:57:31.310  1473  1714 I DisplayDeviceRepository: Display device changed render timings: "Built-in Screen", renderFrameRate=60.000004, presentationDeadlineNanos=11500002, appVsyncOffsetNanos=6233328, frameRateOverrides=[{uid=10507 frameRateHz=60.000004}]
11-19 17:57:32.060  1473  1714 I DisplayDeviceRepository: Display device changed render timings: "Built-in Screen", renderFrameRate=60.000004, presentationDeadlineNanos=11500002, appVsyncOffsetNanos=6233328, frameRateOverrides=[]
11-19 17:57:32.308  1473  1714 I DisplayDeviceRepository: Display device changed render timings: "Built-in Screen", renderFrameRate=60.000004, presentationDeadlineNanos=11500002, appVsyncOffsetNanos=6233328, frameRateOverrides=[{uid=10507 frameRateHz=60.000004}]
11-19 17:57:33.059  1473  1714 I DisplayDeviceRepository: Display device changed render timings: "Built-in Screen", renderFrameRate=60.000004, presentationDeadlineNanos=11500002, appVsyncOffsetNanos=6233328, frameRateOverrides=[]
11-19 17:57:33.325  1473  1714 I DisplayDeviceRepository: Display device changed render timings: "Built-in Screen", renderFrameRate=60.000004, presentationDeadlineNanos=11500002, appVsyncOffsetNanos=6233328, frameRateOverrides=[{uid=10507 frameRateHz=60.000004}]
11-19 17:57:34.074  1473  1714 I DisplayDeviceRepository: Display device changed render timings: "Built-in Screen", renderFrameRate=60.000004, presentationDeadlineNanos=11500002, appVsyncOffsetNanos=6233328, frameRateOverrides=[]
11-19 17:57:34.324  1473  1714 I DisplayDeviceRepository: Display device changed render timings: "Built-in Screen", renderFrameRate=60.000004, presentationDeadlineNanos=11500002, appVsyncOffsetNanos=6233328, frameRateOverrides=[{uid=10507 frameRateHz=60.000004}]
11-19 17:57:35.075  1473  1714 I DisplayDeviceRepository: Display device changed render timings: "Built-in Screen", renderFrameRate=60.000004, presentationDeadlineNanos=11500002, appVsyncOffsetNanos=6233328, frameRateOverrides=[]
11-19 17:57:35.325  1473  1714 I DisplayDeviceRepository: Display device changed render timings: "Built-in Screen", renderFrameRate=60.000004, presentationDeadlineNanos=11500002, appVsyncOffsetNanos=6233328, frameRateOverrides=[{uid=10507 frameRateHz=60.000004}]
