--------- beginning of system
11-17 17:48:48.791  1473  4178 V VirtualDisplayAdapter: Update surface for VirtualDisplay studio.screen.sharing:0
11-17 17:48:49.051  1473  4178 V VirtualDisplayAdapter: Update surface for VirtualDisplay studio.screen.sharing:0
11-17 17:48:49.094  1473  4178 V VirtualDisplayAdapter: Resize VirtualDisplay studio.screen.sharing:0 to 608 1358
11-17 17:48:49.095  1473  4178 V VirtualDisplayAdapter: Update surface for VirtualDisplay studio.screen.sharing:0
11-17 17:48:50.480  1473  4178 V VirtualDisplayAdapter: Update surface for VirtualDisplay studio.screen.sharing:0
11-17 17:48:50.512  1473  4799 V VirtualDisplayAdapter: Resize VirtualDisplay studio.screen.sharing:0 to 608 1358
11-17 17:48:50.513  1473  4799 V VirtualDisplayAdapter: Update surface for VirtualDisplay studio.screen.sharing:0
11-17 17:48:51.317  1473  4799 V VirtualDisplayAdapter: Update surface for VirtualDisplay studio.screen.sharing:0
11-17 17:48:51.353  1473  4178 V VirtualDisplayAdapter: Resize VirtualDisplay studio.screen.sharing:0 to 608 1358
11-17 17:48:51.354  1473  4178 V VirtualDisplayAdapter: Update surface for VirtualDisplay studio.screen.sharing:0
11-17 17:48:52.104  1473  4178 E BatteryStatsService: Invalid uid for waking network packet: -1
11-17 17:48:52.132  1473  4178 V VirtualDisplayAdapter: Update surface for VirtualDisplay studio.screen.sharing:0
11-17 17:48:52.145   971  1039 I vendor.google.wifi_ext-service-vendor: Wifi: Setting SAR Scenario to 3
11-17 17:48:52.178  1473  4799 V VirtualDisplayAdapter: Resize VirtualDisplay studio.screen.sharing:0 to 608 1358
11-17 17:48:52.180  1473  4799 V VirtualDisplayAdapter: Update surface for VirtualDisplay studio.screen.sharing:0
11-17 17:48:52.438  1473  4799 V VirtualDisplayAdapter: Update surface for VirtualDisplay studio.screen.sharing:0
11-17 17:48:52.497  1473  4799 V VirtualDisplayAdapter: Resize VirtualDisplay studio.screen.sharing:0 to 608 1358
11-17 17:48:52.499  1473  4799 V VirtualDisplayAdapter: Update surface for VirtualDisplay studio.screen.sharing:0
11-17 17:48:52.759  1473  4799 V VirtualDisplayAdapter: Update surface for VirtualDisplay studio.screen.sharing:0
11-17 17:48:52.808  1473  4799 V VirtualDisplayAdapter: Resize VirtualDisplay studio.screen.sharing:0 to 608 1358
11-17 17:48:52.810  1473  4799 V VirtualDisplayAdapter: Update surface for VirtualDisplay studio.screen.sharing:0
11-17 17:48:53.063  1473  4799 V VirtualDisplayAdapter: Update surface for VirtualDisplay studio.screen.sharing:0
11-17 17:48:53.109  1473  4799 V VirtualDisplayAdapter: Resize VirtualDisplay studio.screen.sharing:0 to 608 1358
11-17 17:48:53.110  1473  4799 V VirtualDisplayAdapter: Update surface for VirtualDisplay studio.screen.sharing:0
11-17 17:48:53.363  1473  4799 V VirtualDisplayAdapter: Update surface for VirtualDisplay studio.screen.sharing:0
11-17 17:48:53.409  1473  4799 V VirtualDisplayAdapter: Resize VirtualDisplay studio.screen.sharing:0 to 608 1358
11-17 17:48:53.411  1473  4799 V VirtualDisplayAdapter: Update surface for VirtualDisplay studio.screen.sharing:0
11-17 17:48:53.668  1473  4799 V VirtualDisplayAdapter: Update surface for VirtualDisplay studio.screen.sharing:0
11-17 17:48:53.723  1473  4799 V VirtualDisplayAdapter: Resize VirtualDisplay studio.screen.sharing:0 to 608 1358
11-17 17:48:53.725  1473  4799 V VirtualDisplayAdapter: Update surface for VirtualDisplay studio.screen.sharing:0
11-17 17:48:53.991  1473  4799 V VirtualDisplayAdapter: Update surface for VirtualDisplay studio.screen.sharing:0
11-17 17:48:54.047  1473  4799 V VirtualDisplayAdapter: Resize VirtualDisplay studio.screen.sharing:0 to 608 1358
11-17 17:48:54.048  1473  4799 V VirtualDisplayAdapter: Update surface for VirtualDisplay studio.screen.sharing:0
11-17 17:48:54.302  1473  4799 V VirtualDisplayAdapter: Update surface for VirtualDisplay studio.screen.sharing:0
11-17 17:48:54.353  1473  4799 V VirtualDisplayAdapter: Resize VirtualDisplay studio.screen.sharing:0 to 608 1358
11-17 17:48:54.354  1473  4799 V VirtualDisplayAdapter: Update surface for VirtualDisplay studio.screen.sharing:0
11-17 17:48:54.614  1473  4799 V VirtualDisplayAdapter: Update surface for VirtualDisplay studio.screen.sharing:0
11-17 17:48:54.657  1473  4799 V VirtualDisplayAdapter: Resize VirtualDisplay studio.screen.sharing:0 to 608 1358
11-17 17:48:54.658  1473  4799 V VirtualDisplayAdapter: Update surface for VirtualDisplay studio.screen.sharing:0
11-17 17:48:55.083  1473  4178 I PowerGroup: Waking up power group from Dozing (groupId=0, uid=10234, reason=WAKE_REASON_LIFT, details=com.android.systemui:NODOZE pickup)...
11-17 17:48:55.084  1473  2481 V VirtualDisplayAdapter: Update surface for VirtualDisplay studio.screen.sharing:0
11-17 17:48:55.084  1473  4178 I PowerManagerService: Waking up from Dozing (uid=10234, reason=WAKE_REASON_LIFT, details=com.android.systemui:NODOZE pickup)...
11-17 17:48:55.089  1473  2175 D BackgroundInstallControlService: Package event received: 0
11-17 17:48:55.091  1473  1754 I DisplayPowerController[0]: Blocking screen on until initial contents have been drawn.
11-17 17:48:55.097  1473  1754 D WindowManager: Remove SleepToken: tag=Display-off, displayId=0
11-17 17:48:55.097  1473  1754 I DisplayPowerController: Window Manager Policy screenTurningOn complete
11-17 17:48:55.120  1473  1473 W ProcessStats: Tracking association SourceState{4f7c6df com.android.settings/1000 Service #186223} whose proc state 8 is better than process ProcessState{d6a1fcd com.google.android.settings.intelligence/10129 pkg=com.google.android.settings.intelligence} proc state 15 (34 skipped)
11-17 17:48:55.131  1473  4178 D CoreBackPreview: Window{ee25247 u0 NotificationShade}: Setting back callback OnBackInvokedCallbackInfo{mCallback=android.window.IOnBackInvokedCallback$Stub$Proxy@e5cc0fa, mPriority=0, mIsAnimationCallback=false, mOverrideBehavior=0}
11-17 17:48:55.134  1473  2165 I MR2ServiceImpl: Updating composite discovery preference | preference: RouteDiscoveryRequest{ preferredFeatures={}, activeScan=false }, active routers: []
11-17 17:48:55.135  2215  2247 D ShellSplitScreen: onStartedWakingUp
11-17 17:48:55.159  2359  2359 D ContextualAwarenessService: Before dispatching ACTION_SCREEN_ON onReceive work to background
11-17 17:48:55.159  2359  2359 D ContextualAwarenessService: After dispatching ACTION_SCREEN_ON onReceive work to background
11-17 17:48:55.159  2359 11298 D ContextualAwarenessService: Before ACTION_SCREEN_ON onReceive work
11-17 17:48:55.159  2359 11298 D ContextualAwarenessService: After ACTION_SCREEN_ON onReceive work
11-17 17:48:55.160  1473  1754 I DisplayBrightnessStrategySelector: Changing the DisplayBrightnessStrategy from ScreenOffBrightnessStrategy to AutoBrightnessFallbackStrategy for display 0
11-17 17:48:55.162  1473  4799 V VirtualDisplayAdapter: Resize VirtualDisplay studio.screen.sharing:0 to 608 1358
11-17 17:48:55.164  1473  6232 V VirtualDisplayAdapter: Update surface for VirtualDisplay studio.screen.sharing:0
11-17 17:48:55.164  1473  1754 V DisplayPowerController[0]: Brightness [5.329406E-4] reason changing to: 'screen_off_brightness_sensor', previous reason: 'screen_off'.
11-17 17:48:55.164  1473  1754 I DisplayPowerController[0]: BrightnessEvent: brt=5.329406E-4(7.0%), nits=3.0903428, lux=-1.0, reason=screen_off_brightness_sensor, strat=AutoBrightnessFallbackStrategy, state=ON, stateReason=DEFAULT_POLICY, policy=BRIGHT, flags=, initBrt=0.0, rcmdBrt=NaN, preBrt=NaN, preLux=0.0, wasShortTermModelActive=false, autoBrightness=true (default), unclampedBrt=5.329406E-4, hbmMax=0.2922917, hbmMode=off, thrmMax=1.0, rbcStrength=35, powerFactor=1.0, physDisp=Built-in Screen(local:4619827359057144832), logicalId=0, slowChange=false, rampSpeed=0.0
11-17 17:48:55.172  1473  1754 I DisplayPowerController[34]: Blocking screen on until initial contents have been drawn.
11-17 17:48:55.174  1473  1754 I DisplayPowerController: Window Manager Policy screenTurningOn complete
11-17 17:48:55.175  1473  1754 I DisplayBrightnessStrategySelector: Changing the DisplayBrightnessStrategy from ScreenOffBrightnessStrategy to FallbackBrightnessStrategy for display 34
11-17 17:48:55.175  1473  1754 V DisplayPowerController[34]: Brightness [0.0] reason changing to: 'manual', previous reason: 'screen_off'.
11-17 17:48:55.176  1473  1754 I DisplayPowerController[34]: BrightnessEvent: brt=0.0(0.0%), nits=-1.0, lux=-1.0, reason=manual, strat=FallbackBrightnessStrategy, state=ON, stateReason=DEFAULT_POLICY, policy=BRIGHT, flags=, initBrt=0.0, rcmdBrt=NaN, preBrt=NaN, preLux=0.0, wasShortTermModelActive=false, autoBrightness=true (default), unclampedBrt=0.0, hbmMax=1.0, hbmMode=off, thrmMax=1.0, rbcStrength=-1, powerFactor=1.0, physDisp=studio.screen.sharing:0(virtual:com.android.shell,2000,studio.screen.sharing:0,32), logicalId=34, slowChange=false, rampSpeed=0.0
11-17 17:48:55.179  1473  6232 E AppOps  : attributionTag IWLAN not declared in manifest of com.google.android.iwlan
11-17 17:48:55.183  1473  1754 I DisplayPowerController[34]: Unblocked screen on after 11 ms
11-17 17:48:55.195  1473  1714 I BrightnessSynchronizer: [2144] New Update 5.329406E-4(f) set brightness values:  1(i)
11-17 17:48:55.196  1473  1714 I DisplayDeviceRepository: Display device changed state: "Built-in Screen", ON
11-17 17:48:55.198  1473  1754 I DisplayPowerController[0]: Unblocked screen on after 106 ms
11-17 17:48:55.199  1473  1714 I BrightnessSynchronizer: Swallowing update of 1(i) by update: {[2144] 5.329406E-4(f), mUpdatedTypes=1, mConfirmedTypes=1, mTimeUpdated=70886598}
11-17 17:48:55.199  1473  1714 I BrightnessSynchronizer: Completed Update: {[2144] 5.329406E-4(f), mUpdatedTypes=1, mConfirmedTypes=1, mTimeUpdated=70886598}
11-17 17:48:55.213  1473  1715 I DisplayDevice: [0] Layerstack set to 0 for local:4619827359057144832
11-17 17:48:55.223  1473  1712 D WindowManager: DeferredDisplayUpdater: partially applying DisplayInfo(960 x 2142) immediately
11-17 17:48:55.227  1473  1754 D BrightnessThermalClamper: Thermal status observer already started
11-17 17:48:55.234  1473  1754 I DisplayBrightnessStrategySelector: Changing the DisplayBrightnessStrategy from AutoBrightnessFallbackStrategy to AutomaticBrightnessStrategy for display 0
11-17 17:48:55.238  1473  1754 V DisplayPowerController[0]: Brightness [0.007252272] reason changing to: 'automatic', previous reason: 'screen_off_brightness_sensor'.
11-17 17:48:55.238  1473  1754 I DisplayPowerController[0]: BrightnessEvent: brt=0.007252272(27.0%), nits=16.837206, lux=1.3023878, reason=automatic, strat=AutomaticBrightnessStrategy, state=ON, stateReason=DEFAULT_POLICY, policy=BRIGHT, flags=, initBrt=5.329406E-4, rcmdBrt=0.007252272, preBrt=NaN, preLux=NaN, lastReadLux=1.3023878, wasShortTermModelActive=false, autoBrightness=true (default), unclampedBrt=0.007252272, hbmMax=0.2922917, hbmMode=off, thrmMax=1.0, rbcStrength=35, powerFactor=1.0, physDisp=Built-in Screen(local:4619827359057144832), logicalId=0, slowChange=false, rampSpeed=0.7047244
11-17 17:48:55.239  1473  1714 I BrightnessSynchronizer: [2147] New Update 0.007252272(f) set brightness values:  3(i)
11-17 17:48:55.246  1473  1714 I BrightnessSynchronizer: Swallowing update of 3(i) by update: {[2147] 0.007252272(f), mUpdatedTypes=1, mConfirmedTypes=1, mTimeUpdated=70886642}
11-17 17:48:55.246  1473  1714 I BrightnessSynchronizer: Completed Update: {[2147] 0.007252272(f), mUpdatedTypes=1, mConfirmedTypes=1, mTimeUpdated=70886642}
11-17 17:48:55.249  1473  2175 D BackgroundInstallControlService: Package event received: 0
11-17 17:48:55.271  1473  2165 I MR2ServiceImpl: Updating composite discovery preference | preference: RouteDiscoveryRequest{ preferredFeatures={}, activeScan=false }, active routers: []
11-17 17:48:55.338   923  1883 I Lyric   : spectral_driver.cc:182: Changed als mode from 0 to 2 for sensor: rear with new id: 364
11-17 17:48:55.339  1473  2194 I LocalDisplayAdapter: SF.setDisplayPowerMode took 157ms
11-17 17:48:55.348  1473  9229 D VirtualDisplayAdapter: Changing state of virtual display studio.screen.sharing:0 from OFF to ON
11-17 17:48:55.348  1473  9229 D VirtualDisplayAdapter: Requesting power mode for display studio.screen.sharing:0 to 2
11-17 17:48:55.349  1473  1714 I DisplayDeviceRepository: Display device changed state: "studio.screen.sharing:0", ON
11-17 17:48:55.349  1473  1712 D WindowManager: DeferredDisplayUpdater: applying DisplayInfo(608 x 1358) immediately
11-17 17:48:55.350  1473  1712 D WindowManager: Remove SleepToken: tag=Display-off, displayId=34
11-17 17:48:55.350  1473  1712 V WindowManager: Content Recording: Display 34 state was (1), is now (2), so update recording?
11-17 17:48:55.350  1473  1754 D BrightnessThermalClamper: Thermal status observer already started
11-17 17:48:55.352  1473  1712 V WindowManager: Content Recording: Display 34 has no content and is on, so start recording for state 2
11-17 17:48:55.352  1473  1712 V WindowManager: Content Recording: Apply transformations of shift 0 x 0, scale 0.6333333253860474 x 0.6333333253860474, crop (aka recorded content size) 960 x 2142 for display 34; display has size 270 x 604; surface has size 608 x 1358
11-17 17:48:55.353  1473  1712 I MediaProjectionManagerService: Cannot log MediaProjectionTargetChanged atom due to null projection
11-17 17:48:55.353  1473  1754 W PowerManagerService: Screen on took 272 ms
11-17 17:48:55.353  1473  1754 I DreamManagerService: Gently waking up from dream.
11-17 17:48:55.353  1473  1712 I DisplayDevice: [34] Layerstack set to 34 for virtual:com.android.shell,2000,studio.screen.sharing:0,32
11-17 17:48:55.354  1473  1714 E ModeChangeObserver: Changed display not found
11-17 17:48:55.364  1473  2021 I DreamManagerService: Leaving dreamland.
11-17 17:48:55.365  1473  1711 I DreamController: Stopping dream: name=ComponentInfo{com.android.systemui/com.android.systemui.doze.DozeService}, isPreviewMode=false, canDoze=true, userId=0, reason='finished self'(from 'power manager request')
11-17 17:48:55.389  1473  4231 I MediaSessionStack: addSession to bottom of stack | record: com.google.android.gms/cast_rcn_media_session/69 (userId=0)
11-17 17:48:55.437  1473  1725 D ActivityManager: sync unfroze 24815 com.google.android.apps.privacy.wildlife for 3
11-17 17:48:55.438  1473  2175 D BackgroundInstallControlService: Package event received: 0
11-17 17:48:55.439 24815 24815 D ActivityThread: Package [com.example.vitruvianredux.debug] reported as REPLACED, but missing application info. Assuming REMOVED.
11-17 17:48:55.441 24815 24815 D ActivityThread: Package [com.example.vitruvianredux.debug] reported as REPLACED, but missing application info. Assuming REMOVED.
--------- beginning of kernel
11-17 17:48:55.544     0     0 I trusty  : 162275.399:E:[SG_ERR] 0x00140001 0xf794c2fa 266
11-17 17:48:55.544     0     0 I trusty  : 162275.399:E:[SG_ERR] 0x00140002 0xf7940662 336
11-17 17:48:55.550  1473  2166 V ALSProbe: Enable ALS: 45137631
11-17 17:48:55.564     0     0 I trusty  : 162275.421:E:[SG_ERR] 0x00070002 0xf794dac5 2217
11-17 17:48:59.057  1473  2059 D ActivityManager: freezing 1450 com.google.android.apps.wearables.maestro.companion
11-17 17:48:59.063  1473  2059 D ActivityManager: freezing 30061 com.google.android.googlequicksearchbox:googleapp
11-17 17:48:59.067  1473  2059 D ActivityManager: freezing 30760 com.google.android.webview:sandboxed_process0:org.chromium.content.app.SandboxedProcessService0:0
11-17 17:48:59.069  1473  2059 D ActivityManager: freezing 1019 com.google.android.gms.unstable
11-17 17:48:59.075  1473  2059 D ActivityManager: freezing 16383 com.android.systemui:screenshot
11-17 17:48:59.078  1473  2059 D ActivityManager: freezing 8692 com.google.android.projection.gearhead:car
11-17 17:48:59.079  1473  2481 D InputManagerService: pilferPointers
11-17 17:48:59.083  1473  2059 D ActivityManager: freezing 7715 com.google.android.projection.gearhead:shared
11-17 17:48:59.087  1473  2059 D ActivityManager: freezing 7222 com.google.android.projection.gearhead:provider
11-17 17:48:59.089  1473  2059 D ActivityManager: freezing 20083 com.google.android.projection.gearhead:projection
11-17 17:48:59.090  1473  2059 D ActivityManager: freezing 6572 com.google.android.projection.gearhead:watchdog
11-17 17:48:59.157     0     0 I trusty  : 162279.012:E:[SG_ERR] 0x00070016 0xf794b698 3704
11-17 17:48:59.157     0     0 I trusty  : 162279.012:E:[SG_ERR] 0x00000002 0xf79529c7 87
11-17 17:48:59.157     0     0 I trusty  : 162279.012:E:[SG_ERR] 0x00000002 0xf79529c7 89
11-17 17:48:59.157     0     0 I trusty  : 162279.012:E:[SG_ERR] 0x00000002 0xf79529c7 90
11-17 17:48:59.174  1473  2166 D BiometricLogger: Authenticated! Modality: fingerprint, latency: 88
11-17 17:48:59.175  1473  2166 W AuthenticationClient: Allowing background authentication, this is allowed only for platform or test invocations
11-17 17:48:59.175  1473  2166 D BaseClientMonitor: marking operation as done: {[257] com.android.server.biometrics.sensors.fingerprint.aidl.FingerprintAuthenticationClient, proto=3, owner=com.android.systemui, cookie=0, requestId=116, userId=0}
11-17 17:48:59.175  1473  2166 D BiometricService: resetLockout from: 37748992, for: 1, userId: 0
11-17 17:48:59.177  1473  2168 D BiometricScheduler: [Added] {[258] com.android.server.biometrics.sensors.face.aidl.FaceResetLockoutClient, proto=12, owner=android, cookie=0, requestId=-1, userId=0}, new queue size: 1
11-17 17:48:59.177  1473  2168 D BiometricScheduler: [Polled] {[258] com.android.server.biometrics.sensors.face.aidl.FaceResetLockoutClient, proto=12, owner=android, cookie=0, requestId=-1, userId=0}, State: 0
11-17 17:48:59.177  1473  2168 D BiometricScheduler: [Started] {[258] com.android.server.biometrics.sensors.face.aidl.FaceResetLockoutClient, proto=12, owner=android, cookie=0, requestId=-1, userId=0}
11-17 17:48:59.179  1473  2168 V BiometricSchedulerOperation: started: {[258] com.android.server.biometrics.sensors.face.aidl.FaceResetLockoutClient, proto=12, owner=android, cookie=0, requestId=-1, userId=0}, State: 2
11-17 17:48:59.189     0     0 I trusty  : logging.cc: 79: ***: :221: Command Received: TzResetLockout
11-17 17:48:59.190     0     0 I trusty  : logging.cc: 79: ***"faceauth": :189: Session finished, current heap footprint: 16384, maximum footprint: 16384
11-17 17:48:59.180   507 16146 I keystore2: system/security/keystore2/src/authorization.rs:114 - add_auth_token(challenge=0, userId=3155150494204979175, authId=2964978421344286721, authType=0x2, timestamp=162279028ms)
11-17 17:48:59.180  1473  2168 D LockoutCache: Lockout for user: 0 is 0
11-17 17:48:59.180  1473  2166 D AuthenticationClient: addAuthToken succeeded
11-17 17:48:59.181  1473  2166 D BiometricStateCallback: Client finished, state updated to 0, client {[257] com.android.server.biometrics.sensors.fingerprint.aidl.FingerprintAuthenticationClient, proto=3, owner=com.android.systemui, cookie=0, requestId=116, userId=0}
11-17 17:48:59.181  1473  2096 E AuthSessionCoordinator: Error unable to find auth operation : authEndedFor(userId=0 ,biometricStrength=15, sensorId=37748992, requestId=116, wasSuccessful=true)
11-17 17:48:59.181  1473  2166 D BiometricSchedulerOperation: [Finished / destroy]: {[257] com.android.server.biometrics.sensors.fingerprint.aidl.FingerprintAuthenticationClient, proto=3, owner=com.android.systemui, cookie=0, requestId=116, userId=0}
11-17 17:48:59.184   507  7294 I keystore2: system/security/keystore2/src/authorization.rs:128 - on_device_unlocked(user_id=0, password.is_some()=false)
11-17 17:48:59.184  2359  4252 I AdaptiveHaptics: Request params from server: typesMask=2, deadlineElapsedRealtimeMilli=50
11-17 17:48:59.186  1473  2166 V ALSProbe: Disable ALS: 45137631
11-17 17:48:59.186  1473  2166 D FingerprintAuthenticationClient: Lockout is implemented by the HAL
11-17 17:48:59.192  1473  2166 D BiometricScheduler: [Finishing] {[257] com.android.server.biometrics.sensors.fingerprint.aidl.FingerprintAuthenticationClient, proto=3, owner=com.android.systemui, cookie=0, requestId=116, userId=0}, success: true
11-17 17:48:59.192  1473  2166 D GestureAvailabilityTracker: Notifying gesture availability, active=true
11-17 17:48:59.192  1473  2166 D BiometricScheduler: No operations, returning to idle
11-17 17:48:59.198  1473  2168 D BiometricSchedulerOperation: [Finished / destroy]: {[258] com.android.server.biometrics.sensors.face.aidl.FaceResetLockoutClient, proto=12, owner=android, cookie=0, requestId=-1, userId=0}
11-17 17:48:59.198  1473  2168 D BiometricScheduler: [Finishing] {[258] com.android.server.biometrics.sensors.face.aidl.FaceResetLockoutClient, proto=12, owner=android, cookie=0, requestId=-1, userId=0}, success: true
11-17 17:48:59.198  1473  2168 D BiometricScheduler: No operations, returning to idle
11-17 17:48:59.206     0     0 I trusty  : 162279.062:E:[SG_ERR] 0x00070002 0xf794dac5 2217
11-17 17:48:59.203   507  7294 I keystore2: system/security/keystore2/src/super_key.rs:1057 - Successfully unlocked user 0 with biometric SecureUserId(2964978421344286721)
11-17 17:48:59.204  1473  2166 E FingerprintProvider/default: onPointerUp received during client: null
11-17 17:48:59.212  2215  2247 V WindowManagerShell: Transition requested (#774): android.os.BinderProxy@cdecef6 TransitionRequestInfo { type = TO_BACK, triggerTask = null, pipChange = null, remoteTransition = null, displayChange = null, flags = 260, debugId = 774 }
11-17 17:48:59.213  1473  2846 D WindowManager: Remove SleepToken: tag=keyguard, displayId=0
11-17 17:48:59.213  1473  2846 D ActivityTaskManager: Top Process State changed to PROCESS_STATE_TOP
11-17 17:48:59.213  1473  2846 W TransitionChain: Combining sleepTokens into #774(TO_BACK|R|0x104) from kgGoAway
11-17 17:48:59.214  1473  2166 D FingerprintProvider/default: setIgnoreDisplayTouches set to true
11-17 17:48:59.217  1473  2175 D BackgroundInstallControlService: Package event received: 0
11-17 17:48:59.217  1473  2175 D BackgroundInstallControlService: Package event received: 0
11-17 17:48:59.219  1473  2846 W TransitionChain: Combining kgGoAway into #774(TO_BACK|R|0x104) from kgGoAway
11-17 17:48:59.219  1473  2846 D WindowManager: Remove SleepToken: tag=keyguard, displayId=34
11-17 17:48:59.222  2215  2332 D Bubbles : handleKeyguardOrDreamChange isUnlockedShade=false keyguardShowing=true dreamingOrInPreview=false
11-17 17:48:59.222  2215  2247 D Bubbles : onStatusBarStateChanged isShade=false didChange=false mNotifEntryToExpandOnShadeUnlock=null
11-17 17:48:59.223  2215  2247 D WindowManagerShell: setLauncherKeepClearAreaHeight: visible=true, height=404
11-17 17:48:59.233  1473  1714 I DisplayDeviceRepository: Display device changed render timings: "Built-in Screen", renderFrameRate=60.000004, presentationDeadlineNanos=11500002, appVsyncOffsetNanos=6233328, frameRateOverrides=[{uid=10234 frameRateHz=60.000004}]
11-17 17:48:59.247  1473  1711 V WindowManager: Sent Transition (#774) createdAt=11-17 17:48:59.212 via request=TransitionRequestInfo { type = TO_BACK, triggerTask = null, pipChange = null, remoteTransition = null, displayChange = null, flags = 260, debugId = 774 }
11-17 17:48:59.247  1473  1711 V WindowManager:     startWCT=WindowContainerTransaction { changes= {} hops= [] errorCallbackToken=null taskFragmentOrganizer=null }
11-17 17:48:59.247  1473  1711 V WindowManager:     info={id=774 t=TO_BACK f=0x104 trk=0 r=[0@Point(0, 0)] c=[
11-17 17:48:59.247  1473  1711 V WindowManager:         {WCT{RemoteToken{d576e3b Task{a72a061 #1 type=home}}} m=TO_FRONT f=SHOW_WALLPAPER p=WCT{RemoteToken{e721958 DefaultTaskDisplayArea@126895684}} leash=Surface(name=Task=1)/@0xa3721d0 sb=Rect(0, 0 - 960, 2142) eb=Rect(0, 0 - 960, 2142) epz=Point(960, 2142) d=0 taskParent=-1 winMode=1},
11-17 17:48:59.247  1473  1711 V WindowManager:         {WCT{RemoteToken{e721958 DefaultTaskDisplayArea@126895684}} m=TO_FRONT f=SHOW_WALLPAPER|FLAG_IS_TASK_DISPLAY_AREA leash=Surface(name=DefaultTaskDisplayArea)/@0xf91ed93 sb=Rect(0, 0 - 960, 2142) eb=Rect(0, 0 - 960, 2142) epz=Point(960, 2142) d=0},
11-17 17:48:59.247  1473  1711 V WindowManager:         {m=TO_FRONT f=IS_WALLPAPER leash=Surface(name=WallpaperWindowToken{1a1d81b})/@0xf5b5282 sb=Rect(0, 0 - 960, 2142) eb=Rect(0, 0 - 960, 2142) epz=Point(960, 2142) d=0},
11-17 17:48:59.247  1473  1711 V WindowManager:         {m=TO_BACK f=IS_WALLPAPER leash=Surface(name=WallpaperWindowToken{cd0e701})/@0xf604205 sb=Rect(0, 0 - 960, 2142) eb=Rect(0, 0 - 960, 2142) epz=Point(960, 2142) d=0}
11-17 17:48:59.247  1473  1711 V WindowManager:     ]}
11-17 17:48:59.247  2215 21285 V WindowManagerShell: onTransitionReady(transaction=6326486923075)
11-17 17:48:59.247  2215  2247 D Bubbles : onLocusVisibilityChanged=Overview|DISABLED visible=true taskId=1
11-17 17:48:59.247  2215  2247 V WindowManagerShell: onTransitionReady (#774) android.os.BinderProxy@cdecef6: {id=774 t=TO_BACK f=0x104 trk=0 r=[0@Point(0, 0)] c=[
11-17 17:48:59.247  2215  2247 V WindowManagerShell:         {m=TO_FRONT f=SHOW_WALLPAPER p=WCT{android.os.BinderProxy@a1f0b09} leash=Surface(name=Task=1)/@0x3ad1793 sb=Rect(0, 0 - 960, 2142) eb=Rect(0, 0 - 960, 2142) epz=Point(960, 2142) d=0 taskParent=-1 winMode=1},
11-17 17:48:59.247  2215  2247 V WindowManagerShell:         {m=TO_FRONT f=SHOW_WALLPAPER|FLAG_IS_TASK_DISPLAY_AREA leash=Surface(name=DefaultTaskDisplayArea)/@0xc9403d0 sb=Rect(0, 0 - 960, 2142) eb=Rect(0, 0 - 960, 2142) epz=Point(960, 2142) d=0},
11-17 17:48:59.247  2215  2247 V WindowManagerShell:         {m=TO_FRONT f=IS_WALLPAPER leash=Surface(name=WallpaperWindowToken{1a1d81b})/@0x70f2fc9 sb=Rect(0, 0 - 960, 2142) eb=Rect(0, 0 - 960, 2142) epz=Point(960, 2142) d=0},
11-17 17:48:59.247  2215  2247 V WindowManagerShell:         {m=TO_BACK f=IS_WALLPAPER leash=Surface(name=WallpaperWindowToken{cd0e701})/@0x7cc6ce sb=Rect(0, 0 - 960, 2142) eb=Rect(0, 0 - 960, 2142) epz=Point(960, 2142) d=0}
11-17 17:48:59.247  2215  2247 V WindowManagerShell:     ]}
11-17 17:48:59.247  2215  2247 V WindowManagerShell: Playing animation for (#774) android.os.BinderProxy@cdecef6@0
11-17 17:48:59.247  2215  2247 V WindowManagerShell: start keyguard going-away transition, info = {id=774 t=TO_BACK f=0x104 trk=0 r=[0@Point(0, 0)] c=[{m=TO_FRONT f=SHOW_WALLPAPER p=WCT{android.os.BinderProxy@a1f0b09} leash=Surface(name=Task=1)/@0x3ad1793 sb=Rect(0, 0 - 960, 2142) eb=Rect(0, 0 - 960, 2142) epz=Point(960, 2142) d=0 taskParent=-1 winMode=1},{m=TO_FRONT f=SHOW_WALLPAPER|FLAG_IS_TASK_DISPLAY_AREA leash=Surface(name=DefaultTaskDisplayArea)/@0xc9403d0 sb=Rect(0, 0 - 960, 2142) eb=Rect(0, 0 - 960, 2142) epz=Point(960, 2142) d=0},{m=TO_FRONT f=IS_WALLPAPER leash=Surface(name=WallpaperWindowToken{1a1d81b})/@0x70f2fc9 sb=Rect(0, 0 - 960, 2142) eb=Rect(0, 0 - 960, 2142) epz=Point(960, 2142) d=0},{m=TO_BACK f=IS_WALLPAPER leash=Surface(name=WallpaperWindowToken{cd0e701})/@0x7cc6ce sb=Rect(0, 0 - 960, 2142) eb=Rect(0, 0 - 960, 2142) epz=Point(960, 2142) d=0}]}
11-17 17:48:59.247  2215  2247 D KeyguardService: Starts IRemoteAnimationRunner: info={id=774 t=TO_BACK f=0x104 trk=0 r=[0@Point(0, 0)] c=[{m=TO_FRONT f=SHOW_WALLPAPER p=WCT{android.os.BinderProxy@a1f0b09} leash=Surface(name=Task=1)/@0x3ad1793 sb=Rect(0, 0 - 960, 2142) eb=Rect(0, 0 - 960, 2142) epz=Point(960, 2142) d=0 taskParent=-1 winMode=1},{m=TO_FRONT f=SHOW_WALLPAPER|FLAG_IS_TASK_DISPLAY_AREA leash=Surface(name=DefaultTaskDisplayArea)/@0xc9403d0 sb=Rect(0, 0 - 960, 2142) eb=Rect(0, 0 - 960, 2142) epz=Point(960, 2142) d=0},{m=TO_FRONT f=IS_WALLPAPER leash=Surface(name=WallpaperWindowToken{1a1d81b})/@0x70f2fc9 sb=Rect(0, 0 - 960, 2142) eb=Rect(0, 0 - 960, 2142) epz=Point(960, 2142) d=0},{m=TO_BACK f=IS_WALLPAPER leash=Surface(name=WallpaperWindowToken{cd0e701})/@0x7cc6ce sb=Rect(0, 0 - 960, 2142) eb=Rect(0, 0 - 960, 2142) epz=Point(960, 2142) d=0}]}
11-17 17:48:59.248  2215  2247 V WindowManagerShell:  animated by com.android.wm.shell.keyguard.KeyguardTransitionHandler@9244ec5
11-17 17:48:59.283  1473  1714 I DisplayDeviceRepository: Display device changed render timings: "Built-in Screen", renderFrameRate=60.000004, presentationDeadlineNanos=11500002, appVsyncOffsetNanos=6233328, frameRateOverrides=[{uid=10234 frameRateHz=60.000004}, {uid=10245 frameRateHz=60.000004}]
11-17 17:48:59.288  2215  2332 D Bubbles : handleKeyguardOrDreamChange isUnlockedShade=true keyguardShowing=false dreamingOrInPreview=false
11-17 17:48:59.289  2215  2247 D Bubbles : onStatusBarStateChanged isShade=true didChange=true mNotifEntryToExpandOnShadeUnlock=null
11-17 17:48:59.290  2215  2215 D InsetsController: Setting requestedVisibleTypes to -9 (was -11)
11-17 17:48:59.291  1473  2481 D FingerprintProvider/default: Starting watchdog for fingerprint
11-17 17:48:59.292  1473  2481 E BiometricScheduler: Current operation is null,no need to start watchdog
11-17 17:48:59.293  1473  2481 D SystemServerTiming: getUserSwitchability-0
11-17 17:48:59.293  1473  2481 D SystemServerTiming: TM.isInCall
11-17 17:48:59.293  1473  2481 D SystemServerTiming: hasUserRestriction-DISALLOW_USER_SWITCH
11-17 17:48:59.294  1473  2481 D SystemServerTiming: getInt-ALLOW_USER_SWITCHING_WHEN_SYSTEM_USER_LOCKED
11-17 17:48:59.294  1473  2481 D SystemServerTiming: isUserUnlocked-USER_SYSTEM
11-17 17:48:59.294  1473  2021 D SystemRequestObserver: binder unlinking to death: android.os.BinderProxy@344a6f9
11-17 17:48:59.294  1473  2021 D SystemRequestObserver: unlinking to death failed: android.os.BinderProxy@344a6f9
11-17 17:48:59.294  1473  2021 D SystemRequestObserver: java.util.NoSuchElementException: Death link does not exist (NAME_NOT_FOUND)
11-17 17:48:59.294  1473  2021 D SystemRequestObserver: 	at android.os.BinderProxy.unlinkToDeathNative(Native Method)
11-17 17:48:59.294  1473  2021 D SystemRequestObserver: 	at android.os.BinderProxy.unlinkToDeath(BinderProxy.java:646)
11-17 17:48:59.294  1473  2021 D SystemRequestObserver: 	at com.android.server.display.mode.SystemRequestObserver.removeSystemRequestedVote(SystemRequestObserver.java:113)
11-17 17:48:59.294  1473  2021 D SystemRequestObserver: 	at com.android.server.display.mode.SystemRequestObserver.requestDisplayModes(SystemRequestObserver.java:66)
11-17 17:48:59.294  1473  2021 D SystemRequestObserver: 	at com.android.server.display.mode.DisplayModeDirector.requestDisplayModes(DisplayModeDirector.java:582)
11-17 17:48:59.294  1473  2021 D SystemRequestObserver: 	at com.android.server.display.DisplayManagerService$BinderService.requestDisplayModes(DisplayManagerService.java:5734)
11-17 17:48:59.294  1473  2021 D SystemRequestObserver: 	at android.hardware.display.IDisplayManager$Stub.onTransact(IDisplayManager.java:1246)
11-17 17:48:59.294  1473  2021 D SystemRequestObserver: 	at android.os.Binder.execTransactInternal(Binder.java:1441)
11-17 17:48:59.294  1473  2021 D SystemRequestObserver: 	at android.os.Binder.execTransact(Binder.java:1385)
11-17 17:48:59.295  1473  1714 I DisplayDeviceRepository: Display device changed render timings: "Built-in Screen", renderFrameRate=60.000004, presentationDeadlineNanos=11500002, appVsyncOffsetNanos=6233328, frameRateOverrides=[]
11-17 17:48:59.300  1473  1714 I DisplayDeviceRepository: Display device changed render timings: "Built-in Screen", renderFrameRate=60.000004, presentationDeadlineNanos=11500002, appVsyncOffsetNanos=6233328, frameRateOverrides=[{uid=10234 frameRateHz=60.00001}, {uid=10245 frameRateHz=60.00001}]
11-17 17:48:59.309  1473  1714 I DisplayDeviceRepository: Display device changed render timings: "Built-in Screen", renderFrameRate=60.00001, presentationDeadlineNanos=11500000, appVsyncOffsetNanos=6233328, frameRateOverrides=[{uid=10234 frameRateHz=60.00001}, {uid=10245 frameRateHz=60.00001}]
11-17 17:48:59.309  1473  1712 D WindowManager: DeferredDisplayUpdater: partially applying DisplayInfo(960 x 2142) immediately
11-17 17:48:59.324  1473  2021 D CoreBackPreview: Window{ee25247 u0 NotificationShade}: Setting back callback null
11-17 17:48:59.339  1473  2021 W PackageConfigPersister: App-specific configuration not found for packageName: com.google.android.apps.nexuslauncher and userId: 0
11-17 17:48:59.629  1473  2021 D FaceProvider/default: Starting watchdog for face
11-17 17:48:59.629  1473  2021 E BiometricScheduler: Current operation is null,no need to start watchdog
11-17 17:48:59.651  2215  2215 D KeyguardService: Finish IRemoteAnimationRunner.
11-17 17:48:59.651  1473  2175 D BackgroundInstallControlService: Package event received: 0
11-17 17:48:59.651  2215  2247 V WindowManagerShell: Transition animation finished (aborted=false), notifying core (#774) android.os.BinderProxy@cdecef6@0
11-17 17:48:59.652  1473  1711 I UsbDeviceManager: Setting USB config to ncm
11-17 17:48:59.652  1473  1711 D UsbDeviceManager: setUsbConfig(1025) request:233
11-17 17:48:59.656  1473  1711 V WindowManager: Finish Transition (#774): created at 11-17 17:48:59.212 collect-started=0.174ms request-sent=0.218ms started=8.889ms ready=8.876ms sent=34.147ms commit=4.26ms finished=443.779ms
11-17 17:48:59.658  2215  2247 V WindowManagerShell: Track 0 became idle
11-17 17:48:59.658  2215  2247 V WindowManagerShell: All active transition animations finished
11-17 17:48:59.669  1473  1714 I DisplayDeviceRepository: Display device changed render timings: "Built-in Screen", renderFrameRate=60.00001, presentationDeadlineNanos=11500000, appVsyncOffsetNanos=6233328, frameRateOverrides=[{uid=10245 frameRateHz=60.00001}]
11-17 17:48:59.692  1473  2048 E AlarmManager: Attempt to decrement existing alarm count 0 by 1 for uid 1000
11-17 17:48:59.735  1473  1725 D ActivityManager: sync unfroze 20478 com.google.android.flipendo for 3
11-17 17:48:59.738 20478 20478 D ActivityThread: Package [com.example.vitruvianredux.debug] reported as REPLACED, but missing application info. Assuming REMOVED.
11-17 17:48:59.738  1473  2175 D BackgroundInstallControlService: Package event received: 0
11-17 17:48:59.739 20478 20478 D ActivityThread: Package [com.example.vitruvianredux.debug] reported as REPLACED, but missing application info. Assuming REMOVED.
11-17 17:48:59.740  1473  1698 D BiometricService: canAuthenticate: User=0, Caller=0, Authenticators=32768
11-17 17:48:59.740 20478 20478 D ActivityThread: Package [com.example.vitruvianredux.debug] reported as REPLACED, but missing application info. Assuming REMOVED.
11-17 17:48:59.740  1473  1698 D BiometricService/PreAuthInfo: getCanAuthenticateInternal Modality: 1 AuthenticatorStatus: 1
11-17 17:48:59.740  1473  1698 D AuthService: canAuthenticate, userId: 0, callingUserId: 0, authenticators: 32768, result: 0
11-17 17:48:59.740 20478 20478 D ActivityThread: Package [com.example.vitruvianredux.debug] reported as REPLACED, but missing application info. Assuming REMOVED.
11-17 17:48:59.742  1473  3876 D BiometricService: canAuthenticate: User=0, Caller=0, Authenticators=32768
11-17 17:48:59.742  1473  3876 D BiometricService/PreAuthInfo: getCanAuthenticateInternal Modality: 1 AuthenticatorStatus: 1
11-17 17:48:59.742  1473  3876 D AuthService: canAuthenticate, userId: 0, callingUserId: 0, authenticators: 32768, result: 0
11-17 17:48:59.743  1473  2481 D BiometricService: canAuthenticate: User=0, Caller=0, Authenticators=255
11-17 17:48:59.743  1473  2481 D BiometricService/PreAuthInfo: Package: com.google.android.gms Sensor ID: 1 Modality: 8 User id: 0 Status: 7
11-17 17:48:59.743  1473  2481 D BiometricService/PreAuthInfo: Package: com.google.android.gms Sensor ID: 37748992 Modality: 2 User id: 0 Status: 1
11-17 17:48:59.743  1473  2481 D BiometricService/PreAuthInfo: getCanAuthenticateInternal Modality: 2 AuthenticatorStatus: 1
11-17 17:48:59.743  1473  2481 D AuthService: canAuthenticate, userId: 0, callingUserId: 0, authenticators: 255, result: 0
11-17 17:48:59.750  1473  1725 D ActivityManager: sync unfroze 17636 net.slickdeals.android for 3
11-17 17:48:59.752  1473  1725 D ActivityManager: sync unfroze 23849 com.google.android.apps.pixel.dcservice for 3
11-17 17:48:59.761  1473  2175 D BackgroundInstallControlService: Package event received: 0
11-17 17:48:59.762  1473  2043 D ActivityManager: sync unfroze 17173 com.google.android.turboadapter for 6
11-17 17:48:59.763  1473  2175 D BackgroundInstallControlService: Package event received: 0
11-17 17:48:59.766 17173 17173 D ActivityThread: Package [com.example.vitruvianredux.debug] reported as REPLACED, but missing application info. Assuming REMOVED.
11-17 17:48:59.767 17173 17173 D ActivityThread: Package [com.example.vitruvianredux.debug] reported as REPLACED, but missing application info. Assuming REMOVED.
11-17 17:48:59.767 17173 17173 D ActivityThread: Package [com.example.vitruvianredux.debug] reported as REPLACED, but missing application info. Assuming REMOVED.
11-17 17:48:59.767 17173 17173 D ActivityThread: Package [com.example.vitruvianredux.debug] reported as REPLACED, but missing application info. Assuming REMOVED.
11-17 17:48:59.770 23849 23849 D ActivityThread: Package [com.example.vitruvianredux.debug] reported as REPLACED, but missing application info. Assuming REMOVED.
11-17 17:48:59.777 23849 23849 D ActivityThread: Package [com.example.vitruvianredux.debug] reported as REPLACED, but missing application info. Assuming REMOVED.
11-17 17:48:59.780 17636 17636 D ActivityThread: Package [com.example.vitruvianredux.debug] reported as REPLACED, but missing application info. Assuming REMOVED.
11-17 17:48:59.782 23849 23849 D ActivityThread: Package [com.example.vitruvianredux.debug] reported as REPLACED, but missing application info. Assuming REMOVED.
11-17 17:48:59.782 17636 17636 D ActivityThread: Package [com.example.vitruvianredux.debug] reported as REPLACED, but missing application info. Assuming REMOVED.
11-17 17:48:59.783 23849 23849 D ActivityThread: Package [com.example.vitruvianredux.debug] reported as REPLACED, but missing application info. Assuming REMOVED.
11-17 17:48:59.813  1473  2175 D BackgroundInstallControlService: Package event received: 0
11-17 17:48:59.833  1473  2175 D BackgroundInstallControlService: Package event received: 0
11-17 17:48:59.956   507 16146 E keystore2: system/security/keystore2/src/error.rs:184 - system/security/keystore2/src/security_level.rs:329
11-17 17:48:59.956   507 16146 E keystore2: 
11-17 17:48:59.956   507 16146 E keystore2: Caused by:
11-17 17:48:59.956   507 16146 E keystore2:     0: system/security/keystore2/src/enforcements.rs:596: matching auth token (challenge=0, userId=3155150494204979175, authId=0, authType=0x1, timestamp=78709548ms) rcved=BootTime(78707342) for sids [SecureUserId(3155150494204979175)] type Some(r#PASSWORD) is expired (83570s old > timeout=5s)
11-17 17:48:59.956   507 16146 E keystore2:     1: Error::Km(r#KEY_USER_NOT_AUTHENTICATED)
11-17 17:48:59.957  1473  3874 D ActivityManager: sync unfroze 1019 com.google.android.gms.unstable for 6
11-17 17:48:59.957  1473  2175 D BackgroundInstallControlService: Package event received: 0
11-17 17:48:59.964  2215  2247 D WindowManagerShell: setLauncherKeepClearAreaHeight: visible=false, height=404
11-17 17:48:59.966  1473  2175 D BackgroundInstallControlService: Package event received: 0
11-17 17:48:59.980  1473  2175 D BackgroundInstallControlService: Package event received: 0
11-17 17:49:00.118  1473  2175 D BackgroundInstallControlService: Package event received: 0
11-17 17:49:00.278  1473  2043 I UsbDeviceManager: Usb setCurrentUsbFunctionsCb ,functions:1025 ,status:0 ,transactionId:642
11-17 17:49:00.278  1473  2043 I UsbDeviceManager: notifyCurrentFunction request:233 status:0
11-17 17:49:00.376     0     0 I trusty  : 162280.233:E:[SG_ERR] 0x00140001 0xf794c2fa 266
11-17 17:49:00.377     0     0 I trusty  : 162280.233:E:[SG_ERR] 0x00140002 0xf7940662 336
11-17 17:49:00.403     0     0 I trusty  : 162280.261:E:[SG_ERR] 0x00070002 0xf794dac5 2217
11-17 17:49:00.496  1473  1725 D ActivityManager: sync unfroze 16383 com.android.systemui:screenshot for 10
11-17 17:49:00.601  1473  2043 V WindowManager: DesktopModeLaunchParamsModifier: phase= 0 task=null activity=null display-from-option=0 display-id=0 task-display-area-windowing-mode=1 suggested-display-area=DefaultTaskDisplayArea@126895684 task null, skipping
11-17 17:49:00.601  1473  2043 V WindowManager: TaskLaunchParamsModifier:phase=0 task=null activity=null display-from-option=0 display-id=0 task-display-area-windowing-mode=1 suggested-display-area=DefaultTaskDisplayArea@126895684
11-17 17:49:00.603  1473  2043 W OptProp : Cannot read opt property android.window.PROPERTY_COMPAT_ALLOW_RESIZEABLE_ACTIVITY_OVERRIDES
11-17 17:49:00.604  1473  2043 W OptProp : Cannot read opt property android.window.PROPERTY_COMPAT_ALLOW_MIN_ASPECT_RATIO_OVERRIDE
11-17 17:49:00.604  1473  2043 V WindowManager: DesktopModeLaunchParamsModifier: phase= 0 task=null activity=ActivityRecord{151920326 u0 com.example.vitruvianredux.debug/com.example.vitruvianredux.MainActivity display-from-option=0 display-id=0 task-display-area-windowing-mode=1 suggested-display-area=DefaultTaskDisplayArea@126895684 task null, skipping
11-17 17:49:00.604  1473  2043 V WindowManager: TaskLaunchParamsModifier:phase=0 task=null activity=ActivityRecord{151920326 u0 com.example.vitruvianredux.debug/com.example.vitruvianredux.MainActivity t-1} display-from-option=0 display-id=0 task-display-area-windowing-mode=1 suggested-display-area=DefaultTaskDisplayArea@126895684
11-17 17:49:00.604  1473  2043 V WindowManager: DesktopModeLaunchParamsModifier: phase= 3 task=null activity=ActivityRecord{151920326 u0 com.example.vitruvianredux.debug/com.example.vitruvianredux.MainActivity t-1} display-from-option=0 display-id=0 task-display-area-windowing-mode=1 suggested-display-area=DefaultTaskDisplayArea@126895684 task null, skipping
11-17 17:49:00.604  1473  2043 V WindowManager: TaskLaunchParamsModifier:phase=3 task=null activity=ActivityRecord{151920326 u0 com.example.vitruvianredux.debug/com.example.vitruvianredux.MainActivity t-1} display-from-option=0 display-id=0 task-display-area-windowing-mode=1 suggested-display-area=DefaultTaskDisplayArea@126895684 inherit-from-source=fullscreen non-freeform-task-display-area display-area=DefaultTaskDisplayArea@126895684 default-portrait freeform-size-mismatch=Rect(236, 613 - 725, 1573)
11-17 17:49:00.606  1473  2043 V WindowManager: DesktopModeLaunchParamsModifier: phase= 3 task=Task{b879e87 #3534 type=standard A=10507:com.example.vitruvianredux.debug} activity=ActivityRecord{151920326 u0 com.example.vitruvianredux.debug/com.example.vitruvianredux.MainActivity t-1} display-from-option=0 display-id=0 task-display-area-windowing-mode=1 suggested-display-area=DefaultTaskDisplayArea@126895684 not entering desktop mode, skipping
11-17 17:49:00.606  1473  2043 V WindowManager: TaskLaunchParamsModifier:phase=3 task=Task{b879e87 #3534 type=standard A=10507:com.example.vitruvianredux.debug} activity=ActivityRecord{151920326 u0 com.example.vitruvianredux.debug/com.example.vitruvianredux.MainActivity t-1} display-from-option=0 display-id=0 task-display-area-windowing-mode=1 suggested-display-area=DefaultTaskDisplayArea@126895684 inherit-from-source=fullscreen non-freeform-task-display-area display-area=DefaultTaskDisplayArea@126895684 default-portrait freeform-size-mismatch=Rect(236, 613 - 725, 1573)
11-17 17:49:00.606  1473  2043 W OptProp : Cannot read opt property android.window.PROPERTY_COMPAT_ALLOW_ORIENTATION_OVERRIDE
11-17 17:49:00.608  2215  2247 V ShellStartingWindow: RSO:Start tracking for task=3534
11-17 17:49:00.608  1473  2043 I ActivityTaskManager: START u0 {act=android.intent.action.MAIN cat=[android.intent.category.LAUNCHER] flg=0x10200000 xflg=0x4 cmp=com.example.vitruvianredux.debug/com.example.vitruvianredux.MainActivity bnds=[570,389][752,608]} with LAUNCH_MULTIPLE from uid 10245 (com.google.android.apps.nexuslauncher) (sr=3422949) (BAL_ALLOW_VISIBLE_WINDOW) result code=0
11-17 17:49:00.609  2215  2247 V WindowManagerShell: Transition requested (#775): android.os.BinderProxy@af17351 TransitionRequestInfo { type = OPEN, triggerTask = TaskInfo{userId=0 taskId=3534 effectiveUid=10507 displayId=0 isRunning=true baseIntent=Intent { act=android.intent.action.MAIN cat=[android.intent.category.LAUNCHER] flg=0x10200000 cmp=com.example.vitruvianredux.debug/com.example.vitruvianredux.MainActivity } baseActivity=ComponentInfo{com.example.vitruvianredux.debug/com.example.vitruvianredux.MainActivity} topActivity=ComponentInfo{com.example.vitruvianredux.debug/com.example.vitruvianredux.MainActivity} origActivity=null realActivity=ComponentInfo{com.example.vitruvianredux.debug/com.example.vitruvianredux.MainActivity} numActivities=1 lastActiveTime=162278226 supportsMultiWindow=true resizeMode=1 isResizeable=true minWidth=-1 minHeight=-1 defaultMinSize=220 token=WCT{android.os.BinderProxy@b96f7b6} topActivityType=1 pictureInPictureParams=null shouldDockBigOverlays=false launchIntoPipHostTaskId=-1 lastParentTaskIdBeforePip=-1 displayCutoutSafeInsets=Rect(0, 153 - 0, 0) topActivityInfo=ActivityInfo{b851cb7 com.example.vitruvianredux.MainActivity} launchCookies=[android.os.BinderProxy@2f72c24] positionInParent=Point(0, 0) parentTaskId=-1 isFocused=false isVisible=false isVisibleRequested=false isTopActivityNoDisplay=false isSleeping=false locusId=null displayAreaFeatureId=1 isTopActivityTransparent=false isActivityStackTransparent=false lastNonFullscreenBounds=Rect(236, 613 - 725, 1573) capturedLink=null capturedLinkTimestamp=0 requestedVisibleTypes=-9 topActivityRequestOpenInBrowserEducationTimestamp=0 appCompatTaskInfo=AppCompatTaskInfo { topActivityInSizeCompat=false eligibleForLetterboxEducation= false isLetterboxEducationEnabled= false isLetterboxDoubleTapEnabled= false eligibleForUserAspectRatioButton= false topActivityBoundsLetterboxed= false isFromLetterboxDoubleTap= false topActivityLetterboxVerticalPosition= -1 topActivityLetterboxHorizontalPosition= -1 topActivityLetterboxWidth=-1 topActivityLetterboxHeight=-1 topActivityAppBounds=Rect(0, 0 - 960, 2142) isUserFullscreenOverrideEnabled=false isSystemFullscreenOverrideEnabled=false hasMinAspectRatioOverride=false topActivityLetterboxBounds=null cameraCompatTaskInfo=CameraCompatTaskInfo { freeformCameraCompatMode=inactiveundefined} topNonResizableActivityAspectRatio=-1.0} topActivityMainWindowFrame=null isAppBubble=false}, pipChange = null, remoteTransition = RemoteTransition { remoteTransition = android.window.IRemoteTransition$Stub$Proxy@a88f38d, appThread = android.app.IApplicationThread$Stub$Proxy@292d942, debugName = QuickstepLaunch }, displayChange = null, flags = 0, debugId = 775 }
11-17 17:49:00.609  2215  2247 D ShellSplitScreen: logExit: no-op, mLoggerSessionId is null
11-17 17:49:00.609  2215  2247 V WindowManagerShell: RemoteTransition directly requested for (#775) android.os.BinderProxy@af17351: RemoteTransition { remoteTransition = android.window.IRemoteTransition$Stub$Proxy@a88f38d, appThread = android.app.IApplicationThread$Stub$Proxy@292d942, debugName = QuickstepLaunch }
11-17 17:49:00.609  2215  2247 V WindowManagerShell: Transition (#775): request handled by DefaultMixedHandler
11-17 17:49:00.612  1473  1714 W ActivityManager: ProcessRecord{e3d6152 0:com.example.vitruvianredux.debug/u0a507}: ART verification disabled
11-17 17:49:00.614  1473  2175 D BackgroundInstallControlService: Package event received: 0
11-17 17:49:00.621  1473  1714 I DisplayDeviceRepository: Display device changed render timings: "Built-in Screen", renderFrameRate=60.00001, presentationDeadlineNanos=11500000, appVsyncOffsetNanos=6233328, frameRateOverrides=[{uid=10234 frameRateHz=60.00001}, {uid=10245 frameRateHz=60.00001}]
11-17 17:49:00.623  1473  1714 I ActivityManager: PendingStartActivityUids startActivity to updateOomAdj delay:1409ms, uid:10507
11-17 17:49:00.625  1473  1727 I ActivityManager: Start proc 3606:com.example.vitruvianredux.debug/u0a507 for next-top-activity {com.example.vitruvianredux.debug/com.example.vitruvianredux.MainActivity}
