11-19 15:37:56.723   971  1039 I WifiHAL : Creating message to get link statistics; iface = 47
11-19 15:37:56.801   971  1039 I WifiHAL : index: 0 per_rate_size 32, data_rem_len 1152
11-19 15:37:56.801   971  1039 I WifiHAL : index: 1 per_rate_size 32, data_rem_len 1120
11-19 15:37:56.801   971  1039 I WifiHAL : index: 2 per_rate_size 32, data_rem_len 1088
11-19 15:37:56.801   971  1039 I WifiHAL : index: 3 per_rate_size 32, data_rem_len 1056
11-19 15:37:56.801   971  1039 I WifiHAL : index: 4 per_rate_size 32, data_rem_len 1024
11-19 15:37:56.801   971  1039 I WifiHAL : index: 5 per_rate_size 32, data_rem_len 992
11-19 15:37:56.801   971  1039 I WifiHAL : index: 6 per_rate_size 32, data_rem_len 960
11-19 15:37:56.801   971  1039 I WifiHAL : index: 7 per_rate_size 32, data_rem_len 928
11-19 15:37:56.801   971  1039 I WifiHAL : index: 8 per_rate_size 32, data_rem_len 896
11-19 15:37:56.801   971  1039 I WifiHAL : index: 9 per_rate_size 32, data_rem_len 864
11-19 15:37:56.801   971  1039 I WifiHAL : index: 10 per_rate_size 32, data_rem_len 832
11-19 15:37:56.801   971  1039 I WifiHAL : index: 11 per_rate_size 32, data_rem_len 800
11-19 15:37:56.801   971  1039 I WifiHAL : index: 12 per_rate_size 32, data_rem_len 768
11-19 15:37:56.801   971  1039 I WifiHAL : index: 13 per_rate_size 32, data_rem_len 736
11-19 15:37:56.801   971  1039 I WifiHAL : index: 14 per_rate_size 32, data_rem_len 704
11-19 15:37:56.801   971  1039 I WifiHAL : index: 15 per_rate_size 32, data_rem_len 672
11-19 15:37:56.801   971  1039 I WifiHAL : index: 16 per_rate_size 32, data_rem_len 640
11-19 15:37:56.801   971  1039 I WifiHAL : index: 17 per_rate_size 32, data_rem_len 608
11-19 15:37:56.801   971  1039 I WifiHAL : index: 18 per_rate_size 32, data_rem_len 576
11-19 15:37:56.801   971  1039 I WifiHAL : index: 19 per_rate_size 32, data_rem_len 544
11-19 15:37:56.801   971  1039 I WifiHAL : index: 20 per_rate_size 32, data_rem_len 512
11-19 15:37:56.801   971  1039 I WifiHAL : index: 21 per_rate_size 32, data_rem_len 480
11-19 15:37:56.801   971  1039 I WifiHAL : index: 22 per_rate_size 32, data_rem_len 448
11-19 15:37:56.801   971  1039 I WifiHAL : index: 23 per_rate_size 32, data_rem_len 416
11-19 15:37:56.801   971  1039 I WifiHAL : index: 24 per_rate_size 32, data_rem_len 384
11-19 15:37:56.801   971  1039 I WifiHAL : index: 25 per_rate_size 32, data_rem_len 352
11-19 15:37:56.801   971  1039 I WifiHAL : index: 26 per_rate_size 32, data_rem_len 320
11-19 15:37:56.801   971  1039 I WifiHAL : index: 27 per_rate_size 32, data_rem_len 288
11-19 15:37:56.801   971  1039 I WifiHAL : index: 28 per_rate_size 32, data_rem_len 256
11-19 15:37:56.801   971  1039 I WifiHAL : index: 29 per_rate_size 32, data_rem_len 224
11-19 15:37:56.801   971  1039 I WifiHAL : index: 30 per_rate_size 32, data_rem_len 192
11-19 15:37:56.801   971  1039 I WifiHAL : index: 31 per_rate_size 32, data_rem_len 160
11-19 15:37:56.801   971  1039 I WifiHAL : index: 32 per_rate_size 32, data_rem_len 128
11-19 15:37:56.801   971  1039 I WifiHAL : index: 33 per_rate_size 32, data_rem_len 96
11-19 15:37:56.801   971  1039 I WifiHAL : index: 34 per_rate_size 32, data_rem_len 64
11-19 15:37:56.801   971  1039 I WifiHAL : index: 35 per_rate_size 32, data_rem_len 32
11-19 15:37:56.803   971  1039 I WifiHAL : Getting cached scan results, iface handle = 0xb4000070e08aa2d0
11-19 15:37:56.803   971  1039 E WifiHAL : Creating message to get cached scan results
11-19 15:37:56.820   971  1039 I WifiHAL : In GetCachedScanResultsCommand::handleResponse
11-19 15:37:56.870  1473  2120 D ConnectivityService: NetReassign [no changes] [c 6] [a 3] [i 7]
11-19 15:37:57.445   922  2733 I bthal.activity: bt_power: LeAdvStat: 15:37:55:517 - 15:37:57:445, duration: 1927, le_adv_count: 4, total_le_adv_count: 70304, total_event_count: 4
11-19 15:37:58.617 19106 20110 I NearbyDiscovery: (REDACTED) BloomFilterAdvManager: Detected bloom filter but too far away, ignoring. %sm, %s
11-19 15:37:59.338 19106 20110 I NearbyDiscovery: (REDACTED) BloomFilterAdvManager: Detected bloom filter but too far away, ignoring. %sm, %s
11-19 15:37:59.747  9540  9900 V mrsdk-jni: {
11-19 15:37:59.747  9540  9900 V mrsdk-jni: 	"meari":	{
11-19 15:37:59.747  9540  9900 V mrsdk-jni: 		"status":	"{\"iotlogin\":1,\"iot\":[]}"
11-19 15:37:59.747  9540  9900 V mrsdk-jni: 	}
11-19 15:37:59.747  9540  9900 V mrsdk-jni: }
11-19 15:37:59.747  9540  9900 V mrsdk-jni:  [ppsdk.cpp:167:ppsdkcallback]
11-19 15:37:59.856   971  1039 I WifiHAL : Creating message to get link statistics; iface = 47
11-19 15:37:59.921  1473  2120 D InetDiagMessage: Destroyed 2 sockets, proto=IPPROTO_TCP, family=AF_INET, states=14
11-19 15:37:59.924  1473  2120 D InetDiagMessage: Destroyed 0 sockets, proto=IPPROTO_TCP, family=AF_INET6, states=14
11-19 15:37:59.924  1473  2120 D InetDiagMessage: Destroyed live tcp sockets for uids={10334} in 15ms
11-19 15:37:59.927  1473  2120 D InetDiagMessage: Destroyed 0 sockets, proto=IPPROTO_TCP, family=AF_INET, states=14
11-19 15:37:59.930  1473  2120 D InetDiagMessage: Destroyed 0 sockets, proto=IPPROTO_TCP, family=AF_INET6, states=14
11-19 15:37:59.930  1473  2120 D InetDiagMessage: Destroyed live tcp sockets for uids={20334} in 6ms
11-19 15:37:59.941   971  1039 I WifiHAL : index: 0 per_rate_size 32, data_rem_len 1152
11-19 15:37:59.942   971  1039 I WifiHAL : index: 1 per_rate_size 32, data_rem_len 1120
11-19 15:37:59.942   971  1039 I WifiHAL : index: 2 per_rate_size 32, data_rem_len 1088
11-19 15:37:59.942   971  1039 I WifiHAL : index: 3 per_rate_size 32, data_rem_len 1056
11-19 15:37:59.942   971  1039 I WifiHAL : index: 4 per_rate_size 32, data_rem_len 1024
11-19 15:37:59.942   971  1039 I WifiHAL : index: 5 per_rate_size 32, data_rem_len 992
11-19 15:37:59.942   971  1039 I WifiHAL : index: 6 per_rate_size 32, data_rem_len 960
11-19 15:37:59.942   971  1039 I WifiHAL : index: 7 per_rate_size 32, data_rem_len 928
11-19 15:37:59.942   971  1039 I WifiHAL : index: 8 per_rate_size 32, data_rem_len 896
11-19 15:37:59.942   971  1039 I WifiHAL : index: 9 per_rate_size 32, data_rem_len 864
11-19 15:37:59.942   971  1039 I WifiHAL : index: 10 per_rate_size 32, data_rem_len 832
11-19 15:37:59.942   971  1039 I WifiHAL : index: 11 per_rate_size 32, data_rem_len 800
11-19 15:37:59.942   971  1039 I WifiHAL : index: 12 per_rate_size 32, data_rem_len 768
11-19 15:37:59.942   971  1039 I WifiHAL : index: 13 per_rate_size 32, data_rem_len 736
11-19 15:37:59.942   971  1039 I WifiHAL : index: 14 per_rate_size 32, data_rem_len 704
11-19 15:37:59.942   971  1039 I WifiHAL : index: 15 per_rate_size 32, data_rem_len 672
11-19 15:37:59.942   971  1039 I WifiHAL : index: 16 per_rate_size 32, data_rem_len 640
11-19 15:37:59.942   971  1039 I WifiHAL : index: 17 per_rate_size 32, data_rem_len 608
11-19 15:37:59.942   971  1039 I WifiHAL : index: 18 per_rate_size 32, data_rem_len 576
11-19 15:37:59.942   971  1039 I WifiHAL : index: 19 per_rate_size 32, data_rem_len 544
11-19 15:37:59.942   971  1039 I WifiHAL : index: 20 per_rate_size 32, data_rem_len 512
11-19 15:37:59.942   971  1039 I WifiHAL : index: 21 per_rate_size 32, data_rem_len 480
11-19 15:37:59.942   971  1039 I WifiHAL : index: 22 per_rate_size 32, data_rem_len 448
11-19 15:37:59.942   971  1039 I WifiHAL : index: 23 per_rate_size 32, data_rem_len 416
11-19 15:37:59.942   971  1039 I WifiHAL : index: 24 per_rate_size 32, data_rem_len 384
11-19 15:37:59.942   971  1039 I WifiHAL : index: 25 per_rate_size 32, data_rem_len 352
11-19 15:37:59.942   971  1039 I WifiHAL : index: 26 per_rate_size 32, data_rem_len 320
11-19 15:37:59.942   971  1039 I WifiHAL : index: 27 per_rate_size 32, data_rem_len 288
11-19 15:37:59.942   971  1039 I WifiHAL : index: 28 per_rate_size 32, data_rem_len 256
11-19 15:37:59.942   971  1039 I WifiHAL : index: 29 per_rate_size 32, data_rem_len 224
11-19 15:37:59.942   971  1039 I WifiHAL : index: 30 per_rate_size 32, data_rem_len 192
11-19 15:37:59.942   971  1039 I WifiHAL : index: 31 per_rate_size 32, data_rem_len 160
11-19 15:37:59.942   971  1039 I WifiHAL : index: 32 per_rate_size 32, data_rem_len 128
11-19 15:37:59.942   971  1039 I WifiHAL : index: 33 per_rate_size 32, data_rem_len 96
11-19 15:37:59.942   971  1039 I WifiHAL : index: 34 per_rate_size 32, data_rem_len 64
11-19 15:37:59.942   971  1039 I WifiHAL : index: 35 per_rate_size 32, data_rem_len 32
11-19 15:37:59.944   971   971 I WifiHAL : Getting cached scan results, iface handle = 0xb4000070e08aa2d0
11-19 15:37:59.944   971   971 E WifiHAL : Creating message to get cached scan results
11-19 15:37:59.951   971   971 I WifiHAL : In GetCachedScanResultsCommand::handleResponse
11-19 15:38:00.012  1473  2120 D ConnectivityService: NetReassign [no changes] [c 4] [a 4] [i 7]
11-19 15:38:00.089 19106 20110 I NearbyDiscovery: (REDACTED) BloomFilterAdvManager: Detected bloom filter but too far away, ignoring. %sm, %s
11-19 15:38:01.005  4007  4449 I AiAiEcho: (REDACTED) Predicting[%d]: %s
11-19 15:38:01.008  4007  4449 I AiAiEcho: (REDACTED) EchoTargets: %s
11-19 15:38:01.008  4007  4449 I AiAiEcho: Filtered by AiAi flag check: %s
11-19 15:38:01.010  4007  4449 I AiAiEcho: (REDACTED) #weatherSubItemsTwiddler: Weather removes SubtitleSupplementalItem in surface: %s
11-19 15:38:01.011  4007  4449 I AiAiEcho: #remoteViewsTwiddler: feature disabled.
11-19 15:38:01.012  4007  4449 I AiAiEcho: (REDACTED) Predicting[%d]: %s
11-19 15:38:01.013  4007  4449 I AiAiEcho: (REDACTED) EchoTargets: %s
11-19 15:38:01.013  4007  4449 I AiAiEcho: Filtered by AiAi flag check: %s
11-19 15:38:01.014  4007  4449 I AiAiEcho: (REDACTED) #weatherSubItemsTwiddler: Weather removes SubtitleSupplementalItem in surface: %s
11-19 15:38:01.015  4007  4449 I AiAiEcho: #remoteViewsTwiddler: feature disabled.
11-19 15:38:01.026  4007  4449 I AiAiEcho: (REDACTED) #postPredictionTargets: Sending updates to UISurface %s with targets# %s (types=[%s])
11-19 15:38:01.030  2215  2215 I WeatherSmartspaceView: setFormattedContentDescription: text=81°F, iconDescription=Clear day, contentDescription=Clear day, 81°F
11-19 15:38:01.031  2215  2215 I WeatherSmartspaceView: setFormattedContentDescription: text=81°F, iconDescription=Clear day, contentDescription=Clear day, 81°F
11-19 15:38:01.031  2215  2215 I WeatherData: Weather data parsed SUNNY ("Clear day") 81°F from Bundle[{description=Clear day, feedback_intent=null, explanation_intent=Supplier{VAL_PARCELABLE@144+1920}, is_gaia_linked_data=true, use_celsius=false, state=1, temperature=81}]
11-19 15:38:01.031  2215  2215 W SsPagerDots: Total number of pages invalid: 0. Assuming 1 page.
11-19 15:38:01.034  4007  4449 I AiAiEcho: (REDACTED) #postPredictionTargets: Sending updates to UISurface %s with targets# %s (types=[%s])
11-19 15:38:01.050 11259 11259 D SsBaseTemplateCard: No text view can be set up
11-19 15:38:01.050 11259 11259 I SsBaseTemplateCard: setFormattedContentDescription: text=81°F, iconDescription=Clear day, contentDescription=Clear day, 81°F
11-19 15:38:01.050 11259 11259 D SsBaseTemplateCard: Passed-in item info is null
11-19 15:38:01.050 11259 11259 D SsBaseTemplateCard: Passed-in item info is null
11-19 15:38:01.050 11259 11259 I SsBaseTemplateCard: Secondary card pane is null
11-19 15:38:01.349  1473  2059 D ActivityManager: freezing 15983 com.google.android.permissioncontroller
11-19 15:38:01.359  1473  2120 D InetDiagMessage: Destroyed 0 sockets, proto=IPPROTO_TCP, family=AF_INET, states=14
11-19 15:38:01.365  1473  2120 D InetDiagMessage: Destroyed 0 sockets, proto=IPPROTO_TCP, family=AF_INET6, states=14
11-19 15:38:01.366  1473  2120 D InetDiagMessage: Destroyed live tcp sockets for uids={10272} in 11ms
11-19 15:38:01.794   922  2733 I bthal.activity: bt_power: LeAdvStat: 15:37:58:607 - 15:38:01:793, duration: 3186, le_adv_count: 7, total_le_adv_count: 70311, total_event_count: 7
11-19 15:38:02.998   971   971 I WifiHAL : Creating message to get link statistics; iface = 47
11-19 15:38:03.101   971   971 I WifiHAL : index: 0 per_rate_size 32, data_rem_len 1152
11-19 15:38:03.101   971   971 I WifiHAL : index: 1 per_rate_size 32, data_rem_len 1120
11-19 15:38:03.101   971   971 I WifiHAL : index: 2 per_rate_size 32, data_rem_len 1088
11-19 15:38:03.101   971   971 I WifiHAL : index: 3 per_rate_size 32, data_rem_len 1056
11-19 15:38:03.101   971   971 I WifiHAL : index: 4 per_rate_size 32, data_rem_len 1024
11-19 15:38:03.101   971   971 I WifiHAL : index: 5 per_rate_size 32, data_rem_len 992
11-19 15:38:03.101   971   971 I WifiHAL : index: 6 per_rate_size 32, data_rem_len 960
11-19 15:38:03.101   971   971 I WifiHAL : index: 7 per_rate_size 32, data_rem_len 928
11-19 15:38:03.101   971   971 I WifiHAL : index: 8 per_rate_size 32, data_rem_len 896
11-19 15:38:03.101   971   971 I WifiHAL : index: 9 per_rate_size 32, data_rem_len 864
11-19 15:38:03.101   971   971 I WifiHAL : index: 10 per_rate_size 32, data_rem_len 832
11-19 15:38:03.101   971   971 I WifiHAL : index: 11 per_rate_size 32, data_rem_len 800
11-19 15:38:03.101   971   971 I WifiHAL : index: 12 per_rate_size 32, data_rem_len 768
11-19 15:38:03.101   971   971 I WifiHAL : index: 13 per_rate_size 32, data_rem_len 736
11-19 15:38:03.101   971   971 I WifiHAL : index: 14 per_rate_size 32, data_rem_len 704
11-19 15:38:03.101   971   971 I WifiHAL : index: 15 per_rate_size 32, data_rem_len 672
11-19 15:38:03.101   971   971 I WifiHAL : index: 16 per_rate_size 32, data_rem_len 640
11-19 15:38:03.101   971   971 I WifiHAL : index: 17 per_rate_size 32, data_rem_len 608
11-19 15:38:03.101   971   971 I WifiHAL : index: 18 per_rate_size 32, data_rem_len 576
11-19 15:38:03.101   971   971 I WifiHAL : index: 19 per_rate_size 32, data_rem_len 544
11-19 15:38:03.101   971   971 I WifiHAL : index: 20 per_rate_size 32, data_rem_len 512
11-19 15:38:03.101   971   971 I WifiHAL : index: 21 per_rate_size 32, data_rem_len 480
11-19 15:38:03.101   971   971 I WifiHAL : index: 22 per_rate_size 32, data_rem_len 448
11-19 15:38:03.101   971   971 I WifiHAL : index: 23 per_rate_size 32, data_rem_len 416
11-19 15:38:03.101   971   971 I WifiHAL : index: 24 per_rate_size 32, data_rem_len 384
11-19 15:38:03.101   971   971 I WifiHAL : index: 25 per_rate_size 32, data_rem_len 352
11-19 15:38:03.101   971   971 I WifiHAL : index: 26 per_rate_size 32, data_rem_len 320
11-19 15:38:03.101   971   971 I WifiHAL : index: 27 per_rate_size 32, data_rem_len 288
11-19 15:38:03.101   971   971 I WifiHAL : index: 28 per_rate_size 32, data_rem_len 256
11-19 15:38:03.101   971   971 I WifiHAL : index: 29 per_rate_size 32, data_rem_len 224
11-19 15:38:03.101   971   971 I WifiHAL : index: 30 per_rate_size 32, data_rem_len 192
11-19 15:38:03.101   971   971 I WifiHAL : index: 31 per_rate_size 32, data_rem_len 160
11-19 15:38:03.101   971   971 I WifiHAL : index: 32 per_rate_size 32, data_rem_len 128
11-19 15:38:03.101   971   971 I WifiHAL : index: 33 per_rate_size 32, data_rem_len 96
11-19 15:38:03.101   971   971 I WifiHAL : index: 34 per_rate_size 32, data_rem_len 64
11-19 15:38:03.101   971   971 I WifiHAL : index: 35 per_rate_size 32, data_rem_len 32
11-19 15:38:03.102   971   971 E libbinder.IPCThreadState: binder thread pool (1 threads) starved for 104 ms
11-19 15:38:03.103   971   971 I WifiHAL : Getting cached scan results, iface handle = 0xb4000070e08aa2d0
11-19 15:38:03.103   971   971 E WifiHAL : Creating message to get cached scan results
11-19 15:38:03.115   971   971 I WifiHAL : In GetCachedScanResultsCommand::handleResponse
11-19 15:38:03.183  1473  2120 D ConnectivityService: NetReassign [no changes] [c 5] [a 3] [i 7]
11-19 15:38:03.201 19106 18165 I NearbyMediums: No BLE Fast/GATT advertisements found in the latest cycle.
11-19 15:38:03.201 19106 18165 I NearbyMediums: Current Tracked Scanning Clients are : {NearbyConnections.EnvironmentMonitor, NearbySharing, NearbyConnections.TxAdvertisement}
11-19 15:38:03.544  2359  2627 D TemperatureStateSource: sequence=13723 actualDelay=10002
11-19 15:38:03.545  2359  2627 D TemperatureStateSource: Reading temperature: sequence=13724
11-19 15:38:03.552 20365 20365 I pixel-thermal: VIRTUAL-SKIN-MODEL: model_input: [27244.00 28455.00 27454.00 27966.00 28233.00 27743.00 28656.00 27291.00 ]
11-19 15:38:03.552 20365 20365 I native  : I0000 00:00:1763584683.552205   20365 thermal_tflite_wrapper.cc:261] ThermalTfliteInvoke
11-19 15:38:03.552 20365 20365 I pixel-thermal: VIRTUAL-SKIN-MODEL: model_output: [26949.8 ]
11-19 15:38:03.552 20365 20365 I pixel-thermal: VIRTUAL-SKIN-MODEL: predicted_value: [26949.8 ]
11-19 15:38:03.553 20365 20365 I pixel-thermal: Power data LPM_ACTIVE_RAILS_TRANS is under collecting
11-19 15:38:03.553 20365 20365 I pixel-thermal: ShutdownModePowerTrans data is under collecting
11-19 15:38:03.553 20365 20365 I pixel-thermal: Thermal sensor ShutdownModePowerTrans is under collecting
11-19 15:38:03.553 20365 20365 I pixel-thermal: Power data LPM_ACTIVE_RAILS_STEADY is under collecting
11-19 15:38:03.553 20365 20365 I pixel-thermal: ShutdownModePowerSteady data is under collecting
11-19 15:38:03.553 20365 20365 I pixel-thermal: Thermal sensor ShutdownModePowerSteady is under collecting
11-19 15:38:03.553 20365 20365 I pixel-thermal: VIRTUAL-SKIN:26.7778 raw data: VIRTUAL-SKIN:26777.8 VIRTUAL-SKIN-LEGACY:27085.9 VIRTUAL-SKIN-LEGACY-MODEL-DIFF:136.123 VIRTUAL-SKIN-LEGACY-SHUTDOWN:0 VIRTUAL-SKIN-MODEL:26949.8 VIRTUAL-SKIN-MODEL-CLAMPED:26949.8 VIRTUAL-SKIN-MODEL-LEGACY-DIFF:-136.123 VIRTUAL-SKIN-MODEL-UPDATED:26777.8 VIRTUAL-SKIN-MODEL-UPPER-CLAMPED:26949.8 VIRTUAL-SKIN-SUB-0:22762.7 VIRTUAL-SKIN-SUB-1:25549 VIRTUAL-SKIN-SUB-2:27012.2 VIRTUAL-SKIN-SUB-3:26752.9 VIRTUAL-SKIN-SUB-4:24385.3 VIRTUAL-SKIN-SUB-5:27085.9 VIRTUAL-SKIN-SUB-6:26965.2 VT_LEGACY_WEIGHT:0 VT_MODEL_WEIGHT:1 btmspkr_therm:27244 charging_therm:28455 disp_therm:27454 north_therm:27966 quiet_therm:28233 rfpa_therm:27743 soc_therm:28656 usb_pwr_therm:27291 
11-19 15:38:03.554  2359  2627 D TemperatureStateSource: getDeviceTemperatures: sequence=13724 deviceTemperatureType=3 temperatureSource=0 temperatures=[26.777792]
11-19 15:38:03.554  2359  2627 D BusinessScope: Enqueuing the block
11-19 15:38:03.554  2359  2627 D TemperatureStateSource: sequence=13724 waitTime=10000
11-19 15:38:03.554  2359  2627 D BusinessScope: Start running the #27562 block
11-19 15:38:03.557 20365 20365 I pixel-thermal: Power data LPM_ACTIVE_RAILS_TRANS is under collecting
11-19 15:38:03.557 20365 20365 I pixel-thermal: ShutdownModePowerTrans data is under collecting
11-19 15:38:03.557 20365 20365 I pixel-thermal: Thermal sensor ShutdownModePowerTrans is under collecting
11-19 15:38:03.558 20365 20365 I pixel-thermal: Power data LPM_ACTIVE_RAILS_STEADY is under collecting
11-19 15:38:03.558 20365 20365 I pixel-thermal: ShutdownModePowerSteady data is under collecting
11-19 15:38:03.558 20365 20365 I pixel-thermal: Thermal sensor ShutdownModePowerSteady is under collecting
11-19 15:38:03.558 20365 20365 I pixel-thermal: VIRTUAL-SKIN:26.7778 raw data: VIRTUAL-SKIN:26777.8 
11-19 15:38:03.558  2359  2627 I TemperatureStateSource: temperature was set
11-19 15:38:03.558  2359  2627 D BusinessScope: Enqueuing the block
11-19 15:38:03.558  2359  2627 D ImpulseStateSource: Notify clients: 13778
11-19 15:38:03.558  2359  2627 D BusinessScope: Finish running the #27562 block
11-19 15:38:03.559  2359  2627 D BusinessScope: Start running the #27563 block
11-19 15:38:03.559  2359  3677 D BusinessScope: Finish running the #27563 block
11-19 15:38:04.377 19106 20110 I NearbyDiscovery: (REDACTED) BloomFilterAdvManager: Detected bloom filter but too far away, ignoring. %sm, %s
11-19 15:38:04.915 19106 19106 D BoundBrokerSvc: onUnbind: Intent { act=com.google.android.gms.libs.gmscorelogger.service.START dat=chimera-action:/... xflg=0x4 cmp=com.google.android.gms/.chimera.PersistentDirectBootAwareApiService }
