11-17 17:49:00.657  1473  1711 V WindowManager: Sent Transition (#775) createdAt=11-17 17:49:00.604 via request=TransitionRequestInfo { type = OPEN, triggerTask = TaskInfo{userId=0 taskId=3534 effectiveUid=10507 displayId=0 isRunning=true baseIntent=Intent { act=android.intent.action.MAIN cat=[android.intent.category.LAUNCHER] flg=0x10200000 cmp=com.example.vitruvianredux.debug/com.example.vitruvianredux.MainActivity } baseActivity=ComponentInfo{com.example.vitruvianredux.debug/com.example.vitruvianredux.MainActivity} topActivity=ComponentInfo{com.example.vitruvianredux.debug/com.example.vitruvianredux.MainActivity} origActivity=null realActivity=ComponentInfo{com.example.vitruvianredux.debug/com.example.vitruvianredux.MainActivity} numActivities=1 lastActiveTime=162278226 supportsMultiWindow=true resizeMode=1 isResizeable=true minWidth=-1 minHeight=-1 defaultMinSize=220 token=WCT{RemoteToken{ce56c4d Task{b879e87 #3534 type=standard A=10507:com.example.vitruvianredux.debug}}} topActivityType=1 pictureInPictureParams=null shouldDockBigOverlays=false launchIntoPipHostTaskId=-1 lastParentTaskIdBeforePip=-1 displayCutoutSafeInsets=Rect(0, 153 - 0, 0) topActivityInfo=ActivityInfo{53cc302 com.example.vitruvianredux.MainActivity} launchCookies=[android.os.BinderProxy@3d5d413] positionInParent=Point(0, 0) parentTaskId=-1 isFocused=false isVisible=false isVisibleRequested=false isTopActivityNoDisplay=false isSleeping=false locusId=null displayAreaFeatureId=1 isTopActivityTransparent=false isActivityStackTransparent=false lastNonFullscreenBounds=Rect(236, 613 - 725, 1573) capturedLink=null capturedLinkTimestamp=0 requestedVisibleTypes=-9 topActivityRequestOpenInBrowserEducationTimestamp=0 appCompatTaskInfo=AppCompatTaskInfo { topActivityInSizeCompat=false eligibleForLetterboxEducation= false isLetterboxEducationEnabled= false isLetterboxDoubleTapEnabled= false eligibleForUserAspectRatioButton= false topActivityBoundsLetterboxed= false isFromLetterboxDoubleTap= false topActivityLetterboxVerticalPosition= -1 topActivityLetterboxHorizontalPosition= -1 topActivityLetterboxWidth=-1 topActivityLetterboxHeight=-1 topActivityAppBounds=Rect(0, 0 - 960, 2142) isUserFullscreenOverrideEnabled=false isSystemFullscreenOverrideEnabled=false hasMinAspectRatioOverride=false topActivityLetterboxBounds=null cameraCompatTaskInfo=CameraCompatTaskInfo { freeformCameraCompatMode=inactiveundefined} topNonResizableActivityAspectRatio=-1.0} topActivityMainWindowFrame=null isAppBubble=false}, pipChange = null, remoteTransition = RemoteTransition { remoteTransition = android.window.IRemoteTransition$Stub$Proxy@2298049, appThread = android.app.IApplicationThread$Stub$Proxy@2380d4e, debugName = QuickstepLaunch }, displayChange = null, flags = 0, debugId = 775 }
11-17 17:49:00.657  1473  1711 V WindowManager:     startWCT=WindowContainerTransaction { changes= {} hops= [] errorCallbackToken=null taskFragmentOrganizer=null }
11-17 17:49:00.657  1473  1711 V WindowManager:     info={id=775 t=OPEN f=0x0 trk=0 r=[0@Point(0, 0)] c=[
11-17 17:49:00.657  1473  1711 V WindowManager:         {WCT{RemoteToken{ce56c4d Task{b879e87 #3534 type=standard A=10507:com.example.vitruvianredux.debug}}} m=OPEN f=NONE leash=Surface(name=Task=3534)/@0xb3e011 sb=Rect(0, 0 - 960, 2142) eb=Rect(0, 0 - 960, 2142) epz=Point(960, 2142) d=0 taskParent=-1 winMode=1},
11-17 17:49:00.657  1473  1711 V WindowManager:         {WCT{RemoteToken{d576e3b Task{a72a061 #1 type=home}}} m=TO_BACK f=SHOW_WALLPAPER leash=Surface(name=Task=1)/@0xa3721d0 sb=Rect(0, 0 - 960, 2142) eb=Rect(0, 0 - 960, 2142) epz=Point(960, 2142) d=0 taskParent=-1 winMode=1},
11-17 17:49:00.657  1473  1711 V WindowManager:         {m=TO_BACK f=IS_WALLPAPER leash=Surface(name=WallpaperWindowToken{1a1d81b})/@0xf5b5282 sb=Rect(0, 0 - 960, 2142) eb=Rect(0, 0 - 960, 2142) epz=Point(960, 2142) d=0}
11-17 17:49:00.657  1473  1711 V WindowManager:     ]}
11-17 17:49:00.658  2215 19756 V WindowManagerShell: onTransitionReady(transaction=6326486923111)
11-17 17:49:00.658  2215  2247 V WindowManagerShell: onTransitionReady (#775) android.os.BinderProxy@af17351: {id=775 t=OPEN f=0x0 trk=0 r=[0@Point(0, 0)] c=[
11-17 17:49:00.658  2215  2247 V WindowManagerShell:         {m=OPEN f=NONE leash=Surface(name=Task=3534)/@0x78cb03e sb=Rect(0, 0 - 960, 2142) eb=Rect(0, 0 - 960, 2142) epz=Point(960, 2142) d=0 taskParent=-1 winMode=1},
11-17 17:49:00.658  2215  2247 V WindowManagerShell:         {m=TO_BACK f=SHOW_WALLPAPER leash=Surface(name=Task=1)/@0x28e1e9f sb=Rect(0, 0 - 960, 2142) eb=Rect(0, 0 - 960, 2142) epz=Point(960, 2142) d=0 taskParent=-1 winMode=1},
11-17 17:49:00.658  2215  2247 V WindowManagerShell:         {m=TO_BACK f=IS_WALLPAPER leash=Surface(name=WallpaperWindowToken{1a1d81b})/@0x1d1abec sb=Rect(0, 0 - 960, 2142) eb=Rect(0, 0 - 960, 2142) epz=Point(960, 2142) d=0}
11-17 17:49:00.658  2215  2247 V WindowManagerShell:     ]}
11-17 17:49:00.658  2215  2247 V WindowManagerShell: Playing animation for (#775) android.os.BinderProxy@af17351@0
11-17 17:49:00.658  2215  2247 V WindowManagerShell:  try firstHandler com.android.wm.shell.transition.DefaultMixedHandler@7932c1a
11-17 17:49:00.658  2215  2247 V WindowManagerShell: Mixed transition for opening an intent with a remote transition and PIP or Desktop #775
11-17 17:49:00.658  2215  2247 V WindowManagerShell: tryAnimateOpenIntentWithRemoteAndPipOrDesktop
11-17 17:49:00.658  2215  2247 V WindowManagerShell:  Delegate animation for (#775) to RemoteTransition { remoteTransition = android.window.IRemoteTransition$Stub$Proxy@a88f38d, appThread = android.app.IApplicationThread$Stub$Proxy@292d942, debugName = QuickstepLaunch }
11-17 17:49:00.659  2215  2247 V WindowManagerShell:  animated by firstHandler
11-17 17:49:00.666  1473  2175 D BackgroundInstallControlService: Package event received: 0
11-17 17:49:00.679  2215  2247 V ShellStartingWindow: RSO:Transaction applied for task=3534
11-17 17:49:00.793  1473  2175 D BackgroundInstallControlService: Package event received: 0
11-17 17:49:00.794  1473  3874 D ActivityManager: sync unfroze 5289 com.google.android.rkpdapp for 6
11-17 17:49:00.794  5289  5289 D ActivityThread: Package [com.example.vitruvianredux.debug] reported as REPLACED, but missing application info. Assuming REMOVED.
11-17 17:49:00.795  5289  5289 D ActivityThread: Package [com.example.vitruvianredux.debug] reported as REPLACED, but missing application info. Assuming REMOVED.
11-17 17:49:00.795  5289  5289 D ActivityThread: Package [com.example.vitruvianredux.debug] reported as REPLACED, but missing application info. Assuming REMOVED.
11-17 17:49:00.795  5289  5289 D ActivityThread: Package [com.example.vitruvianredux.debug] reported as REPLACED, but missing application info. Assuming REMOVED.
11-17 17:49:00.796  5289  5289 D ActivityThread: Package [com.example.vitruvianredux.debug] reported as REPLACED, but missing application info. Assuming REMOVED.
11-17 17:49:00.796  5289  5289 D ActivityThread: Package [com.example.vitruvianredux.debug] reported as REPLACED, but missing application info. Assuming REMOVED.
11-17 17:49:00.797  1473  2175 D BackgroundInstallControlService: Package event received: 0
11-17 17:49:00.890  1473  4231 I AppsFilter: interaction: PackageSetting{177d903 com.example.vitruvianredux.debug/10507} -> PackageSetting{7c78ae4 com.google.android.apps.nexuslauncher/10245} BLOCKED
11-17 17:49:00.891  1473  2175 D BackgroundInstallControlService: Package event received: 0
11-17 17:49:00.891  1473  2175 D BackgroundInstallControlService: Package event received: 0
11-17 17:49:00.893  3606  3644 I DisplayManager: Choreographer implicitly registered for the refresh rate.
11-17 17:49:00.948  1473  4231 D CoreBackPreview: Window{e30186 u0 com.example.vitruvianredux.debug/com.example.vitruvianredux.MainActivity}: Setting back callback OnBackInvokedCallbackInfo{mCallback=android.window.IOnBackInvokedCallback$Stub$Proxy@ed49b3f, mPriority=-1, mIsAnimationCallback=false, mOverrideBehavior=0}
11-17 17:49:01.068  2215  2247 V ShellStartingWindow: RSO:Receive removal info for task=3534
11-17 17:49:01.080     0     0 I trusty  : INFO: system/keymint/ta/src/lib.rs:1000 add 64 bytes of entropy
11-17 17:49:01.095  1473  1714 I DisplayDeviceRepository: Display device changed render timings: "Built-in Screen", renderFrameRate=60.00001, presentationDeadlineNanos=11500000, appVsyncOffsetNanos=6233328, frameRateOverrides=[{uid=10234 frameRateHz=60.00001}, {uid=10245 frameRateHz=60.00001}, {uid=10507 frameRateHz=60.00001}]
11-17 17:49:01.109  1473  2043 W PackageConfigPersister: App-specific configuration not found for packageName: com.example.vitruvianredux.debug and userId: 0
11-17 17:49:01.197  2215  2247 V WindowManagerShell: Transition animation finished (aborted=false), notifying core (#775) android.os.BinderProxy@af17351@0
11-17 17:49:01.198  1473  1711 V WindowManager: Finish Transition (#775): created at 11-17 17:49:00.604 collect-started=0.057ms request-sent=4.222ms started=5.663ms ready=50.433ms sent=51.866ms commit=23.562ms finished=594.27ms
11-17 17:49:01.200  2215  2247 V WindowManagerShell: Track 0 became idle
11-17 17:49:01.200  2215  2247 V WindowManagerShell: All active transition animations finished
11-17 17:49:01.213  2215  2247 D Bubbles : onLocusVisibilityChanged=Overview|DISABLED visible=false taskId=1
11-17 17:49:01.233  1473  2175 D BackgroundInstallControlService: Package event received: 0
11-17 17:49:01.647  1473  1714 I DisplayDeviceRepository: Display device changed render timings: "Built-in Screen", renderFrameRate=60.00001, presentationDeadlineNanos=11500000, appVsyncOffsetNanos=6233328, frameRateOverrides=[{uid=10245 frameRateHz=60.00001}, {uid=10507 frameRateHz=60.00001}]
11-17 17:49:02.371  1473  1714 I DisplayDeviceRepository: Display device changed render timings: "Built-in Screen", renderFrameRate=60.00001, presentationDeadlineNanos=11500000, appVsyncOffsetNanos=6233328, frameRateOverrides=[{uid=10507 frameRateHz=60.00001}]
11-17 17:49:02.719  1473  2048 D ActivityManager: sync unfroze 19660 com.google.android.apps.weather for 6
11-17 17:49:02.735  1473  2048 D ActivityManager: sync unfroze 6841 com.google.android.contacts for 6
11-17 17:49:02.738  1473  2048 D ActivityManager: sync unfroze 7486 com.google.android.apps.pixel.relationships for 6
11-17 17:49:02.756  1473  2048 D ActivityManager: sync unfroze 6228 com.android.vending for 6
11-17 17:49:02.783  7486  7486 D ActivityThread: Package [com.example.vitruvianredux.debug] reported as REPLACED, but missing application info. Assuming REMOVED.
11-17 17:49:02.784  7486  7486 D ActivityThread: Package [com.example.vitruvianredux.debug] reported as REPLACED, but missing application info. Assuming REMOVED.
11-17 17:49:02.786 19660 19660 D ActivityThread: Package [com.example.vitruvianredux.debug] reported as REPLACED, but missing application info. Assuming REMOVED.
11-17 17:49:02.797 19660 19660 D ActivityThread: Package [com.example.vitruvianredux.debug] reported as REPLACED, but missing application info. Assuming REMOVED.
11-17 17:49:02.798 19660 19660 D ActivityThread: Package [com.example.vitruvianredux.debug] reported as REPLACED, but missing application info. Assuming REMOVED.
11-17 17:49:02.798 19660 19660 D ActivityThread: Package [com.example.vitruvianredux.debug] reported as REPLACED, but missing application info. Assuming REMOVED.
11-17 17:49:02.799 19660 19660 D ActivityThread: Package [com.example.vitruvianredux.debug] reported as REPLACED, but missing application info. Assuming REMOVED.
11-17 17:49:02.800 19660 19660 D ActivityThread: Package [com.example.vitruvianredux.debug] reported as REPLACED, but missing application info. Assuming REMOVED.
11-17 17:49:02.800 19660 19660 D ActivityThread: Package [com.example.vitruvianredux.debug] reported as REPLACED, but missing application info. Assuming REMOVED.
11-17 17:49:02.801 19660 19660 D ActivityThread: Package [com.example.vitruvianredux.debug] reported as REPLACED, but missing application info. Assuming REMOVED.
11-17 17:49:02.828  6841  6841 D ActivityThread: Package [com.example.vitruvianredux.debug] reported as REPLACED, but missing application info. Assuming REMOVED.
11-17 17:49:02.830  6841  6841 D ActivityThread: Package [com.example.vitruvianredux.debug] reported as REPLACED, but missing application info. Assuming REMOVED.
11-17 17:49:03.071  1473  2043 D CoreBackPreview: Window{1bce293 u0 com.example.vitruvianredux.debug/com.example.vitruvianredux.MainActivity}: Setting back callback OnBackInvokedCallbackInfo{mCallback=android.window.IOnBackInvokedCallback$Stub$Proxy@e7f420c, mPriority=-1, mIsAnimationCallback=false, mOverrideBehavior=0}
11-17 17:49:03.071  1473  2043 D CoreBackPreview: Window{1bce293 u0 com.example.vitruvianredux.debug/com.example.vitruvianredux.MainActivity}: Setting back callback OnBackInvokedCallbackInfo{mCallback=android.window.IOnBackInvokedCallback$Stub$Proxy@396f755, mPriority=0, mIsAnimationCallback=true, mOverrideBehavior=0}
11-17 17:49:03.108  1473  2175 D BackgroundInstallControlService: Package event received: 0
11-17 17:49:03.117  1473  1714 I DisplayDeviceRepository: Display device changed render timings: "Built-in Screen", renderFrameRate=60.00001, presentationDeadlineNanos=11500000, appVsyncOffsetNanos=6233328, frameRateOverrides=[{uid=10234 frameRateHz=60.00001}, {uid=10245 frameRateHz=60.00001}, {uid=10507 frameRateHz=60.00001}]
11-17 17:49:03.149  1473  1714 I DisplayDeviceRepository: Display device changed render timings: "Built-in Screen", renderFrameRate=60.00001, presentationDeadlineNanos=11500000, appVsyncOffsetNanos=6233328, frameRateOverrides=[{uid=1000 frameRateHz=60.00001}, {uid=10234 frameRateHz=60.00001}, {uid=10245 frameRateHz=60.00001}, {uid=10507 frameRateHz=60.00001}]
11-17 17:49:03.183  1473  4231 W PackageConfigPersister: App-specific configuration not found for packageName: com.example.vitruvianredux.debug and userId: 0
11-17 17:49:03.231  1473  1725 D ActivityManager: sync unfroze 7715 com.google.android.projection.gearhead:shared for 3
11-17 17:49:03.235  1473  1725 D ActivityManager: sync unfroze 8692 com.google.android.projection.gearhead:car for 10
11-17 17:49:03.235  1473  1725 D ActivityManager: sync unfroze 7222 com.google.android.projection.gearhead:provider for 10
11-17 17:49:03.236  1473  1725 D ActivityManager: sync unfroze 20083 com.google.android.projection.gearhead:projection for 10
11-17 17:49:03.236  1473  1725 D ActivityManager: sync unfroze 6572 com.google.android.projection.gearhead:watchdog for 10
11-17 17:49:03.239  1473  1725 D ActivityManager: sync unfroze 1450 com.google.android.apps.wearables.maestro.companion for 3
11-17 17:49:03.250  1473  1725 D ActivityManager: sync unfroze 30061 com.google.android.googlequicksearchbox:googleapp for 10
11-17 17:49:03.256  1473  1725 D ActivityManager: sync unfroze 30760 com.google.android.webview:sandboxed_process0:org.chromium.content.app.SandboxedProcessService0:0 for 10
11-17 17:49:03.284  1473  1725 D CompatChangeReporter: Compat change id reported: 151861875; UID 10466; state: ENABLED
11-17 17:49:03.307  1473  1727 I ActivityManager: Start proc 3708:com.microsoft.teams/u0a466 for broadcast {com.microsoft.teams/com.microsoft.skype.teams.app.BluetoothBroadcastReceiver}
11-17 17:49:03.382  1473  1714 I DisplayDeviceRepository: Display device changed render timings: "Built-in Screen", renderFrameRate=60.00001, presentationDeadlineNanos=11500000, appVsyncOffsetNanos=6233328, frameRateOverrides=[{uid=10245 frameRateHz=60.00001}, {uid=10507 frameRateHz=60.00001}]
11-17 17:49:03.559  1473  4230 D ActivityManager: sync unfroze 13231 com.microsoft.windowsintune.companyportal:omadm_client_process for 7
11-17 17:49:03.576 13231 13231 D ActivityThread: Package [com.example.vitruvianredux.debug] reported as REPLACED, but missing application info. Assuming REMOVED.
11-17 17:49:03.577 13231 13231 D ActivityThread: Package [com.example.vitruvianredux.debug] reported as REPLACED, but missing application info. Assuming REMOVED.
11-17 17:49:03.640  1473  2175 D BackgroundInstallControlService: Package event received: 0
11-17 17:49:03.760  1473  2175 D BackgroundInstallControlService: Package event received: 0
11-17 17:49:04.016  1473  1714 I DisplayDeviceRepository: Display device changed render timings: "Built-in Screen", renderFrameRate=60.00001, presentationDeadlineNanos=11500000, appVsyncOffsetNanos=6233328, frameRateOverrides=[{uid=10507 frameRateHz=60.00001}]
11-17 17:49:04.254  1473  2175 D BackgroundInstallControlService: Package event received: 0
11-17 17:49:04.280  1473  1727 I ActivityManager: Start proc 3854:com.azure.authenticator:auth/u0a354 for content provider {com.azure.authenticator/com.microsoft.identity.client.BrokerContentProvider}
11-17 17:49:04.452  1473  2845 D CompatChangeReporter: Compat change id reported: 297989574; UID 10354; state: ENABLED
11-17 17:49:04.561  1473  1725 D ActivityManager: sync unfroze 26469 com.google.android.deskclock for 3
11-17 17:49:04.578 26469 26469 D ActivityThread: Package [com.example.vitruvianredux.debug] reported as REPLACED, but missing application info. Assuming REMOVED.
11-17 17:49:04.579 26469 26469 D ActivityThread: Package [com.example.vitruvianredux.debug] reported as REPLACED, but missing application info. Assuming REMOVED.
11-17 17:49:04.579 26469 26469 D ActivityThread: Package [com.example.vitruvianredux.debug] reported as REPLACED, but missing application info. Assuming REMOVED.
11-17 17:49:04.581 26469 26469 D ActivityThread: Package [com.example.vitruvianredux.debug] reported as REPLACED, but missing application info. Assuming REMOVED.
11-17 17:49:04.582 26469 26469 D ActivityThread: Package [com.example.vitruvianredux.debug] reported as REPLACED, but missing application info. Assuming REMOVED.
11-17 17:49:04.584 26469 26469 D ActivityThread: Package [com.example.vitruvianredux.debug] reported as REPLACED, but missing application info. Assuming REMOVED.
11-17 17:49:04.584 26469 26469 D ActivityThread: Package [com.example.vitruvianredux.debug] reported as REPLACED, but missing application info. Assuming REMOVED.
11-17 17:49:04.585 26469 26469 D ActivityThread: Package [com.example.vitruvianredux.debug] reported as REPLACED, but missing application info. Assuming REMOVED.
11-17 17:49:04.588 26469 26469 D ActivityThread: Package [com.example.vitruvianredux.debug] reported as REPLACED, but missing application info. Assuming REMOVED.
11-17 17:49:04.588 26469 26469 D ActivityThread: Package [com.example.vitruvianredux.debug] reported as REPLACED, but missing application info. Assuming REMOVED.
11-17 17:49:04.589 26469 26469 D ActivityThread: Package [com.example.vitruvianredux.debug] reported as REPLACED, but missing application info. Assuming REMOVED.
11-17 17:49:04.592 26469 26469 D ActivityThread: Package [com.example.vitruvianredux.debug] reported as REPLACED, but missing application info. Assuming REMOVED.
11-17 17:49:04.612  1473  3874 D CompatChangeReporter: Compat change id reported: 319212206; UID 10354; state: ENABLED
11-17 17:49:04.631  1473  3874 D CompatChangeReporter: Compat change id reported: 311402873; UID 10466; state: ENABLED
11-17 17:49:04.632  1473  3874 D CompatChangeReporter: Compat change id reported: 323349338; UID 10466; state: ENABLED
11-17 17:49:04.853  1473  2175 D BackgroundInstallControlService: Package event received: 0
11-17 17:49:04.854  1473  2175 D BackgroundInstallControlService: Package event received: 0
11-17 17:49:04.916  1473  4230 D ActivityManager: sync unfroze 19149 com.microsoft.windowsintune.companyportal.omadm_client_process for 7
11-17 17:49:04.934 19149 19149 D ActivityThread: Package [com.example.vitruvianredux.debug] reported as REPLACED, but missing application info. Assuming REMOVED.
11-17 17:49:04.940 19149 19149 D ActivityThread: Package [com.example.vitruvianredux.debug] reported as REPLACED, but missing application info. Assuming REMOVED.
11-17 17:49:05.291  1473  1763 I AppsFilter: interaction: PackageSetting{177d903 com.example.vitruvianredux.debug/10507} -> PackageSetting{2fa75ed com.microsoft.teams/10466} BLOCKED
11-17 17:49:05.292  1473  1763 I AppsFilter: interaction: PackageSetting{144149f com.google.android.microdroid.empty_payload/10268} -> PackageSetting{2fa75ed com.microsoft.teams/10466} BLOCKED
11-17 17:49:05.292  1473  1763 I AppsFilter: interaction: PackageSetting{a3f69ec com.pitpulse.app/10397} -> PackageSetting{2fa75ed com.microsoft.teams/10466} BLOCKED
11-17 17:49:05.292  1473  1763 I AppsFilter: interaction: PackageSetting{daf38d8 com.example.pitpulseandroid.debug/10479} -> PackageSetting{2fa75ed com.microsoft.teams/10466} BLOCKED
11-17 17:49:05.308  1473  2172 D ShortcutService: received package broadcast intent: Intent { act=android.intent.action.PACKAGE_CHANGED dat=package: flg=0x45000010 (has extras) }
11-17 17:49:05.308  1473  2172 D ShortcutService: changing package: com.microsoft.teams userId=0
11-17 17:49:05.324  1473  2175 D BackgroundInstallControlService: Package event received: 0
11-17 17:49:05.326  1473  2196 D ActivityManager: sync unfroze 3048 com.google.android.permissioncontroller for 6
11-17 17:49:05.331  1473  2175 D BackgroundInstallControlService: Package event received: 0
11-17 17:49:05.338  1473  2087 W AccessibilitySecurityPolicy: Skipping accessibility service com.vzw.hss.myverizon/com.vz.assisttouch.services.AssistiveTouchService: it does not require the permission android.permission.BIND_ACCESSIBILITY_SERVICE
11-17 17:49:05.338  1473  4231 W AppOpService: Ignored setUidMode call for runtime permission app op: uid = 10174, code = READ_CELL_BROADCASTS, mode = allow, callingUid = 1001, oldMode = allow
11-17 17:49:05.344  1473  2087 V AccessibilityUserState: updateShortcutTargets: type:accessibility_shortcut_target_service, current:{}, new:{}
11-17 17:49:05.345  1473  2087 V AccessibilityUserState: updateShortcutTargets: type:accessibility_qs_targets, current:{com.android.server.accessibility/ReduceBrightColors}, new:{com.android.server.accessibility/ReduceBrightColors}
11-17 17:49:05.345  1473  2087 V AccessibilityUserState: updateShortcutTargets: type:accessibility_button_targets, current:{}, new:{}
11-17 17:49:05.345  1473  2087 V AccessibilityUserState: updateShortcutTargets: type:accessibility_gesture_targets, current:{}, new:{}
11-17 17:49:05.345  1473  2087 V AccessibilityUserState: updateShortcutTargets: type:accessibility_key_gesture_targets, current:{}, new:{}
11-17 17:49:05.345  1473  2087 V AccessibilityManagerService: onUserStateChangedLocked for userId: 0, forceUpdate: false
11-17 17:49:05.346  1473  4797 W AppOpService: Ignored setUidMode call for runtime permission app op: uid = 1001, code = READ_SMS, mode = allow, callingUid = 1001, oldMode = allow
11-17 17:49:05.348  1473  4797 W AppOpService: Ignored setUidMode call for runtime permission app op: uid = 1001, code = RECEIVE_SMS, mode = allow, callingUid = 1001, oldMode = allow
11-17 17:49:05.348  1473  4797 W AppOpService: Ignored setUidMode call for runtime permission app op: uid = 1001, code = RECEIVE_WAP_PUSH, mode = allow, callingUid = 1001, oldMode = allow
11-17 17:49:05.349  1473  2043 W AppOpService: Ignored setUidMode call for runtime permission app op: uid = 1001, code = SEND_SMS, mode = allow, callingUid = 1001, oldMode = allow
11-17 17:49:05.350  1473  2043 W AppOpService: Ignored setUidMode call for runtime permission app op: uid = 1001, code = READ_CELL_BROADCASTS, mode = allow, callingUid = 1001, oldMode = allow
11-17 17:49:05.357  1473  2087 V AccessibilityUserState: updateShortcutTargets: type:accessibility_shortcut_target_service, current:{}, new:{}
11-17 17:49:05.357  1473  2087 V AccessibilityUserState: updateShortcutTargets: type:accessibility_button_targets, current:{}, new:{}
11-17 17:49:05.357  1473  2087 V AccessibilityUserState: updateShortcutTargets: type:accessibility_gesture_targets, current:{}, new:{}
11-17 17:49:05.360  1473  2087 V AccessibilityUserState: updateShortcutTargets: type:accessibility_qs_targets, current:{com.android.server.accessibility/ReduceBrightColors}, new:{com.android.server.accessibility/ReduceBrightColors}
11-17 17:49:05.360  1473  2087 V AccessibilityUserState: updateShortcutTargets: type:accessibility_key_gesture_targets, current:{}, new:{}
11-17 17:49:05.360  1473  2087 W MagnificationConnectionManager: requestConnection duplicated request: connect=false, mConnectionState=DISCONNECTED
11-17 17:49:05.372  1473  4230 W AppOpService: Ignored setUidMode call for runtime permission app op: uid = 10174, code = READ_CELL_BROADCASTS, mode = allow, callingUid = 1001, oldMode = allow
11-17 17:49:05.375  1473  4230 W AppOpService: Ignored setUidMode call for runtime permission app op: uid = 1001, code = READ_SMS, mode = allow, callingUid = 1001, oldMode = allow
11-17 17:49:05.376  1473  2845 W AppOpService: Ignored setUidMode call for runtime permission app op: uid = 1001, code = RECEIVE_SMS, mode = allow, callingUid = 1001, oldMode = allow
11-17 17:49:05.377  1473  2845 W AppOpService: Ignored setUidMode call for runtime permission app op: uid = 1001, code = RECEIVE_WAP_PUSH, mode = allow, callingUid = 1001, oldMode = allow
11-17 17:49:05.377  1473  2845 W AppOpService: Ignored setUidMode call for runtime permission app op: uid = 1001, code = SEND_SMS, mode = allow, callingUid = 1001, oldMode = allow
11-17 17:49:05.377  1473  2043 W AppOpService: Ignored setUidMode call for runtime permission app op: uid = 1001, code = READ_CELL_BROADCASTS, mode = allow, callingUid = 1001, oldMode = allow
11-17 17:49:05.516  1473  2059 D ActivityManager: freezing 24815 com.google.android.apps.privacy.wildlife
11-17 17:49:05.726  1473  2845 D CoreBackPreview: Window{1bce293 u0 com.example.vitruvianredux.debug/com.example.vitruvianredux.MainActivity}: Setting back callback null
11-17 17:49:05.757  1473  1714 V WindowManager: Unknown focus tokens, dropping reportFocusChanged
11-17 17:49:05.765  1473  1714 I DisplayDeviceRepository: Display device changed render timings: "Built-in Screen", renderFrameRate=60.00001, presentationDeadlineNanos=11500000, appVsyncOffsetNanos=6233328, frameRateOverrides=[{uid=1000 frameRateHz=60.00001}, {uid=10234 frameRateHz=60.00001}, {uid=10245 frameRateHz=60.00001}, {uid=10507 frameRateHz=60.00001}]
11-17 17:49:05.782  1473  4231 W PackageConfigPersister: App-specific configuration not found for packageName: com.example.vitruvianredux.debug and userId: 0
11-17 17:49:05.882  1473  1714 I DisplayDeviceRepository: Display device changed render timings: "Built-in Screen", renderFrameRate=60.00001, presentationDeadlineNanos=11500000, appVsyncOffsetNanos=6233328, frameRateOverrides=[{uid=10234 frameRateHz=60.00001}, {uid=10245 frameRateHz=60.00001}, {uid=10507 frameRateHz=60.00001}]
11-17 17:49:05.931  1473  1714 I DisplayDeviceRepository: Display device changed render timings: "Built-in Screen", renderFrameRate=60.00001, presentationDeadlineNanos=11500000, appVsyncOffsetNanos=6233328, frameRateOverrides=[{uid=10245 frameRateHz=60.00001}, {uid=10507 frameRateHz=60.00001}]
11-17 17:49:06.015  1473  1714 I DisplayDeviceRepository: Display device changed render timings: "Built-in Screen", renderFrameRate=60.00001, presentationDeadlineNanos=11500000, appVsyncOffsetNanos=6233328, frameRateOverrides=[{uid=10245 frameRateHz=60.00001}]
11-17 17:49:06.654  1473  1714 I DisplayDeviceRepository: Display device changed render timings: "Built-in Screen", renderFrameRate=60.00001, presentationDeadlineNanos=11500000, appVsyncOffsetNanos=6233328, frameRateOverrides=[]
11-17 17:49:07.773  1473  2059 D ActivityManager: freezing 21512 com.android.settings
11-17 17:49:07.777  1473  2059 D ActivityManager: freezing 3314 com.google.android.apps.wellbeing
11-17 17:49:07.778  1473  2059 D ActivityManager: freezing 29957 com.google.android.settings.intelligence
11-17 17:49:07.780  1473  2059 D ActivityManager: freezing 25760 com.android.keychain
11-17 17:49:07.781  1473  2059 D ActivityManager: freezing 31464 com.android.DeviceAsWebcam
11-17 17:49:08.699  1473  2043 D CompatChangeReporter: Compat change id reported: 311208629; UID 10466; state: ENABLED
11-17 17:49:09.777  1473  2059 D ActivityManager: freezing 20478 com.google.android.flipendo
11-17 17:49:09.789  1473  2059 D ActivityManager: freezing 17173 com.google.android.turboadapter
11-17 17:49:09.828  1473  2059 D ActivityManager: freezing 23849 com.google.android.apps.pixel.dcservice
11-17 17:49:09.849  1473  2059 D ActivityManager: freezing 17636 net.slickdeals.android
11-17 17:49:10.486  1473  4230 D ActivityManager: sync unfroze 26708 android.process.acore for 7
11-17 17:49:10.493  1473  2175 D BackgroundInstallControlService: Package event received: 0
11-17 17:49:10.494  1473  2175 D BackgroundInstallControlService: Package event received: 0
11-17 17:49:10.494  1473  2175 D BackgroundInstallControlService: Package event received: 0
11-17 17:49:10.494  1473  2175 D BackgroundInstallControlService: Package event received: 0
11-17 17:49:10.506 26708 26708 D ActivityThread: Package [com.example.vitruvianredux.debug] reported as REPLACED, but missing application info. Assuming REMOVED.
11-17 17:49:10.508 26708 26708 D ActivityThread: Package [com.example.vitruvianredux.debug] reported as REPLACED, but missing application info. Assuming REMOVED.
11-17 17:49:10.512 26708 26742 W Looper  : Slow delivery took 103790ms android.bg app=android.process.acore main=false group=FOREGROUND h=android.database.sqlite.SQLiteConnectionPool$IdleConnectionHandler c=null m=0
11-17 17:49:10.555  1473  2043 W ProcessStats: Tracking association SourceState{93f90b0 com.android.phone/1001 BFgs #186488} whose proc state 4 is better than process ProcessState{1ded417 com.google.android.euicc/10128 pkg=com.google.android.euicc} proc state 15 (44 skipped)
11-17 17:49:10.809  1473  2059 D ActivityManager: freezing 5289 com.google.android.rkpdapp
11-17 17:49:11.232  1473  1725 D ActivityManager: sync unfroze 17636 net.slickdeals.android for 3
11-17 17:49:11.281  1473  2175 D BackgroundInstallControlService: Package event received: 0
11-17 17:49:12.946  1473  2059 D ActivityManager: freezing 6841 com.google.android.contacts
11-17 17:49:13.777  1473  1736 D BatteryStatsImpl: Reading cpu stats took 124ms
11-17 17:49:14.569  1473  2059 D ActivityManager: freezing 26469 com.google.android.deskclock
11-17 17:49:14.641  1473  2059 D ActivityManager: freezing 19660 com.google.android.apps.weather
11-17 17:49:15.958  1473  2059 D ActivityManager: freezing 6228 com.android.vending
11-17 17:49:16.782   507  3463 I keystore2: system/security/keystore2/watchdog/src/lib.rs:371 - Watchdog thread idle -> terminating. Have a great day.
11-17 17:49:17.890  1473  2059 D ActivityManager: freezing 7486 com.google.android.apps.pixel.relationships
11-17 17:49:21.311  1473  2059 D ActivityManager: freezing 17636 net.slickdeals.android
11-17 17:49:21.609  1473  2059 D ActivityManager: freezing 19149 com.microsoft.windowsintune.companyportal.omadm_client_process
11-17 17:49:22.340  1473  2059 D ActivityManager: freezing 3854 com.azure.authenticator:auth
11-17 17:49:23.784  1473  2175 D BackgroundInstallControlService: Package event received: 0
11-17 17:49:25.395  1473  2059 D ActivityManager: freezing 3048 com.google.android.permissioncontroller
11-17 17:49:31.598  1473  2481 D CoreBackPreview: Window{e30186 u0 com.example.vitruvianredux.debug/com.example.vitruvianredux.MainActivity}: Setting back callback OnBackInvokedCallbackInfo{mCallback=android.window.IOnBackInvokedCallback$Stub$Proxy@ba4b7e0, mPriority=0, mIsAnimationCallback=true, mOverrideBehavior=0}
11-17 17:49:31.699  1473  1714 I DisplayDeviceRepository: Display device changed render timings: "Built-in Screen", renderFrameRate=60.00001, presentationDeadlineNanos=11500000, appVsyncOffsetNanos=6233328, frameRateOverrides=[{uid=10507 frameRateHz=60.00001}]
11-17 17:49:33.302  1473  2059 D ActivityManager: freezing 1450 com.google.android.apps.wearables.maestro.companion
11-17 17:49:33.307  1473  2059 D ActivityManager: freezing 30061 com.google.android.googlequicksearchbox:googleapp
11-17 17:49:33.316  1473  2059 D ActivityManager: freezing 30760 com.google.android.webview:sandboxed_process0:org.chromium.content.app.SandboxedProcessService0:0
11-17 17:49:33.318  1473  2059 D ActivityManager: freezing 1019 com.google.android.gms.unstable
11-17 17:49:33.323  1473  2059 D ActivityManager: freezing 16383 com.android.systemui:screenshot
11-17 17:49:33.330  1473  2059 D ActivityManager: freezing 8692 com.google.android.projection.gearhead:car
11-17 17:49:33.333  1473  2059 D ActivityManager: freezing 7715 com.google.android.projection.gearhead:shared
11-17 17:49:33.335  1473  2059 D ActivityManager: freezing 7222 com.google.android.projection.gearhead:provider
11-17 17:49:33.338  1473  2059 D ActivityManager: freezing 20083 com.google.android.projection.gearhead:projection
11-17 17:49:33.339  1473  2059 D ActivityManager: freezing 6572 com.google.android.projection.gearhead:watchdog
11-17 17:49:33.626  1473  1754 I DisplayPowerController[0]: BrightnessEvent: brt=0.03402081(58.0%), nits=71.59842, lux=38.419487, reason=automatic, strat=AutomaticBrightnessStrategy, state=ON, stateReason=DEFAULT_POLICY, policy=BRIGHT, flags=, initBrt=0.007252272, rcmdBrt=0.03402081, preBrt=0.007252272, preLux=1.3023878, lastReadLux=38.419487, wasShortTermModelActive=false, autoBrightness=true (default), unclampedBrt=0.03402081, hbmMax=0.2922917, hbmMode=off, thrmMax=1.0, rbcStrength=35, powerFactor=1.0, physDisp=Built-in Screen(local:4619827359057144832), logicalId=0, slowChange=true, rampSpeed=0.05
11-17 17:49:33.631  1473  1714 I BrightnessSynchronizer: [2148] New Update 0.03402081(f) set brightness values:  10(i)
11-17 17:49:33.636  1473  1714 I BrightnessSynchronizer: Swallowing update of 10(i) by update: {[2148] 0.03402081(f), mUpdatedTypes=1, mConfirmedTypes=1, mTimeUpdated=70925033}
11-17 17:49:33.636  1473  1714 I BrightnessSynchronizer: Completed Update: {[2148] 0.03402081(f), mUpdatedTypes=1, mConfirmedTypes=1, mTimeUpdated=70925033}
11-17 17:49:33.827  1473  2059 D ActivityManager: freezing 3708 com.microsoft.teams
11-17 17:49:33.832  1473  2059 D ActivityManager: freezing 13231 com.microsoft.windowsintune.companyportal:omadm_client_process
11-17 17:49:34.561  1473  1714 I DisplayDeviceRepository: Display device changed render timings: "Built-in Screen", renderFrameRate=60.00001, presentationDeadlineNanos=11500000, appVsyncOffsetNanos=6233328, frameRateOverrides=[]
11-17 17:49:36.245  1473  1754 I DisplayPowerController[0]: BrightnessEvent: brt=0.020496685(46.0%), nits=43.93241, lux=4.850088, reason=automatic, strat=AutomaticBrightnessStrategy, state=ON, stateReason=DEFAULT_POLICY, policy=BRIGHT, flags=, initBrt=0.03402081, rcmdBrt=0.020496685, preBrt=0.03402081, preLux=38.419487, lastReadLux=4.78186, wasShortTermModelActive=false, autoBrightness=true (default), unclampedBrt=0.020496685, hbmMax=0.2922917, hbmMode=off, thrmMax=1.0, rbcStrength=35, powerFactor=1.0, physDisp=Built-in Screen(local:4619827359057144832), logicalId=0, slowChange=true, rampSpeed=0.05
11-17 17:49:36.250  1473  1714 I BrightnessSynchronizer: [2149] New Update 0.020496685(f) set brightness values:  6(i)
11-17 17:49:36.263  1473  1714 I BrightnessSynchronizer: Swallowing update of 6(i) by update: {[2149] 0.020496685(f), mUpdatedTypes=1, mConfirmedTypes=1, mTimeUpdated=70927653}
11-17 17:49:36.263  1473  1714 I BrightnessSynchronizer: Completed Update: {[2149] 0.020496685(f), mUpdatedTypes=1, mConfirmedTypes=1, mTimeUpdated=70927653}
11-17 17:49:38.270  1473  2059 D ActivityManager: freezing 31865 com.google.android.euicc
11-17 17:49:40.648  1473  1754 I DisplayPowerController[0]: BrightnessEvent: brt=0.0029546095(17.0%), nits=8.044803, lux=0.42852905, reason=automatic, strat=AutomaticBrightnessStrategy, state=ON, stateReason=DEFAULT_POLICY, policy=BRIGHT, flags=, initBrt=0.020496685, rcmdBrt=0.0029546095, preBrt=0.020496685, preLux=4.850088, lastReadLux=0.42852908, wasShortTermModelActive=false, autoBrightness=true (default), unclampedBrt=0.0029546095, hbmMax=0.2922917, hbmMode=off, thrmMax=1.0, rbcStrength=35, powerFactor=1.0, physDisp=Built-in Screen(local:4619827359057144832), logicalId=0, slowChange=true, rampSpeed=0.05
11-17 17:49:40.651  1473  1714 I BrightnessSynchronizer: [2150] New Update 0.0029546095(f) set brightness values:  2(i)
11-17 17:49:40.655  1473  1714 I BrightnessSynchronizer: Swallowing update of 2(i) by update: {[2150] 0.0029546095(f), mUpdatedTypes=1, mConfirmedTypes=1, mTimeUpdated=70932054}
11-17 17:49:40.655  1473  1714 I BrightnessSynchronizer: Completed Update: {[2150] 0.0029546095(f), mUpdatedTypes=1, mConfirmedTypes=1, mTimeUpdated=70932054}
11-17 17:49:45.842  1473  1714 I DisplayDeviceRepository: Display device changed render timings: "Built-in Screen", renderFrameRate=60.00001, presentationDeadlineNanos=11500000, appVsyncOffsetNanos=6233328, frameRateOverrides=[{uid=10507 frameRateHz=60.00001}]
11-17 17:49:46.590  1473  2059 D ActivityManager: freezing 26708 android.process.acore
11-17 17:49:49.020  1473  1725 D ActivityManager: sync unfroze 30061 com.google.android.googlequicksearchbox:googleapp for 3
11-17 17:49:49.022  1473  1725 D ActivityManager: sync unfroze 30760 com.google.android.webview:sandboxed_process0:org.chromium.content.app.SandboxedProcessService0:0 for 3
11-17 17:49:49.061  1473  2048 D ActivityManager: sync unfroze 32540 com.google.android.apps.photos for 6
11-17 17:49:49.094 32540 32540 D ActivityThread: Package [com.example.vitruvianredux.debug] reported as REPLACED, but missing application info. Assuming REMOVED.
11-17 17:49:49.097 32540 32540 D ActivityThread: Package [com.example.vitruvianredux.debug] reported as REPLACED, but missing application info. Assuming REMOVED.
11-17 17:49:49.097 32540 32540 D ActivityThread: Package [com.example.vitruvianredux.debug] reported as REPLACED, but missing application info. Assuming REMOVED.
11-17 17:49:49.097 32540 32540 D ActivityThread: Package [com.example.vitruvianredux.debug] reported as REPLACED, but missing application info. Assuming REMOVED.
11-17 17:49:49.097 32540 32540 D ActivityThread: Package [com.example.vitruvianredux.debug] reported as REPLACED, but missing application info. Assuming REMOVED.
11-17 17:49:49.097 32540 32540 D ActivityThread: Package [com.example.vitruvianredux.debug] reported as REPLACED, but missing application info. Assuming REMOVED.
11-17 17:49:49.098 32540 32540 D ActivityThread: Package [com.example.vitruvianredux.debug] reported as REPLACED, but missing application info. Assuming REMOVED.
11-17 17:49:49.098 32540 32540 D ActivityThread: Package [com.example.vitruvianredux.debug] reported as REPLACED, but missing application info. Assuming REMOVED.
11-17 17:49:49.098 32540 32540 D ActivityThread: Package [com.example.vitruvianredux.debug] reported as REPLACED, but missing application info. Assuming REMOVED.
11-17 17:49:49.098 32540 32540 D ActivityThread: Package [com.example.vitruvianredux.debug] reported as REPLACED, but missing application info. Assuming REMOVED.
11-17 17:49:49.110  1473  4230 W AppOps  : Noting op not finished: uid 10187 pkg com.google.android.gms code 113 startTime of in progress event=1763393592325
11-17 17:49:49.120  1473  2043 W AppOps  : Noting op not finished: uid 10187 pkg com.google.android.gms code 79 startTime of in progress event=1763393592325
11-17 17:49:49.124  1473  4797 W ProcessStats: Tracking association SourceState{4594985 system/1000 ImpBg #186562} whose proc state 6 is better than process ProcessState{e260675 com.google.android.apps.photos/10224 pkg=com.google.android.apps.photos} proc state 15 (0 skipped)
11-17 17:49:49.134  1473  2043 W AppOps  : Noting op not finished: uid 10187 pkg com.google.android.gms code 79 startTime of in progress event=1763393592325
11-17 17:49:49.145  1473  2043 W AppOps  : Noting op not finished: uid 10187 pkg com.google.android.gms code 113 startTime of in progress event=1763393592325
11-17 17:49:49.323  1473  2175 D BackgroundInstallControlService: Package event received: 0
11-17 17:49:49.539  1473  2043 W AppOps  : Noting op not finished: uid 10159 pkg com.google.android.apps.scone code 79 startTime of in progress event=1763392878408
11-17 17:49:49.554  1473  2845 W AppOps  : Noting op not finished: uid 10153 pkg com.google.android.apps.safetyhub code 79 startTime of in progress event=1763402738756
11-17 17:49:49.610  1473  1754 I DisplayPowerController[0]: BrightnessEvent: brt=0.0014305242(12.0%), nits=4.926703, lux=0.16492298, reason=automatic, strat=AutomaticBrightnessStrategy, state=ON, stateReason=DEFAULT_POLICY, policy=BRIGHT, flags=, initBrt=0.0029546095, rcmdBrt=0.0014305242, preBrt=0.0029546095, preLux=0.42852905, lastReadLux=0.16492298, wasShortTermModelActive=false, autoBrightness=true (default), unclampedBrt=0.0014305242, hbmMax=0.2922917, hbmMode=off, thrmMax=1.0, rbcStrength=35, powerFactor=1.0, physDisp=Built-in Screen(local:4619827359057144832), logicalId=0, slowChange=true, rampSpeed=0.05
11-17 17:49:49.613  1473  1714 I BrightnessSynchronizer: [2151] New Update 0.0014305242(f) set brightness values:  1(i)
11-17 17:49:49.616  1473  1714 I BrightnessSynchronizer: Swallowing update of 1(i) by update: {[2151] 0.0014305242(f), mUpdatedTypes=1, mConfirmedTypes=1, mTimeUpdated=70941016}
11-17 17:49:49.616  1473  1714 I BrightnessSynchronizer: Completed Update: {[2151] 0.0014305242(f), mUpdatedTypes=1, mConfirmedTypes=1, mTimeUpdated=70941016}
11-17 17:49:50.112  1473  2845 W AppOps  : Noting op not finished: uid 10187 pkg com.google.android.gms code 113 startTime of in progress event=1763393592325
11-17 17:49:50.199  1473  1714 I DisplayDeviceRepository: Display device changed render timings: "Built-in Screen", renderFrameRate=60.00001, presentationDeadlineNanos=11500000, appVsyncOffsetNanos=6233328, frameRateOverrides=[]
11-17 17:49:50.207  1473  1714 I DisplayDeviceRepository: Display device changed render timings: "Built-in Screen", renderFrameRate=60.00001, presentationDeadlineNanos=11500000, appVsyncOffsetNanos=6233328, frameRateOverrides=[{uid=10507 frameRateHz=60.000004}]
11-17 17:49:50.216  1473  1714 I DisplayDeviceRepository: Display device changed render timings: "Built-in Screen", renderFrameRate=60.000004, presentationDeadlineNanos=11500002, appVsyncOffsetNanos=6233328, frameRateOverrides=[{uid=10507 frameRateHz=60.000004}]
11-17 17:49:50.217  1473  1712 D WindowManager: DeferredDisplayUpdater: partially applying DisplayInfo(960 x 2142) immediately
11-17 17:49:50.945  1473  4231 I ActivityManager: Background started FGS: Allowed [callingPackage: com.example.vitruvianredux.debug; callingUid: 10507; uidState: TOP ; uidBFSL: [BFSL]; intent: Intent { act=com.example.vitruvianredux.START_WORKOUT xflg=0x4 cmp=com.example.vitruvianredux.debug/com.example.vitruvianredux.service.WorkoutForegroundService (has extras) }; code:PROC_STATE_TOP; tempAllowListReason:<null>; allowWiu:12; targetSdkVersion:36; callerTargetSdkVersion:36; startForegroundCount:0; bindFromPackage:null: isBindService:false]
11-17 17:49:50.992  1473  2175 D BackgroundInstallControlService: Package event received: 0
11-17 17:49:51.534  1473  2845 W JobScheduler: Job didn't exist in JobStore: 6dbc9e7 {androidx.work.systemjobscheduler} #u0a186/70192 @androidx.work.systemjobscheduler@com.google.android.googlequicksearchbox/androidx.work.impl.background.systemjob.SystemJobService
11-17 17:49:52.132  1473  1714 I DisplayDeviceRepository: Display device changed render timings: "Built-in Screen", renderFrameRate=60.000004, presentationDeadlineNanos=11500002, appVsyncOffsetNanos=6233328, frameRateOverrides=[]
11-17 17:49:53.164  1473  1714 I DisplayDeviceRepository: Display device changed render timings: "Built-in Screen", renderFrameRate=60.000004, presentationDeadlineNanos=11500002, appVsyncOffsetNanos=6233328, frameRateOverrides=[{uid=10507 frameRateHz=60.000004}]
11-17 17:49:53.914  1473  1714 I DisplayDeviceRepository: Display device changed render timings: "Built-in Screen", renderFrameRate=60.000004, presentationDeadlineNanos=11500002, appVsyncOffsetNanos=6233328, frameRateOverrides=[]
11-17 17:49:54.830  1473  1714 I DisplayDeviceRepository: Display device changed render timings: "Built-in Screen", renderFrameRate=60.000004, presentationDeadlineNanos=11500002, appVsyncOffsetNanos=6233328, frameRateOverrides=[{uid=10507 frameRateHz=60.000004}]
11-17 17:49:56.005  1473  1473 I SoundTriggerHelper: Recognition success
11-17 17:49:56.005  1473  2043 I SoundTriggerMiddlewareLogging: RECOGNITION (1, PhraseRecognitionEventSys{phraseRecognitionEvent: PhraseRecognitionEvent{common: RecognitionEvent{status: 0, type: 0, captureAvailable: true, captureDelayMs: 0, capturePreambleMs: 0, triggerInData: false, audioConfig: AudioConfig{base: AudioConfigBase{sampleRate: 16000, channelMask: AudioChannelLayout.layoutMask(3), format: AudioFormatDescription{type: 1, pcm: 1, encoding: }}, offloadInfo: AudioOffloadInfo{base: AudioConfigBase{sampleRate: 0, channelMask: AudioChannelLayout.none(0), format: AudioFormatDescription{type: 0, pcm: 0, encoding: }}, streamType: -2, bitRatePerSecond: 0, durationUs: 0, hasVideo: false, isStreaming: false, bitWidth: 16, offloadBufferSize: 0, usage: -1, encapsulationMode: -1, contentId: 0, syncId: 0}, frameCount: 0}, data: [], recognitionStillActive: false}, phraseExtras: [PhraseRecognitionExtra{id: 101, recognitionModes: 1, confidenceLevel: 0, levels: []}]}, halEventReceivedMillis: 162333622021958, token: android.os.Binder@a59354e}, 1633)
11-17 17:49:56.415  1473  4231 I AS.FadeOutManager: unfadeOutUid() uid:10507
11-17 17:49:56.474  1473  4231 E AppOps  : attributionTag  not declared in manifest of com.example.vitruvianredux.debug
11-17 17:49:56.475  1473  2845 E AppOps  : attributionTag  not declared in manifest of com.example.vitruvianredux.debug
11-17 17:49:56.583  1473  2845 W AppOps  : Noting op not finished: uid 10507 pkg com.example.vitruvianredux.debug code 154 startTime of in progress event=1763419796475
11-17 17:49:56.586  1473  2845 I AS.FadeOutManager: unfadeOutUid() uid:10507
11-17 17:49:56.590  1473  4231 E AppOps  : attributionTag  not declared in manifest of com.example.vitruvianredux.debug
11-17 17:49:56.592  1473  2481 E AppOps  : attributionTag  not declared in manifest of com.example.vitruvianredux.debug
11-17 17:49:56.634  1473  4231 E AppOps  : attributionTag  not declared in manifest of com.example.vitruvianredux.debug
11-17 17:49:56.634  1473  2043 E AppOps  : attributionTag  not declared in manifest of com.example.vitruvianredux.debug
11-17 17:49:56.635  1473  4231 E AppOps  : attributionTag  not declared in manifest of com.example.vitruvianredux.debug
11-17 17:49:56.635  1473  2043 E AppOps  : attributionTag  not declared in manifest of com.example.vitruvianredux.debug
11-17 17:49:57.444 16873 16900 I AlwaysOnHotwordDetector: onRejected
11-17 17:49:57.445 16873 16939 I AlwaysOnHotwordDetector: handle message 6
11-17 17:49:57.475  1473  2175 D BackgroundInstallControlService: Package event received: 0
11-17 17:49:57.490  1473  2845 I SoundTriggerMiddlewareLogging: START_RECOGNITION (1, RecognitionConfig{captureRequested: true, phraseRecognitionExtras: [PhraseRecognitionExtra{id: 101, recognitionModes: 1, confidenceLevel: 0, levels: []}], audioCapabilities: 0, data: []}) -> android.os.Binder@6777c4c
11-17 17:49:57.490  1473  2845 I SoundTriggerHelper: startRecognition successful.
11-17 17:49:58.350  1473  4231 I AS.FadeOutManager: unfadeOutUid() uid:10507
11-17 17:49:58.399  1473  4231 E AppOps  : attributionTag  not declared in manifest of com.example.vitruvianredux.debug
11-17 17:49:58.399  1473  4231 E AppOps  : attributionTag  not declared in manifest of com.example.vitruvianredux.debug
11-17 17:49:58.471  1473  2845 E AppOps  : attributionTag  not declared in manifest of com.example.vitruvianredux.debug
11-17 17:49:58.471  1473  4231 E AppOps  : attributionTag  not declared in manifest of com.example.vitruvianredux.debug
11-17 17:49:58.504  1473  2845 I AS.FadeOutManager: unfadeOutUid() uid:10507
11-17 17:49:58.505  1473  4797 E AppOps  : attributionTag  not declared in manifest of com.example.vitruvianredux.debug
11-17 17:49:58.506  1473  4797 E AppOps  : attributionTag  not declared in manifest of com.example.vitruvianredux.debug
11-17 17:49:58.544  1473  4231 E AppOps  : attributionTag  not declared in manifest of com.example.vitruvianredux.debug
11-17 17:49:58.544  1473  4231 E AppOps  : attributionTag  not declared in manifest of com.example.vitruvianredux.debug
11-17 17:49:59.800  1473  1725 D ActivityManager: sync unfroze 20478 com.google.android.flipendo for 3
11-17 17:49:59.802  1473  1725 D ActivityManager: sync unfroze 23849 com.google.android.apps.pixel.dcservice for 3
11-17 17:50:00.152  1473  4231 I AS.FadeOutManager: unfadeOutUid() uid:10507
11-17 17:50:00.203  1473  4797 E AppOps  : attributionTag  not declared in manifest of com.example.vitruvianredux.debug
11-17 17:50:00.204  1473  4231 E AppOps  : attributionTag  not declared in manifest of com.example.vitruvianredux.debug
11-17 17:50:00.278  1473  4231 E AppOps  : attributionTag  not declared in manifest of com.example.vitruvianredux.debug
11-17 17:50:00.279  1473  2845 E AppOps  : attributionTag  not declared in manifest of com.example.vitruvianredux.debug
11-17 17:50:00.312  1473  4231 I AS.FadeOutManager: unfadeOutUid() uid:10507
11-17 17:50:00.314  1473  4231 E AppOps  : attributionTag  not declared in manifest of com.example.vitruvianredux.debug
11-17 17:50:00.316  1473  2845 E AppOps  : attributionTag  not declared in manifest of com.example.vitruvianredux.debug
11-17 17:50:00.504  1473  2845 E AppOps  : attributionTag  not declared in manifest of com.example.vitruvianredux.debug
11-17 17:50:00.505  1473  4797 E AppOps  : attributionTag  not declared in manifest of com.example.vitruvianredux.debug
